******************************************************************************
                  TI ARM Linker PC v15.12.1                    
******************************************************************************
>> Linked Tue Aug 16 23:40:00 2016

OUTPUT FILE NAME:   <Lab2.out>
ENTRY POINT SYMBOL: "_c_int00"  address: 00000bb1


MEMORY CONFIGURATION

         name            origin    length      used     unused   attr    fill
----------------------  --------  ---------  --------  --------  ----  --------
  FLASH                 00000000   00040000  0000116a  0003ee96  R  X
  SRAM                  20000000   00008000  000004a0  00007b60  RW X


SEGMENT ALLOCATION MAP

run origin  load origin   length   init length attrs members
----------  ----------- ---------- ----------- ----- -------
00000000    00000000    0000116c   0000116c    r-x
  00000000    00000000    0000026c   0000026c    r-- .intvecs
  0000026c    0000026c    00000c3e   00000c3e    r-x .text
  00000eac    00000eac    0000025c   0000025c    r-- .const
  00001108    00001108    00000064   00000064    r-- .cinit
20000000    20000000    000004a0   00000000    rw-
  20000000    20000000    0000026c   00000000    rw- .vtable
  2000026c    2000026c    00000200   00000000    rw- .stack
  2000046c    2000046c    00000024   00000000    rw- .data
  20000490    20000490    00000010   00000000    rw- .bss


SECTION ALLOCATION MAP

 output                                  attributes/
section   page    origin      length       input sections
--------  ----  ----------  ----------   ----------------
.intvecs   0    00000000    0000026c     
                  00000000    0000026c     tm4c123gh6pm_startup_ccs.obj (.intvecs)

.text      0    0000026c    00000c3e     
                  0000026c    00000244     buttons.obj (.text)
                  000004b0    00000132     driverlib.lib : gpio.obj (.text:GPIOPadConfigSet)
                  000005e2    00000002     rtsv7M4_T_le_v4SPD16_eabi.lib : mpu_init.obj (.text)
                  000005e4    00000110     driverlib.lib : sysctl.obj (.text:SysCtlClockGet)
                  000006f4    000000f4                   : sysctl.obj (.text:SysCtlClockSet)
                  000007e8    000000b4     lab2.obj (.text)
                  0000089c    0000009c     rtsv7M4_T_le_v4SPD16_eabi.lib : memcpy_t2.obj (.text)
                  00000938    0000007a                                   : memset_t2.obj (.text)
                  000009b2    00000002                                   : startup.obj (.text)
                  000009b4    00000070                                   : autoinit.obj (.text)
                  00000a24    0000006a                                   : copy_decompress_rle.obj (.text)
                  00000a8e    00000002     --HOLE-- [fill = 0]
                  00000a90    00000068     driverlib.lib : interrupt.obj (.text:IntEnable)
                  00000af8    00000060                   : timer.obj (.text:TimerConfigure)
                  00000b58    00000056                   : gpio.obj (.text:GPIOIntTypeSet)
                  00000bae    00000002     --HOLE-- [fill = 0]
                  00000bb0    00000054     rtsv7M4_T_le_v4SPD16_eabi.lib : boot.obj (.text)
                  00000c04    00000054                                   : exit.obj (.text)
                  00000c58    0000004c                                   : cpy_tbl.obj (.text)
                  00000ca4    00000040     driverlib.lib : gpio.obj (.text:_GPIOIntNumberGet)
                  00000ce4    00000034                   : interrupt.obj (.text:IntRegister)
                  00000d18    00000034                   : sysctl.obj (.text:SysCtlPeripheralEnable)
                  00000d4c    0000002a                   : gpio.obj (.text:GPIODirModeSet)
                  00000d76    00000018                   : gpio.obj (.text:GPIOIntRegister)
                  00000d8e    00000018                   : gpio.obj (.text:GPIOPinTypeGPIOOutput)
                  00000da6    00000002     --HOLE-- [fill = 0]
                  00000da8    00000018                   : timer.obj (.text:TimerDisable)
                  00000dc0    00000018     rtsv7M4_T_le_v4SPD16_eabi.lib : args_main.obj (.text)
                  00000dd8    00000014                                   : _lock.obj (.text)
                  00000dec    00000012     driverlib.lib : gpio.obj (.text:GPIOPinTypeGPIOInput)
                  00000dfe    00000012                   : timer.obj (.text:TimerLoadSet)
                  00000e10    00000010                   : interrupt.obj (.text:IntMasterEnable)
                  00000e20    0000000e                   : gpio.obj (.text:GPIOIntDisable)
                  00000e2e    0000000e                   : gpio.obj (.text:GPIOIntStatus)
                  00000e3c    0000000e                   : timer.obj (.text:TimerEnable)
                  00000e4a    0000000e     rtsv7M4_T_le_v4SPD16_eabi.lib : copy_decompress_none.obj (.text:decompress:none)
                  00000e58    0000000c     driverlib.lib : cpu.obj (.text:CPUcpsie)
                  00000e64    0000000c                   : gpio.obj (.text:GPIOIntEnable)
                  00000e70    0000000c     tm4c123gh6pm_startup_ccs.obj (.text)
                  00000e7c    00000008     driverlib.lib : timer.obj (.text:TimerIntEnable)
                  00000e84    00000006                   : gpio.obj (.text:GPIOIntClear)
                  00000e8a    00000006                   : gpio.obj (.text:GPIOPinRead)
                  00000e90    00000006                   : gpio.obj (.text:GPIOPinWrite)
                  00000e96    00000006                   : sysctl.obj (.text:SysCtlDelay)
                  00000e9c    00000006     rtsv7M4_T_le_v4SPD16_eabi.lib : copy_decompress_rle.obj (.text:decompress:rle24)
                  00000ea2    00000004     driverlib.lib : timer.obj (.text:TimerIntClear)
                  00000ea6    00000004     rtsv7M4_T_le_v4SPD16_eabi.lib : pre_init.obj (.text)

.const     0    00000eac    0000025c     
                  00000eac    000000c0     driverlib.lib : gpio.obj (.const:g_ppui32GPIOIntMapBlizzard)
                  00000f6c    000000c0                   : gpio.obj (.const:g_ppui32GPIOIntMapSnowflake)
                  0000102c    00000070                   : interrupt.obj (.const)
                  0000109c    0000006c                   : sysctl.obj (.const:g_pui32Xtals)

.cinit     0    00001108    00000064     
                  00001108    00000022     (.cinit..data.load) [load image, compression = rle]
                  0000112a    00000006     --HOLE-- [fill = 0]
                  00001130    0000000b     (.cinit..vtable.load) [load image, compression = rle]
                  0000113b    00000005     --HOLE-- [fill = 0]
                  00001140    00000009     (.cinit..bss.load) [load image, compression = rle]
                  00001149    00000003     --HOLE-- [fill = 0]
                  0000114c    00000008     (__TI_handler_table)
                  00001154    00000018     (__TI_cinit_table)

.init_array 
*          0    00000000    00000000     UNINITIALIZED

.vtable    0    20000000    0000026c     UNINITIALIZED
                  20000000    0000026c     driverlib.lib : interrupt.obj (.vtable)

.stack     0    2000026c    00000200     UNINITIALIZED
                  2000026c    00000200     --HOLE--

.data      0    2000046c    00000024     UNINITIALIZED
                  2000046c    0000000c     rtsv7M4_T_le_v4SPD16_eabi.lib : exit.obj (.data:$O1$$)
                  20000478    00000009     lab2.obj (.data)
                  20000481    00000002     buttons.obj (.data)
                  20000483    00000001     --HOLE--
                  20000484    00000008     rtsv7M4_T_le_v4SPD16_eabi.lib : _lock.obj (.data:$O1$$)
                  2000048c    00000004                                   : stkdepth_vars.obj (.data)

.bss       0    20000490    00000010     UNINITIALIZED
                  20000490    00000004     (.common:btn_onSW1ButtonDownHdr)
                  20000494    00000004     (.common:btn_onSW1ButtonUpHdr)
                  20000498    00000004     (.common:btn_onSW2ButtonDownHdr)
                  2000049c    00000004     (.common:btn_onSW2ButtonUpHdr)

MODULE SUMMARY

       Module                         code   ro data   rw data
       ------                         ----   -------   -------
    .\
       tm4c123gh6pm_startup_ccs.obj   12     620       0      
       buttons.obj                    580    0         18     
       lab2.obj                       180    0         9      
    +--+------------------------------+------+---------+---------+
       Total:                         772    620       27     
                                                              
    C:/ti/TivaWare_C_Series-2.1.2.111/driverlib/ccs/Debug/driverlib.lib
       gpio.obj                       622    384       0      
       interrupt.obj                  172    112       620    
       sysctl.obj                     574    108       0      
       timer.obj                      164    0         0      
       cpu.obj                        12     0         0      
    +--+------------------------------+------+---------+---------+
       Total:                         1544   604       620    
                                                              
    C:\ti\ccsv6\tools\compiler\ti-cgt-arm_15.12.1.LTS\lib\rtsv7M4_T_le_v4SPD16_eabi.lib
       memcpy_t2.obj                  156    0         0      
       memset_t2.obj                  122    0         0      
       autoinit.obj                   112    0         0      
       copy_decompress_rle.obj        112    0         0      
       exit.obj                       84     0         12     
       boot.obj                       84     0         0      
       cpy_tbl.obj                    76     0         0      
       _lock.obj                      20     0         8      
       args_main.obj                  24     0         0      
       copy_decompress_none.obj       14     0         0      
       pre_init.obj                   4      0         0      
       stkdepth_vars.obj              0      0         4      
       mpu_init.obj                   2      0         0      
       startup.obj                    2      0         0      
    +--+------------------------------+------+---------+---------+
       Total:                         812    0         24     
                                                              
       Stack:                         0      0         512    
       Linker Generated:              0      86        0      
    +--+------------------------------+------+---------+---------+
       Grand Total:                   3128   1310      1183   


LINKER GENERATED COPY TABLES

__TI_cinit_table @ 00001154 records: 3, size/record: 8, table size: 24
	.data: load addr=00001108, load size=00000022 bytes, run addr=2000046c, run size=00000024 bytes, compression=rle
	.vtable: load addr=00001130, load size=0000000b bytes, run addr=20000000, run size=0000026c bytes, compression=rle
	.bss: load addr=00001140, load size=00000009 bytes, run addr=20000490, run size=00000010 bytes, compression=rle


LINKER GENERATED HANDLER TABLE

__TI_handler_table @ 0000114c records: 2, size/record: 4, table size: 8
	index: 0, handler: __TI_decompress_rle24
	index: 1, handler: __TI_decompress_none


GLOBAL SYMBOLS: SORTED ALPHABETICALLY BY Name 

address   name                           
-------   ----                           
00000c05  C$$EXIT                        
00000e59  CPUcpsie                       
00000d4d  GPIODirModeSet                 
00000e85  GPIOIntClear                   
00000e21  GPIOIntDisable                 
00000e65  GPIOIntEnable                  
00000d77  GPIOIntRegister                
00000e2f  GPIOIntStatus                  
00000b59  GPIOIntTypeSet                 
000004b1  GPIOPadConfigSet               
00000e8b  GPIOPinRead                    
00000ded  GPIOPinTypeGPIOInput           
00000d8f  GPIOPinTypeGPIOOutput          
00000e91  GPIOPinWrite                   
00000a91  IntEnable                      
00000e11  IntMasterEnable                
00000ce5  IntRegister                    
00000e71  ResetISR                       
UNDEFED   SHT$$INIT_ARRAY$$Base          
UNDEFED   SHT$$INIT_ARRAY$$Limit         
000005e5  SysCtlClockGet                 
000006f5  SysCtlClockSet                 
00000e97  SysCtlDelay                    
00000d19  SysCtlPeripheralEnable         
00000351  Timer0IntHandler               
00000af9  TimerConfigure                 
00000da9  TimerDisable                   
00000e3d  TimerEnable                    
00000ea3  TimerIntClear                  
00000e7d  TimerIntEnable                 
00000dff  TimerLoadSet                   
2000046c  __STACK_END                    
00000200  __STACK_SIZE                   
2000046c  __STACK_TOP                    
00001154  __TI_CINIT_Base                
0000116c  __TI_CINIT_Limit               
0000114c  __TI_Handler_Table_Base        
00001154  __TI_Handler_Table_Limit       
000009b5  __TI_auto_init                 
2000046c  __TI_cleanup_ptr               
00000e4b  __TI_decompress_none           
00000e9d  __TI_decompress_rle24          
20000470  __TI_dtors_ptr                 
20000474  __TI_enable_exit_profile_output
ffffffff  __TI_pprof_out_hndl            
ffffffff  __TI_prof_data_size            
ffffffff  __TI_prof_data_start           
00000000  __TI_static_base__             
00000939  __aeabi_memclr                 
00000939  __aeabi_memclr4                
00000939  __aeabi_memclr8                
0000089d  __aeabi_memcpy                 
0000089d  __aeabi_memcpy4                
0000089d  __aeabi_memcpy8                
0000093b  __aeabi_memset                 
0000093b  __aeabi_memset4                
0000093b  __aeabi_memset8                
ffffffff  __binit__                      
ffffffff  __c_args__                     
000005e3  __mpu_init                     
2000026c  __stack                        
00000dc1  _args_main                     
00000bb1  _c_int00                       
20000484  _lock                          
00000de7  _nop                           
00000ddf  _register_lock                 
00000dd9  _register_unlock               
000009b3  _system_post_cinit             
00000ea7  _system_pre_init               
20000488  _unlock                        
00000c09  abort                          
ffffffff  binit                          
000003e1  btn_initialize                 
0000026d  btn_onButtonDown               
00000293  btn_onButtonUp                 
00000295  btn_onSW1ButtonDown            
20000490  btn_onSW1ButtonDownHdr         
000002c7  btn_onSW1ButtonUp              
20000494  btn_onSW1ButtonUpHdr           
000002f3  btn_onSW2ButtonDown            
20000498  btn_onSW2ButtonDownHdr         
00000325  btn_onSW2ButtonUp              
2000049c  btn_onSW2ButtonUpHdr           
20000481  btn_sw1_state                  
20000482  btn_sw2_state                  
00000c59  copy_in                        
20000480  delay                          
2000047c  delay_500ms                    
00000c11  exit                           
20000000  g_pfnRAMVectors                
00000000  g_pfnVectors                   
00000847  led_pin_config                 
00000853  main                           
2000048c  main_func_sp                   
0000089d  memcpy                         
00000941  memset                         
00000815  onSW1ButtonDown                
0000081f  onSW1ButtonUp                  
000007e9  onSW2ButtonDown                
00000813  onSW2ButtonUp                  
00000821  setup                          
20000479  sw2Status                      
20000478  ui8LED                         


GLOBAL SYMBOLS: SORTED BY Symbol Address 

address   name                           
-------   ----                           
00000000  __TI_static_base__             
00000000  g_pfnVectors                   
00000200  __STACK_SIZE                   
0000026d  btn_onButtonDown               
00000293  btn_onButtonUp                 
00000295  btn_onSW1ButtonDown            
000002c7  btn_onSW1ButtonUp              
000002f3  btn_onSW2ButtonDown            
00000325  btn_onSW2ButtonUp              
00000351  Timer0IntHandler               
000003e1  btn_initialize                 
000004b1  GPIOPadConfigSet               
000005e3  __mpu_init                     
000005e5  SysCtlClockGet                 
000006f5  SysCtlClockSet                 
000007e9  onSW2ButtonDown                
00000813  onSW2ButtonUp                  
00000815  onSW1ButtonDown                
0000081f  onSW1ButtonUp                  
00000821  setup                          
00000847  led_pin_config                 
00000853  main                           
0000089d  __aeabi_memcpy                 
0000089d  __aeabi_memcpy4                
0000089d  __aeabi_memcpy8                
0000089d  memcpy                         
00000939  __aeabi_memclr                 
00000939  __aeabi_memclr4                
00000939  __aeabi_memclr8                
0000093b  __aeabi_memset                 
0000093b  __aeabi_memset4                
0000093b  __aeabi_memset8                
00000941  memset                         
000009b3  _system_post_cinit             
000009b5  __TI_auto_init                 
00000a91  IntEnable                      
00000af9  TimerConfigure                 
00000b59  GPIOIntTypeSet                 
00000bb1  _c_int00                       
00000c05  C$$EXIT                        
00000c09  abort                          
00000c11  exit                           
00000c59  copy_in                        
00000ce5  IntRegister                    
00000d19  SysCtlPeripheralEnable         
00000d4d  GPIODirModeSet                 
00000d77  GPIOIntRegister                
00000d8f  GPIOPinTypeGPIOOutput          
00000da9  TimerDisable                   
00000dc1  _args_main                     
00000dd9  _register_unlock               
00000ddf  _register_lock                 
00000de7  _nop                           
00000ded  GPIOPinTypeGPIOInput           
00000dff  TimerLoadSet                   
00000e11  IntMasterEnable                
00000e21  GPIOIntDisable                 
00000e2f  GPIOIntStatus                  
00000e3d  TimerEnable                    
00000e4b  __TI_decompress_none           
00000e59  CPUcpsie                       
00000e65  GPIOIntEnable                  
00000e71  ResetISR                       
00000e7d  TimerIntEnable                 
00000e85  GPIOIntClear                   
00000e8b  GPIOPinRead                    
00000e91  GPIOPinWrite                   
00000e97  SysCtlDelay                    
00000e9d  __TI_decompress_rle24          
00000ea3  TimerIntClear                  
00000ea7  _system_pre_init               
0000114c  __TI_Handler_Table_Base        
00001154  __TI_CINIT_Base                
00001154  __TI_Handler_Table_Limit       
0000116c  __TI_CINIT_Limit               
20000000  g_pfnRAMVectors                
2000026c  __stack                        
2000046c  __STACK_END                    
2000046c  __STACK_TOP                    
2000046c  __TI_cleanup_ptr               
20000470  __TI_dtors_ptr                 
20000474  __TI_enable_exit_profile_output
20000478  ui8LED                         
20000479  sw2Status                      
2000047c  delay_500ms                    
20000480  delay                          
20000481  btn_sw1_state                  
20000482  btn_sw2_state                  
20000484  _lock                          
20000488  _unlock                        
2000048c  main_func_sp                   
20000490  btn_onSW1ButtonDownHdr         
20000494  btn_onSW1ButtonUpHdr           
20000498  btn_onSW2ButtonDownHdr         
2000049c  btn_onSW2ButtonUpHdr           
ffffffff  __TI_pprof_out_hndl            
ffffffff  __TI_prof_data_size            
ffffffff  __TI_prof_data_start           
ffffffff  __binit__                      
ffffffff  __c_args__                     
ffffffff  binit                          
UNDEFED   SHT$$INIT_ARRAY$$Base          
UNDEFED   SHT$$INIT_ARRAY$$Limit         

[103 symbols]
