******************************************************************************
                  TI ARM Linker PC v15.12.1                    
******************************************************************************
>> Linked Wed Aug 24 14:32:05 2016

OUTPUT FILE NAME:   <Lab3.out>
ENTRY POINT SYMBOL: "_c_int00"  address: 00001065


MEMORY CONFIGURATION

         name            origin    length      used     unused   attr    fill
----------------------  --------  ---------  --------  --------  ----  --------
  FLASH                 00000000   00040000  0000176c  0003e894  R  X
  SRAM                  20000000   00008000  000004b0  00007b50  RW X


SEGMENT ALLOCATION MAP

run origin  load origin   length   init length attrs members
----------  ----------- ---------- ----------- ----- -------
00000000    00000000    0000176c   0000176c    r-x
  00000000    00000000    0000026c   0000026c    r-- .intvecs
  0000026c    0000026c    000011b0   000011b0    r-x .text
  0000141c    0000141c    000002ec   000002ec    r-- .const
  00001708    00001708    00000064   00000064    r-- .cinit
20000000    20000000    000004b0   00000000    rw-
  20000000    20000000    0000026c   00000000    rw- .vtable
  2000026c    2000026c    00000200   00000000    rw- .stack
  2000046c    2000046c    00000028   00000000    rw- .data
  20000494    20000494    0000001c   00000000    rw- .bss


SECTION ALLOCATION MAP

 output                                  attributes/
section   page    origin      length       input sections
--------  ----  ----------  ----------   ----------------
.intvecs   0    00000000    0000026c     
                  00000000    0000026c     tm4c123gh6pm_startup_ccs.obj (.intvecs)

.text      0    0000026c    000011b0     
                  0000026c    000005b0     Lab3_LED.obj (.text)
                  0000081c    000001fc     buttons.obj (.text)
                  00000a18    00000132     driverlib.lib : gpio.obj (.text:GPIOPadConfigSet)
                  00000b4a    00000002     rtsv7M4_T_le_v4SPD16_eabi.lib : mpu_init.obj (.text)
                  00000b4c    00000110     driverlib.lib : sysctl.obj (.text:SysCtlClockGet)
                  00000c5c    000000f4                   : sysctl.obj (.text:SysCtlClockSet)
                  00000d50    0000009c     rtsv7M4_T_le_v4SPD16_eabi.lib : memcpy_t2.obj (.text)
                  00000dec    0000007a                                   : memset_t2.obj (.text)
                  00000e66    00000002                                   : startup.obj (.text)
                  00000e68    00000070                                   : autoinit.obj (.text)
                  00000ed8    0000006a                                   : copy_decompress_rle.obj (.text)
                  00000f42    00000002     --HOLE-- [fill = 0]
                  00000f44    00000068     driverlib.lib : interrupt.obj (.text:IntEnable)
                  00000fac    00000060                   : timer.obj (.text:TimerConfigure)
                  0000100c    00000056                   : gpio.obj (.text:GPIOIntTypeSet)
                  00001062    00000002     --HOLE-- [fill = 0]
                  00001064    00000054     rtsv7M4_T_le_v4SPD16_eabi.lib : boot.obj (.text)
                  000010b8    00000054                                   : exit.obj (.text)
                  0000110c    0000004c                                   : cpy_tbl.obj (.text)
                  00001158    00000048     driverlib.lib : gpio.obj (.text:GPIOPinConfigure)
                  000011a0    00000040                   : gpio.obj (.text:_GPIOIntNumberGet)
                  000011e0    00000034                   : interrupt.obj (.text:IntRegister)
                  00001214    00000034                   : sysctl.obj (.text:SysCtlPeripheralEnable)
                  00001248    0000002a                   : gpio.obj (.text:GPIODirModeSet)
                  00001272    00000022                   : pwm.obj (.text:PWMGenConfigure)
                  00001294    0000001e                   : pwm.obj (.text:PWMPulseWidthSet)
                  000012b2    00000018                   : gpio.obj (.text:GPIOIntRegister)
                  000012ca    00000002     --HOLE-- [fill = 0]
                  000012cc    00000018                   : timer.obj (.text:TimerDisable)
                  000012e4    00000018     rtsv7M4_T_le_v4SPD16_eabi.lib : args_main.obj (.text)
                  000012fc    00000014     driverlib.lib : sysctl.obj (.text:SysCtlPWMClockSet)
                  00001310    00000014     rtsv7M4_T_le_v4SPD16_eabi.lib : _lock.obj (.text)
                  00001324    00000012     driverlib.lib : gpio.obj (.text:GPIOPinTypeGPIOInput)
                  00001336    00000012                   : gpio.obj (.text:GPIOPinTypePWM)
                  00001348    00000012                   : pwm.obj (.text:PWMOutputState)
                  0000135a    00000012                   : timer.obj (.text:TimerLoadSet)
                  0000136c    00000010                   : interrupt.obj (.text:IntMasterEnable)
                  0000137c    00000010                   : pwm.obj (.text:PWMGenPeriodSet)
                  0000138c    0000000e                   : gpio.obj (.text:GPIOIntDisable)
                  0000139a    0000000e                   : gpio.obj (.text:GPIOIntStatus)
                  000013a8    0000000e                   : timer.obj (.text:TimerEnable)
                  000013b6    0000000e     rtsv7M4_T_le_v4SPD16_eabi.lib : copy_decompress_none.obj (.text:decompress:none)
                  000013c4    0000000c     driverlib.lib : cpu.obj (.text:CPUcpsie)
                  000013d0    0000000c                   : gpio.obj (.text:GPIOIntEnable)
                  000013dc    0000000c                   : pwm.obj (.text:PWMGenEnable)
                  000013e8    0000000c     tm4c123gh6pm_startup_ccs.obj (.text)
                  000013f4    00000008     driverlib.lib : timer.obj (.text:TimerIntEnable)
                  000013fc    00000006                   : gpio.obj (.text:GPIOIntClear)
                  00001402    00000006                   : gpio.obj (.text:GPIOPinRead)
                  00001408    00000006                   : sysctl.obj (.text:SysCtlDelay)
                  0000140e    00000006     rtsv7M4_T_le_v4SPD16_eabi.lib : copy_decompress_rle.obj (.text:decompress:rle24)
                  00001414    00000004     driverlib.lib : timer.obj (.text:TimerIntClear)
                  00001418    00000004     rtsv7M4_T_le_v4SPD16_eabi.lib : pre_init.obj (.text)

.const     0    0000141c    000002ec     
                  0000141c    000000c0     driverlib.lib : gpio.obj (.const:g_ppui32GPIOIntMapBlizzard)
                  000014dc    000000c0                   : gpio.obj (.const:g_ppui32GPIOIntMapSnowflake)
                  0000159c    00000090                   : gpio.obj (.const:g_pui32GPIOBaseAddrs)
                  0000162c    00000070                   : interrupt.obj (.const)
                  0000169c    0000006c                   : sysctl.obj (.const:g_pui32Xtals)

.cinit     0    00001708    00000064     
                  00001708    00000022     (.cinit..data.load) [load image, compression = rle]
                  0000172a    00000006     --HOLE-- [fill = 0]
                  00001730    0000000b     (.cinit..vtable.load) [load image, compression = rle]
                  0000173b    00000005     --HOLE-- [fill = 0]
                  00001740    00000009     (.cinit..bss.load) [load image, compression = rle]
                  00001749    00000003     --HOLE-- [fill = 0]
                  0000174c    00000008     (__TI_handler_table)
                  00001754    00000018     (__TI_cinit_table)

.init_array 
*          0    00000000    00000000     UNINITIALIZED

.vtable    0    20000000    0000026c     UNINITIALIZED
                  20000000    0000026c     driverlib.lib : interrupt.obj (.vtable)

.stack     0    2000026c    00000200     UNINITIALIZED
                  2000026c    00000200     --HOLE--

.data      0    2000046c    00000028     UNINITIALIZED
                  2000046c    0000000d     Lab3_LED.obj (.data)
                  20000479    00000002     buttons.obj (.data)
                  2000047b    00000001     --HOLE--
                  2000047c    0000000c     rtsv7M4_T_le_v4SPD16_eabi.lib : exit.obj (.data:$O1$$)
                  20000488    00000008                                   : _lock.obj (.data:$O1$$)
                  20000490    00000004                                   : stkdepth_vars.obj (.data)

.bss       0    20000494    0000001c     UNINITIALIZED
                  20000494    00000004     (.common:btn_onSW1ButtonDownHdr)
                  20000498    00000004     (.common:btn_onSW1ButtonUpHdr)
                  2000049c    00000004     (.common:btn_onSW2ButtonDownHdr)
                  200004a0    00000004     (.common:btn_onSW2ButtonUpHdr)
                  200004a4    00000004     (.common:ui32Load)
                  200004a8    00000004     (.common:ui32PWMClock)
                  200004ac    00000004     (.common:ui8Ad)

MODULE SUMMARY

       Module                         code   ro data   rw data
       ------                         ----   -------   -------
    .\
       Lab3_LED.obj                   1456   0         41     
       tm4c123gh6pm_startup_ccs.obj   12     620       0      
       buttons.obj                    508    0         2      
    +--+------------------------------+------+---------+---------+
       Total:                         1976   620       43     
                                                              
    C:/ti/TivaWare_C_Series-2.1.2.111/driverlib/ccs/Debug/driverlib.lib
       gpio.obj                       682    528       0      
       interrupt.obj                  172    112       620    
       sysctl.obj                     594    108       0      
       timer.obj                      164    0         0      
       pwm.obj                        110    0         0      
       cpu.obj                        12     0         0      
    +--+------------------------------+------+---------+---------+
       Total:                         1734   748       620    
                                                              
    C:\ti\ccsv6\tools\compiler\ti-cgt-arm_15.12.1.LTS\lib\rtsv7M4_T_le_v4SPD16_eabi.lib
       memcpy_t2.obj                  156    0         0      
       memset_t2.obj                  122    0         0      
       autoinit.obj                   112    0         0      
       copy_decompress_rle.obj        112    0         0      
       exit.obj                       84     0         12     
       boot.obj                       84     0         0      
       cpy_tbl.obj                    76     0         0      
       _lock.obj                      20     0         8      
       args_main.obj                  24     0         0      
       copy_decompress_none.obj       14     0         0      
       pre_init.obj                   4      0         0      
       stkdepth_vars.obj              0      0         4      
       mpu_init.obj                   2      0         0      
       startup.obj                    2      0         0      
    +--+------------------------------+------+---------+---------+
       Total:                         812    0         24     
                                                              
       Stack:                         0      0         512    
       Linker Generated:              0      86        0      
    +--+------------------------------+------+---------+---------+
       Grand Total:                   4522   1454      1199   


LINKER GENERATED COPY TABLES

__TI_cinit_table @ 00001754 records: 3, size/record: 8, table size: 24
	.data: load addr=00001708, load size=00000022 bytes, run addr=2000046c, run size=00000028 bytes, compression=rle
	.vtable: load addr=00001730, load size=0000000b bytes, run addr=20000000, run size=0000026c bytes, compression=rle
	.bss: load addr=00001740, load size=00000009 bytes, run addr=20000494, run size=0000001c bytes, compression=rle


LINKER GENERATED HANDLER TABLE

__TI_handler_table @ 0000174c records: 2, size/record: 4, table size: 8
	index: 0, handler: __TI_decompress_rle24
	index: 1, handler: __TI_decompress_none


GLOBAL SYMBOLS: SORTED ALPHABETICALLY BY Name 

address   name                           
-------   ----                           
000010b9  C$$EXIT                        
000013c5  CPUcpsie                       
00001249  GPIODirModeSet                 
000013fd  GPIOIntClear                   
0000138d  GPIOIntDisable                 
000013d1  GPIOIntEnable                  
000012b3  GPIOIntRegister                
0000139b  GPIOIntStatus                  
0000100d  GPIOIntTypeSet                 
00000a19  GPIOPadConfigSet               
00001159  GPIOPinConfigure               
00001403  GPIOPinRead                    
00001325  GPIOPinTypeGPIOInput           
00001337  GPIOPinTypePWM                 
00000f45  IntEnable                      
0000136d  IntMasterEnable                
000011e1  IntRegister                    
00001273  PWMGenConfigure                
000013dd  PWMGenEnable                   
0000137d  PWMGenPeriodSet                
00001349  PWMOutputState                 
00001295  PWMPulseWidthSet               
000013e9  ResetISR                       
UNDEFED   SHT$$INIT_ARRAY$$Base          
UNDEFED   SHT$$INIT_ARRAY$$Limit         
00000b4d  SysCtlClockGet                 
00000c5d  SysCtlClockSet                 
00001409  SysCtlDelay                    
000012fd  SysCtlPWMClockSet              
00001215  SysCtlPeripheralEnable         
0000086b  Timer0IntHandler               
00000fad  TimerConfigure                 
000012cd  TimerDisable                   
000013a9  TimerEnable                    
00001415  TimerIntClear                  
000013f5  TimerIntEnable                 
0000135b  TimerLoadSet                   
2000046c  __STACK_END                    
00000200  __STACK_SIZE                   
2000046c  __STACK_TOP                    
00001754  __TI_CINIT_Base                
0000176c  __TI_CINIT_Limit               
0000174c  __TI_Handler_Table_Base        
00001754  __TI_Handler_Table_Limit       
00000e69  __TI_auto_init                 
2000047c  __TI_cleanup_ptr               
000013b7  __TI_decompress_none           
0000140f  __TI_decompress_rle24          
20000480  __TI_dtors_ptr                 
20000484  __TI_enable_exit_profile_output
ffffffff  __TI_pprof_out_hndl            
ffffffff  __TI_prof_data_size            
ffffffff  __TI_prof_data_start           
00000000  __TI_static_base__             
00000ded  __aeabi_memclr                 
00000ded  __aeabi_memclr4                
00000ded  __aeabi_memclr8                
00000d51  __aeabi_memcpy                 
00000d51  __aeabi_memcpy4                
00000d51  __aeabi_memcpy8                
00000def  __aeabi_memset                 
00000def  __aeabi_memset4                
00000def  __aeabi_memset8                
ffffffff  __binit__                      
ffffffff  __c_args__                     
00000b4b  __mpu_init                     
2000026c  __stack                        
000012e5  _args_main                     
00001065  _c_int00                       
20000488  _lock                          
0000131f  _nop                           
00001317  _register_lock                 
00001311  _register_unlock               
00000e67  _system_post_cinit             
00001419  _system_pre_init               
2000048c  _unlock                        
000010bd  abort                          
2000046c  adjust_motor                   
ffffffff  binit                          
0000094f  btn_initialize                 
0000081d  btn_onButtonDown               
00000869  btn_onButtonUp                 
20000494  btn_onSW1ButtonDownHdr         
20000498  btn_onSW1ButtonUpHdr           
2000049c  btn_onSW2ButtonDownHdr         
200004a0  btn_onSW2ButtonUpHdr           
20000479  btn_sw1_state                  
2000047a  btn_sw2_state                  
0000110d  copy_in                        
20000478  delay                          
20000474  delay_500ms                    
000010c5  exit                           
20000000  g_pfnRAMVectors                
00000000  g_pfnVectors                   
20000470  keypress_ctr                   
00000657  led_pin_config                 
00000665  main                           
20000490  main_func_sp                   
00000d51  memcpy                         
00000df5  memset                         
20000471  mode                           
000003c7  onSW1ButtonDown                
000003c9  onSW1ButtonUp                  
0000026d  onSW2ButtonDown                
00000275  onSW2ButtonUp                  
000004e9  setup                          
200004a4  ui32Load                       
200004a8  ui32PWMClock                   
200004ac  ui8Ad                          
20000472  ui8LED                         


GLOBAL SYMBOLS: SORTED BY Symbol Address 

address   name                           
-------   ----                           
00000000  __TI_static_base__             
00000000  g_pfnVectors                   
00000200  __STACK_SIZE                   
0000026d  onSW2ButtonDown                
00000275  onSW2ButtonUp                  
000003c7  onSW1ButtonDown                
000003c9  onSW1ButtonUp                  
000004e9  setup                          
00000657  led_pin_config                 
00000665  main                           
0000081d  btn_onButtonDown               
00000869  btn_onButtonUp                 
0000086b  Timer0IntHandler               
0000094f  btn_initialize                 
00000a19  GPIOPadConfigSet               
00000b4b  __mpu_init                     
00000b4d  SysCtlClockGet                 
00000c5d  SysCtlClockSet                 
00000d51  __aeabi_memcpy                 
00000d51  __aeabi_memcpy4                
00000d51  __aeabi_memcpy8                
00000d51  memcpy                         
00000ded  __aeabi_memclr                 
00000ded  __aeabi_memclr4                
00000ded  __aeabi_memclr8                
00000def  __aeabi_memset                 
00000def  __aeabi_memset4                
00000def  __aeabi_memset8                
00000df5  memset                         
00000e67  _system_post_cinit             
00000e69  __TI_auto_init                 
00000f45  IntEnable                      
00000fad  TimerConfigure                 
0000100d  GPIOIntTypeSet                 
00001065  _c_int00                       
000010b9  C$$EXIT                        
000010bd  abort                          
000010c5  exit                           
0000110d  copy_in                        
00001159  GPIOPinConfigure               
000011e1  IntRegister                    
00001215  SysCtlPeripheralEnable         
00001249  GPIODirModeSet                 
00001273  PWMGenConfigure                
00001295  PWMPulseWidthSet               
000012b3  GPIOIntRegister                
000012cd  TimerDisable                   
000012e5  _args_main                     
000012fd  SysCtlPWMClockSet              
00001311  _register_unlock               
00001317  _register_lock                 
0000131f  _nop                           
00001325  GPIOPinTypeGPIOInput           
00001337  GPIOPinTypePWM                 
00001349  PWMOutputState                 
0000135b  TimerLoadSet                   
0000136d  IntMasterEnable                
0000137d  PWMGenPeriodSet                
0000138d  GPIOIntDisable                 
0000139b  GPIOIntStatus                  
000013a9  TimerEnable                    
000013b7  __TI_decompress_none           
000013c5  CPUcpsie                       
000013d1  GPIOIntEnable                  
000013dd  PWMGenEnable                   
000013e9  ResetISR                       
000013f5  TimerIntEnable                 
000013fd  GPIOIntClear                   
00001403  GPIOPinRead                    
00001409  SysCtlDelay                    
0000140f  __TI_decompress_rle24          
00001415  TimerIntClear                  
00001419  _system_pre_init               
0000174c  __TI_Handler_Table_Base        
00001754  __TI_CINIT_Base                
00001754  __TI_Handler_Table_Limit       
0000176c  __TI_CINIT_Limit               
20000000  g_pfnRAMVectors                
2000026c  __stack                        
2000046c  __STACK_END                    
2000046c  __STACK_TOP                    
2000046c  adjust_motor                   
20000470  keypress_ctr                   
20000471  mode                           
20000472  ui8LED                         
20000474  delay_500ms                    
20000478  delay                          
20000479  btn_sw1_state                  
2000047a  btn_sw2_state                  
2000047c  __TI_cleanup_ptr               
20000480  __TI_dtors_ptr                 
20000484  __TI_enable_exit_profile_output
20000488  _lock                          
2000048c  _unlock                        
20000490  main_func_sp                   
20000494  btn_onSW1ButtonDownHdr         
20000498  btn_onSW1ButtonUpHdr           
2000049c  btn_onSW2ButtonDownHdr         
200004a0  btn_onSW2ButtonUpHdr           
200004a4  ui32Load                       
200004a8  ui32PWMClock                   
200004ac  ui8Ad                          
ffffffff  __TI_pprof_out_hndl            
ffffffff  __TI_prof_data_size            
ffffffff  __TI_prof_data_start           
ffffffff  __binit__                      
ffffffff  __c_args__                     
ffffffff  binit                          
UNDEFED   SHT$$INIT_ARRAY$$Base          
UNDEFED   SHT$$INIT_ARRAY$$Limit         

[110 symbols]
