******************************************************************************
                  TI ARM Linker Unix v5.2.5                    
******************************************************************************
>> Linked Tue Oct  4 14:16:56 2016

OUTPUT FILE NAME:   <Lab7.out>
ENTRY POINT SYMBOL: "_c_int00"  address: 00000f3d


MEMORY CONFIGURATION

         name            origin    length      used     unused   attr    fill
----------------------  --------  ---------  --------  --------  ----  --------
  FLASH                 00000000   00040000  00001d32  0003e2ce  R  X
  SRAM                  20000000   00008000  00002219  00005de7  RW X


SEGMENT ALLOCATION MAP

run origin  load origin   length   init length attrs members
----------  ----------- ---------- ----------- ----- -------
00000000    00000000    00001d38   00001d38    r-x
  00000000    00000000    0000026c   0000026c    r-- .intvecs
  0000026c    0000026c    00000f76   00000f76    r-x .text
  000011e8    000011e8    00000b50   00000b50    r-- .cinit
20000000    20000000    00002219   00000000    rw-
  20000000    20000000    00002014   00000000    rw- .data
  20002014    20002014    00000200   00000000    rw- .stack
  20002214    20002214    00000005   00000000    rw- .bss


SECTION ALLOCATION MAP

 output                                  attributes/
section   page    origin      length       input sections
--------  ----  ----------  ----------   ----------------
.intvecs   0    00000000    0000026c     
                  00000000    0000026c     tm4c123gh6pm_startup_ccs.obj (.intvecs)

.text      0    0000026c    00000f76     
                  0000026c    00000840     gameConsole.obj (.text)
                  00000aac    00000132     driverlib.lib : gpio.obj (.text:GPIOPadConfigSet)
                  00000bde    00000002     --HOLE-- [fill = 0]
                  00000be0    000000f4                   : sysctl.obj (.text:SysCtlClockSet)
                  00000cd4    0000009c     rtsv7M4_T_le_v4SPD16_eabi.lib : memcpy_t2.obj (.text)
                  00000d70    0000007a     driverlib.lib : adc.obj (.text:ADCSequenceStepConfigure)
                  00000dea    0000007a     rtsv7M4_T_le_v4SPD16_eabi.lib : memset_t2.obj (.text)
                  00000e64    0000006c                                   : autoinit.obj (.text)
                  00000ed0    0000006a                                   : copy_decompress_rle.obj (.text)
                  00000f3a    00000002     --HOLE-- [fill = 0]
                  00000f3c    00000050                                   : boot.obj (.text)
                  00000f8c    0000004c                                   : cpy_tbl.obj (.text)
                  00000fd8    00000044                                   : exit.obj (.text)
                  0000101c    0000003e     driverlib.lib : adc.obj (.text:ADCSequenceConfigure)
                  0000105a    00000002     --HOLE-- [fill = 0]
                  0000105c    00000034                   : sysctl.obj (.text:SysCtlPeripheralEnable)
                  00001090    0000002e                   : adc.obj (.text:ADCIntStatus)
                  000010be    0000002a                   : gpio.obj (.text:GPIODirModeSet)
                  000010e8    0000001e                   : adc.obj (.text:ADCSequenceDataGet)
                  00001106    00000018                   : adc.obj (.text:ADCProcessorTrigger)
                  0000111e    00000018                   : gpio.obj (.text:GPIOPinTypeGPIOOutput)
                  00001136    00000002     --HOLE-- [fill = 0]
                  00001138    00000018     rtsv7M4_T_le_v4SPD16_eabi.lib : args_main.obj (.text)
                  00001150    00000014                                   : _lock.obj (.text)
                  00001164    00000012     driverlib.lib : gpio.obj (.text:GPIOPinTypeADC)
                  00001176    00000012                   : gpio.obj (.text:GPIOPinTypeGPIOInput)
                  00001188    0000000e                   : adc.obj (.text:ADCSequenceEnable)
                  00001196    0000000e     rtsv7M4_T_le_v4SPD16_eabi.lib : copy_decompress_none.obj (.text:decompress:none)
                  000011a4    0000000c                                   : copy_zero_init.obj (.text:decompress:ZI)
                  000011b0    0000000c     tm4c123gh6pm_startup_ccs.obj (.text)
                  000011bc    0000000a     driverlib.lib : adc.obj (.text:ADCIntClear)
                  000011c6    00000006                   : gpio.obj (.text:GPIOPinRead)
                  000011cc    00000006                   : gpio.obj (.text:GPIOPinWrite)
                  000011d2    00000006                   : sysctl.obj (.text:SysCtlDelay)
                  000011d8    00000006     rtsv7M4_T_le_v4SPD16_eabi.lib : copy_decompress_rle.obj (.text:decompress:rle24)
                  000011de    00000004                                   : pre_init.obj (.text)

.cinit     0    000011e8    00000b50     
                  000011e8    00000b28     (.cinit..data.load) [load image, compression = rle]
                  00001d10    0000000c     (__TI_handler_table)
                  00001d1c    00000004     --HOLE-- [fill = 0]
                  00001d20    00000008     (.cinit..bss.load) [load image, compression = zero_init]
                  00001d28    00000010     (__TI_cinit_table)

.init_array 
*          0    00000000    00000000     UNINITIALIZED

.data      0    20000000    00002014     UNINITIALIZED
                  20000000    00000400     gameConsole.obj (.data:eight)
                  20000400    00000400     gameConsole.obj (.data:five)
                  20000800    00000400     gameConsole.obj (.data:four)
                  20000c00    00000400     gameConsole.obj (.data:one)
                  20001000    00000400     gameConsole.obj (.data:seven)
                  20001400    00000400     gameConsole.obj (.data:six)
                  20001800    00000400     gameConsole.obj (.data:three)
                  20001c00    00000400     gameConsole.obj (.data:two)
                  20002000    00000008     rtsv7M4_T_le_v4SPD16_eabi.lib : _lock.obj (.data)
                  20002008    00000008                                   : exit.obj (.data)
                  20002010    00000004                                   : stkdepth_vars.obj (.data)

.bss       0    20002214    00000005     UNINITIALIZED
                  20002214    00000001     (.common:buzzer)
                  20002215    00000001     (.common:led1)
                  20002216    00000001     (.common:led2)
                  20002217    00000001     (.common:led3)
                  20002218    00000001     (.common:led4)

.TI.persistent 
*          0    20000000    00000000     UNINITIALIZED

.stack     0    20002014    00000200     UNINITIALIZED
                  20002014    00000200     --HOLE--

.TI.noinit 
*          0    20002214    00000000     UNINITIALIZED


LINKER GENERATED COPY TABLES

__TI_cinit_table @ 00001d28 records: 2, size/record: 8, table size: 16
	.data: load addr=000011e8, load size=00000b28 bytes, run addr=20000000, run size=00002014 bytes, compression=rle
	.bss: load addr=00001d20, load size=00000008 bytes, run addr=20002214, run size=00000005 bytes, compression=zero_init


LINKER GENERATED HANDLER TABLE

__TI_handler_table @ 00001d10 records: 3, size/record: 4, table size: 12
	index: 0, handler: __TI_decompress_rle24
	index: 1, handler: __TI_decompress_none
	index: 2, handler: __TI_zero_init


GLOBAL SYMBOLS: SORTED ALPHABETICALLY BY Name 

address   name                    
-------   ----                    
000011bd  ADCIntClear             
00001091  ADCIntStatus            
00001107  ADCProcessorTrigger     
0000101d  ADCSequenceConfigure    
000010e9  ADCSequenceDataGet      
00001189  ADCSequenceEnable       
00000d71  ADCSequenceStepConfigure
00000fd9  C$$EXIT                 
000010bf  GPIODirModeSet          
00000aad  GPIOPadConfigSet        
000011c7  GPIOPinRead             
00001165  GPIOPinTypeADC          
00001177  GPIOPinTypeGPIOInput    
0000111f  GPIOPinTypeGPIOOutput   
000011cd  GPIOPinWrite            
000011b1  ResetISR                
UNDEFED   SHT$$INIT_ARRAY$$Base   
UNDEFED   SHT$$INIT_ARRAY$$Limit  
00000be1  SysCtlClockSet          
000011d3  SysCtlDelay             
0000105d  SysCtlPeripheralEnable  
20002214  __STACK_END             
00000200  __STACK_SIZE            
20002214  __STACK_TOP             
00001d28  __TI_CINIT_Base         
00001d38  __TI_CINIT_Limit        
00001d10  __TI_Handler_Table_Base 
00001d1c  __TI_Handler_Table_Limit
00000e65  __TI_auto_init          
20002008  __TI_cleanup_ptr        
00001197  __TI_decompress_none    
000011d9  __TI_decompress_rle24   
2000200c  __TI_dtors_ptr          
00000000  __TI_static_base__      
000011a5  __TI_zero_init          
00000deb  __aeabi_memclr          
00000deb  __aeabi_memclr4         
00000deb  __aeabi_memclr8         
00000cd5  __aeabi_memcpy          
00000cd5  __aeabi_memcpy4         
00000cd5  __aeabi_memcpy8         
00000ded  __aeabi_memset          
00000ded  __aeabi_memset4         
00000ded  __aeabi_memset8         
ffffffff  __binit__               
ffffffff  __c_args__              
20002014  __stack                 
00001139  _args_main              
00000f3d  _c_int00                
20002000  _lock                   
0000115f  _nop                    
00001157  _register_lock          
00001151  _register_unlock        
000011df  _system_pre_init        
20002004  _unlock                 
00000fdd  abort                   
ffffffff  binit                   
20002214  buzzer                  
00000f8d  copy_in                 
20000000  eight                   
00000fe5  exit                    
20000400  five                    
20000800  four                    
00000000  g_pfnVectors            
00000401  glcd_cleardisplay       
0000026d  glcd_cmd                
000002c5  glcd_data               
0000031d  glcd_init               
000003bf  glcd_setcolumn          
00000387  glcd_setpage            
20002215  led1                    
20002216  led2                    
20002217  led3                    
20002218  led4                    
00000461  main                    
20002010  main_func_sp            
00000cd5  memcpy                  
00000df3  memset                  
20000c00  one                     
20001000  seven                   
20001400  six                     
20001800  three                   
20001c00  two                     


GLOBAL SYMBOLS: SORTED BY Symbol Address 

address   name                    
-------   ----                    
00000000  __TI_static_base__      
00000000  g_pfnVectors            
00000200  __STACK_SIZE            
0000026d  glcd_cmd                
000002c5  glcd_data               
0000031d  glcd_init               
00000387  glcd_setpage            
000003bf  glcd_setcolumn          
00000401  glcd_cleardisplay       
00000461  main                    
00000aad  GPIOPadConfigSet        
00000be1  SysCtlClockSet          
00000cd5  __aeabi_memcpy          
00000cd5  __aeabi_memcpy4         
00000cd5  __aeabi_memcpy8         
00000cd5  memcpy                  
00000d71  ADCSequenceStepConfigure
00000deb  __aeabi_memclr          
00000deb  __aeabi_memclr4         
00000deb  __aeabi_memclr8         
00000ded  __aeabi_memset          
00000ded  __aeabi_memset4         
00000ded  __aeabi_memset8         
00000df3  memset                  
00000e65  __TI_auto_init          
00000f3d  _c_int00                
00000f8d  copy_in                 
00000fd9  C$$EXIT                 
00000fdd  abort                   
00000fe5  exit                    
0000101d  ADCSequenceConfigure    
0000105d  SysCtlPeripheralEnable  
00001091  ADCIntStatus            
000010bf  GPIODirModeSet          
000010e9  ADCSequenceDataGet      
00001107  ADCProcessorTrigger     
0000111f  GPIOPinTypeGPIOOutput   
00001139  _args_main              
00001151  _register_unlock        
00001157  _register_lock          
0000115f  _nop                    
00001165  GPIOPinTypeADC          
00001177  GPIOPinTypeGPIOInput    
00001189  ADCSequenceEnable       
00001197  __TI_decompress_none    
000011a5  __TI_zero_init          
000011b1  ResetISR                
000011bd  ADCIntClear             
000011c7  GPIOPinRead             
000011cd  GPIOPinWrite            
000011d3  SysCtlDelay             
000011d9  __TI_decompress_rle24   
000011df  _system_pre_init        
00001d10  __TI_Handler_Table_Base 
00001d1c  __TI_Handler_Table_Limit
00001d28  __TI_CINIT_Base         
00001d38  __TI_CINIT_Limit        
20000000  eight                   
20000400  five                    
20000800  four                    
20000c00  one                     
20001000  seven                   
20001400  six                     
20001800  three                   
20001c00  two                     
20002000  _lock                   
20002004  _unlock                 
20002008  __TI_cleanup_ptr        
2000200c  __TI_dtors_ptr          
20002010  main_func_sp            
20002014  __stack                 
20002214  __STACK_END             
20002214  __STACK_TOP             
20002214  buzzer                  
20002215  led1                    
20002216  led2                    
20002217  led3                    
20002218  led4                    
ffffffff  __binit__               
ffffffff  __c_args__              
ffffffff  binit                   
UNDEFED   SHT$$INIT_ARRAY$$Base   
UNDEFED   SHT$$INIT_ARRAY$$Limit  

[83 symbols]
