******************************************************************************
                  TI ARM Linker Unix v5.2.5                    
******************************************************************************
>> Linked Wed Aug 17 19:25:48 2016

OUTPUT FILE NAME:   <Lab2.out>
ENTRY POINT SYMBOL: "_c_int00"  address: 00000b65


MEMORY CONFIGURATION

         name            origin    length      used     unused   attr    fill
----------------------  --------  ---------  --------  --------  ----  --------
  FLASH                 00000000   00040000  00001102  0003eefe  R  X
  SRAM                  20000000   00008000  0000049c  00007b64  RW X


SEGMENT ALLOCATION MAP

run origin  load origin   length   init length attrs members
----------  ----------- ---------- ----------- ----- -------
00000000    00000000    00001108   00001108    r-x
  00000000    00000000    0000026c   0000026c    r-- .intvecs
  0000026c    0000026c    00000bea   00000bea    r-x .text
  00000e58    00000e58    0000025c   0000025c    r-- .const
  000010b8    000010b8    00000050   00000050    r-- .cinit
20000000    20000000    0000049c   00000000    rw-
  20000000    20000000    0000026c   00000000    rw- .vtable
  2000026c    2000026c    00000200   00000000    rw- .stack
  2000046c    2000046c    00000020   00000000    rw- .data
  2000048c    2000048c    00000010   00000000    rw- .bss


SECTION ALLOCATION MAP

 output                                  attributes/
section   page    origin      length       input sections
--------  ----  ----------  ----------   ----------------
.intvecs   0    00000000    0000026c     
                  00000000    0000026c     tm4c123gh6pm_startup_ccs.obj (.intvecs)

.text      0    0000026c    00000bea     
                  0000026c    000001fc     buttons.obj (.text)
                  00000468    00000132     driverlib.lib : gpio.obj (.text:GPIOPadConfigSet)
                  0000059a    00000002     --HOLE-- [fill = 0]
                  0000059c    00000110                   : sysctl.obj (.text:SysCtlClockGet)
                  000006ac    000000f4                   : sysctl.obj (.text:SysCtlClockSet)
                  000007a0    000000b4     lab2.obj (.text)
                  00000854    0000009c     rtsv7M4_T_le_v4SPD16_eabi.lib : memcpy_t2.obj (.text)
                  000008f0    0000007a                                   : memset_t2.obj (.text)
                  0000096a    00000002     --HOLE-- [fill = 0]
                  0000096c    0000006c                                   : autoinit.obj (.text)
                  000009d8    0000006a                                   : copy_decompress_rle.obj (.text)
                  00000a42    00000002     --HOLE-- [fill = 0]
                  00000a44    00000068     driverlib.lib : interrupt.obj (.text:IntEnable)
                  00000aac    00000060                   : timer.obj (.text:TimerConfigure)
                  00000b0c    00000056                   : gpio.obj (.text:GPIOIntTypeSet)
                  00000b62    00000002     --HOLE-- [fill = 0]
                  00000b64    00000050     rtsv7M4_T_le_v4SPD16_eabi.lib : boot.obj (.text)
                  00000bb4    0000004c                                   : cpy_tbl.obj (.text)
                  00000c00    00000044                                   : exit.obj (.text)
                  00000c44    00000040     driverlib.lib : gpio.obj (.text:_GPIOIntNumberGet)
                  00000c84    00000034                   : interrupt.obj (.text:IntRegister)
                  00000cb8    00000034                   : sysctl.obj (.text:SysCtlPeripheralEnable)
                  00000cec    0000002a                   : gpio.obj (.text:GPIODirModeSet)
                  00000d16    00000018                   : gpio.obj (.text:GPIOIntRegister)
                  00000d2e    00000018                   : gpio.obj (.text:GPIOPinTypeGPIOOutput)
                  00000d46    00000002     --HOLE-- [fill = 0]
                  00000d48    00000018                   : timer.obj (.text:TimerDisable)
                  00000d60    00000018     rtsv7M4_T_le_v4SPD16_eabi.lib : args_main.obj (.text)
                  00000d78    00000014                                   : _lock.obj (.text)
                  00000d8c    00000012     driverlib.lib : gpio.obj (.text:GPIOPinTypeGPIOInput)
                  00000d9e    00000012                   : timer.obj (.text:TimerLoadSet)
                  00000db0    00000010                   : interrupt.obj (.text:IntMasterEnable)
                  00000dc0    0000000e                   : gpio.obj (.text:GPIOIntDisable)
                  00000dce    0000000e                   : gpio.obj (.text:GPIOIntStatus)
                  00000ddc    0000000e                   : timer.obj (.text:TimerEnable)
                  00000dea    0000000e     rtsv7M4_T_le_v4SPD16_eabi.lib : copy_decompress_none.obj (.text:decompress:none)
                  00000df8    0000000c     driverlib.lib : cpu.obj (.text:CPUcpsie)
                  00000e04    0000000c                   : gpio.obj (.text:GPIOIntEnable)
                  00000e10    0000000c     rtsv7M4_T_le_v4SPD16_eabi.lib : copy_zero_init.obj (.text:decompress:ZI)
                  00000e1c    0000000c     tm4c123gh6pm_startup_ccs.obj (.text)
                  00000e28    00000008     driverlib.lib : timer.obj (.text:TimerIntEnable)
                  00000e30    00000006                   : gpio.obj (.text:GPIOIntClear)
                  00000e36    00000006                   : gpio.obj (.text:GPIOPinRead)
                  00000e3c    00000006                   : gpio.obj (.text:GPIOPinWrite)
                  00000e42    00000006                   : sysctl.obj (.text:SysCtlDelay)
                  00000e48    00000006     rtsv7M4_T_le_v4SPD16_eabi.lib : copy_decompress_rle.obj (.text:decompress:rle24)
                  00000e4e    00000004     driverlib.lib : timer.obj (.text:TimerIntClear)
                  00000e52    00000004     rtsv7M4_T_le_v4SPD16_eabi.lib : pre_init.obj (.text)

.const     0    00000e58    0000025c     
                  00000e58    000000c0     driverlib.lib : gpio.obj (.const:g_ppui32GPIOIntMapBlizzard)
                  00000f18    000000c0                   : gpio.obj (.const:g_ppui32GPIOIntMapSnowflake)
                  00000fd8    00000070                   : interrupt.obj (.const)
                  00001048    0000006c                   : sysctl.obj (.const:g_pui32Xtals)

.cinit     0    000010b8    00000050     
                  000010b8    0000001b     (.cinit..data.load) [load image, compression = rle]
                  000010d3    00000001     --HOLE-- [fill = 0]
                  000010d4    0000000c     (__TI_handler_table)
                  000010e0    00000008     (.cinit..bss.load) [load image, compression = zero_init]
                  000010e8    00000008     (.cinit..vtable.load) [load image, compression = zero_init]
                  000010f0    00000018     (__TI_cinit_table)

.init_array 
*          0    00000000    00000000     UNINITIALIZED

.vtable    0    20000000    0000026c     UNINITIALIZED
                  20000000    0000026c     driverlib.lib : interrupt.obj (.vtable)

.data      0    2000046c    00000020     UNINITIALIZED
                  2000046c    00000009     lab2.obj (.data)
                  20000475    00000002     buttons.obj (.data)
                  20000477    00000001     --HOLE--
                  20000478    00000008     rtsv7M4_T_le_v4SPD16_eabi.lib : _lock.obj (.data)
                  20000480    00000008                                   : exit.obj (.data)
                  20000488    00000004                                   : stkdepth_vars.obj (.data)

.bss       0    2000048c    00000010     UNINITIALIZED
                  2000048c    00000004     (.common:btn_onSW1ButtonDownHdr)
                  20000490    00000004     (.common:btn_onSW1ButtonUpHdr)
                  20000494    00000004     (.common:btn_onSW2ButtonDownHdr)
                  20000498    00000004     (.common:btn_onSW2ButtonUpHdr)

.stack     0    2000026c    00000200     UNINITIALIZED
                  2000026c    00000200     --HOLE--

.TI.persistent 
*          0    2000046c    00000000     UNINITIALIZED

.TI.noinit 
*          0    2000048c    00000000     UNINITIALIZED


LINKER GENERATED COPY TABLES

__TI_cinit_table @ 000010f0 records: 3, size/record: 8, table size: 24
	.data: load addr=000010b8, load size=0000001b bytes, run addr=2000046c, run size=00000020 bytes, compression=rle
	.bss: load addr=000010e0, load size=00000008 bytes, run addr=2000048c, run size=00000010 bytes, compression=zero_init
	.vtable: load addr=000010e8, load size=00000008 bytes, run addr=20000000, run size=0000026c bytes, compression=zero_init


LINKER GENERATED HANDLER TABLE

__TI_handler_table @ 000010d4 records: 3, size/record: 4, table size: 12
	index: 0, handler: __TI_zero_init
	index: 1, handler: __TI_decompress_rle24
	index: 2, handler: __TI_decompress_none


GLOBAL SYMBOLS: SORTED ALPHABETICALLY BY Name 

address   name                    
-------   ----                    
00000c01  C$$EXIT                 
00000df9  CPUcpsie                
00000ced  GPIODirModeSet          
00000e31  GPIOIntClear            
00000dc1  GPIOIntDisable          
00000e05  GPIOIntEnable           
00000d17  GPIOIntRegister         
00000dcf  GPIOIntStatus           
00000b0d  GPIOIntTypeSet          
00000469  GPIOPadConfigSet        
00000e37  GPIOPinRead             
00000d8d  GPIOPinTypeGPIOInput    
00000d2f  GPIOPinTypeGPIOOutput   
00000e3d  GPIOPinWrite            
00000a45  IntEnable               
00000db1  IntMasterEnable         
00000c85  IntRegister             
00000e1d  ResetISR                
UNDEFED   SHT$$INIT_ARRAY$$Base   
UNDEFED   SHT$$INIT_ARRAY$$Limit  
0000059d  SysCtlClockGet          
000006ad  SysCtlClockSet          
00000e43  SysCtlDelay             
00000cb9  SysCtlPeripheralEnable  
000002bb  Timer0IntHandler        
00000aad  TimerConfigure          
00000d49  TimerDisable            
00000ddd  TimerEnable             
00000e4f  TimerIntClear           
00000e29  TimerIntEnable          
00000d9f  TimerLoadSet            
2000046c  __STACK_END             
00000200  __STACK_SIZE            
2000046c  __STACK_TOP             
000010f0  __TI_CINIT_Base         
00001108  __TI_CINIT_Limit        
000010d4  __TI_Handler_Table_Base 
000010e0  __TI_Handler_Table_Limit
0000096d  __TI_auto_init          
20000480  __TI_cleanup_ptr        
00000deb  __TI_decompress_none    
00000e49  __TI_decompress_rle24   
20000484  __TI_dtors_ptr          
00000000  __TI_static_base__      
00000e11  __TI_zero_init          
000008f1  __aeabi_memclr          
000008f1  __aeabi_memclr4         
000008f1  __aeabi_memclr8         
00000855  __aeabi_memcpy          
00000855  __aeabi_memcpy4         
00000855  __aeabi_memcpy8         
000008f3  __aeabi_memset          
000008f3  __aeabi_memset4         
000008f3  __aeabi_memset8         
ffffffff  __binit__               
ffffffff  __c_args__              
2000026c  __stack                 
00000d61  _args_main              
00000b65  _c_int00                
20000478  _lock                   
00000d87  _nop                    
00000d7f  _register_lock          
00000d79  _register_unlock        
00000e53  _system_pre_init        
2000047c  _unlock                 
00000c05  abort                   
ffffffff  binit                   
0000039f  btn_initialize          
0000026d  btn_onButtonDown        
000002b9  btn_onButtonUp          
2000048c  btn_onSW1ButtonDownHdr  
20000490  btn_onSW1ButtonUpHdr    
20000494  btn_onSW2ButtonDownHdr  
20000498  btn_onSW2ButtonUpHdr    
20000475  btn_sw1_state           
20000476  btn_sw2_state           
00000bb5  copy_in                 
20000474  delay                   
20000470  delay_500ms             
00000c0d  exit                    
20000000  g_pfnRAMVectors         
00000000  g_pfnVectors            
000007ff  led_pin_config          
0000080b  main                    
20000488  main_func_sp            
00000855  memcpy                  
000008f9  memset                  
000007cd  onSW1ButtonDown         
000007d7  onSW1ButtonUp           
000007a1  onSW2ButtonDown         
000007cb  onSW2ButtonUp           
000007d9  setup                   
2000046d  sw2Status               
2000046c  ui8LED                  


GLOBAL SYMBOLS: SORTED BY Symbol Address 

address   name                    
-------   ----                    
00000000  __TI_static_base__      
00000000  g_pfnVectors            
00000200  __STACK_SIZE            
0000026d  btn_onButtonDown        
000002b9  btn_onButtonUp          
000002bb  Timer0IntHandler        
0000039f  btn_initialize          
00000469  GPIOPadConfigSet        
0000059d  SysCtlClockGet          
000006ad  SysCtlClockSet          
000007a1  onSW2ButtonDown         
000007cb  onSW2ButtonUp           
000007cd  onSW1ButtonDown         
000007d7  onSW1ButtonUp           
000007d9  setup                   
000007ff  led_pin_config          
0000080b  main                    
00000855  __aeabi_memcpy          
00000855  __aeabi_memcpy4         
00000855  __aeabi_memcpy8         
00000855  memcpy                  
000008f1  __aeabi_memclr          
000008f1  __aeabi_memclr4         
000008f1  __aeabi_memclr8         
000008f3  __aeabi_memset          
000008f3  __aeabi_memset4         
000008f3  __aeabi_memset8         
000008f9  memset                  
0000096d  __TI_auto_init          
00000a45  IntEnable               
00000aad  TimerConfigure          
00000b0d  GPIOIntTypeSet          
00000b65  _c_int00                
00000bb5  copy_in                 
00000c01  C$$EXIT                 
00000c05  abort                   
00000c0d  exit                    
00000c85  IntRegister             
00000cb9  SysCtlPeripheralEnable  
00000ced  GPIODirModeSet          
00000d17  GPIOIntRegister         
00000d2f  GPIOPinTypeGPIOOutput   
00000d49  TimerDisable            
00000d61  _args_main              
00000d79  _register_unlock        
00000d7f  _register_lock          
00000d87  _nop                    
00000d8d  GPIOPinTypeGPIOInput    
00000d9f  TimerLoadSet            
00000db1  IntMasterEnable         
00000dc1  GPIOIntDisable          
00000dcf  GPIOIntStatus           
00000ddd  TimerEnable             
00000deb  __TI_decompress_none    
00000df9  CPUcpsie                
00000e05  GPIOIntEnable           
00000e11  __TI_zero_init          
00000e1d  ResetISR                
00000e29  TimerIntEnable          
00000e31  GPIOIntClear            
00000e37  GPIOPinRead             
00000e3d  GPIOPinWrite            
00000e43  SysCtlDelay             
00000e49  __TI_decompress_rle24   
00000e4f  TimerIntClear           
00000e53  _system_pre_init        
000010d4  __TI_Handler_Table_Base 
000010e0  __TI_Handler_Table_Limit
000010f0  __TI_CINIT_Base         
00001108  __TI_CINIT_Limit        
20000000  g_pfnRAMVectors         
2000026c  __stack                 
2000046c  __STACK_END             
2000046c  __STACK_TOP             
2000046c  ui8LED                  
2000046d  sw2Status               
20000470  delay_500ms             
20000474  delay                   
20000475  btn_sw1_state           
20000476  btn_sw2_state           
20000478  _lock                   
2000047c  _unlock                 
20000480  __TI_cleanup_ptr        
20000484  __TI_dtors_ptr          
20000488  main_func_sp            
2000048c  btn_onSW1ButtonDownHdr  
20000490  btn_onSW1ButtonUpHdr    
20000494  btn_onSW2ButtonDownHdr  
20000498  btn_onSW2ButtonUpHdr    
ffffffff  __binit__               
ffffffff  __c_args__              
ffffffff  binit                   
UNDEFED   SHT$$INIT_ARRAY$$Base   
UNDEFED   SHT$$INIT_ARRAY$$Limit  

[94 symbols]
