******************************************************************************
                  TI ARM Linker PC v15.12.1                    
******************************************************************************
>> Linked Tue Sep 20 18:32:17 2016

OUTPUT FILE NAME:   <Lab3.out>
ENTRY POINT SYMBOL: "_c_int00"  address: 00000f09


MEMORY CONFIGURATION

         name            origin    length      used     unused   attr    fill
----------------------  --------  ---------  --------  --------  ----  --------
  FLASH                 00000000   00040000  00001576  0003ea8a  R  X
  SRAM                  20000000   00008000  00000496  00007b6a  RW X


SEGMENT ALLOCATION MAP

run origin  load origin   length   init length attrs members
----------  ----------- ---------- ----------- ----- -------
00000000    00000000    0000157c   0000157c    r-x
  00000000    00000000    0000026c   0000026c    r-- .intvecs
  0000026c    0000026c    0000105a   0000105a    r-x .text
  000012c8    000012c8    0000025c   0000025c    r-- .const
  00001528    00001528    00000054   00000054    r-- .cinit
20000000    20000000    00000498   00000000    rw-
  20000000    20000000    0000026c   00000000    rw- .vtable
  2000026c    2000026c    00000200   00000000    rw- .stack
  2000046c    2000046c    0000001a   00000000    rw- .data
  20000488    20000488    00000010   00000000    rw- .bss


SECTION ALLOCATION MAP

 output                                  attributes/
section   page    origin      length       input sections
--------  ----  ----------  ----------   ----------------
.intvecs   0    00000000    0000026c     
                  00000000    0000026c     tm4c123gh6pm_startup_ccs.obj (.intvecs)

.text      0    0000026c    0000105a     
                  0000026c    000003dc     main.obj (.text)
                  00000648    000001fc     buttons.obj (.text)
                  00000844    00000132     driverlib.lib : gpio.obj (.text:GPIOPadConfigSet)
                  00000976    00000002     rtsv7M4_T_le_v4SPD16_eabi.lib : mpu_init.obj (.text)
                  00000978    00000110     driverlib.lib : sysctl.obj (.text:SysCtlClockGet)
                  00000a88    000000f4                   : sysctl.obj (.text:SysCtlClockSet)
                  00000b7c    0000009c     rtsv7M4_T_le_v4SPD16_eabi.lib : memcpy_t2.obj (.text)
                  00000c18    0000007a     driverlib.lib : adc.obj (.text:ADCSequenceStepConfigure)
                  00000c92    0000007a     rtsv7M4_T_le_v4SPD16_eabi.lib : memset_t2.obj (.text)
                  00000d0c    00000070                                   : autoinit.obj (.text)
                  00000d7c    0000006a                                   : copy_decompress_rle.obj (.text)
                  00000de6    00000002                                   : startup.obj (.text)
                  00000de8    00000068     driverlib.lib : interrupt.obj (.text:IntEnable)
                  00000e50    00000060                   : timer.obj (.text:TimerConfigure)
                  00000eb0    00000056                   : gpio.obj (.text:GPIOIntTypeSet)
                  00000f06    00000002     --HOLE-- [fill = 0]
                  00000f08    00000054     rtsv7M4_T_le_v4SPD16_eabi.lib : boot.obj (.text)
                  00000f5c    00000054                                   : exit.obj (.text)
                  00000fb0    0000004c                                   : cpy_tbl.obj (.text)
                  00000ffc    00000040     driverlib.lib : gpio.obj (.text:_GPIOIntNumberGet)
                  0000103c    0000003e                   : adc.obj (.text:ADCSequenceConfigure)
                  0000107a    00000002     --HOLE-- [fill = 0]
                  0000107c    00000034                   : interrupt.obj (.text:IntRegister)
                  000010b0    00000034                   : sysctl.obj (.text:SysCtlPeripheralEnable)
                  000010e4    0000002e                   : adc.obj (.text:ADCIntStatus)
                  00001112    0000002a                   : gpio.obj (.text:GPIODirModeSet)
                  0000113c    0000001e                   : adc.obj (.text:ADCSequenceDataGet)
                  0000115a    00000018                   : adc.obj (.text:ADCProcessorTrigger)
                  00001172    00000018                   : gpio.obj (.text:GPIOIntRegister)
                  0000118a    00000002     --HOLE-- [fill = 0]
                  0000118c    00000018                   : timer.obj (.text:TimerDisable)
                  000011a4    00000018     rtsv7M4_T_le_v4SPD16_eabi.lib : args_main.obj (.text)
                  000011bc    00000014                                   : _lock.obj (.text)
                  000011d0    00000012     driverlib.lib : gpio.obj (.text:GPIOPinTypeADC)
                  000011e2    00000012                   : gpio.obj (.text:GPIOPinTypeGPIOInput)
                  000011f4    00000012                   : timer.obj (.text:TimerLoadSet)
                  00001206    00000010                   : interrupt.obj (.text:IntMasterEnable)
                  00001216    0000000e                   : adc.obj (.text:ADCHardwareOversampleConfigure)
                  00001224    0000000e                   : adc.obj (.text:ADCSequenceEnable)
                  00001232    0000000e                   : gpio.obj (.text:GPIOIntDisable)
                  00001240    0000000e                   : gpio.obj (.text:GPIOIntStatus)
                  0000124e    0000000e                   : timer.obj (.text:TimerEnable)
                  0000125c    0000000e     rtsv7M4_T_le_v4SPD16_eabi.lib : copy_decompress_none.obj (.text:decompress:none)
                  0000126a    0000000c     driverlib.lib : cpu.obj (.text:CPUcpsie)
                  00001276    0000000c                   : gpio.obj (.text:GPIOIntEnable)
                  00001282    0000000c     tm4c123gh6pm_startup_ccs.obj (.text)
                  0000128e    0000000a     driverlib.lib : adc.obj (.text:ADCIntClear)
                  00001298    00000008                   : timer.obj (.text:TimerIntEnable)
                  000012a0    00000006                   : gpio.obj (.text:GPIOIntClear)
                  000012a6    00000006                   : gpio.obj (.text:GPIOPinRead)
                  000012ac    00000006                   : gpio.obj (.text:GPIOPinWrite)
                  000012b2    00000006                   : sysctl.obj (.text:SysCtlDelay)
                  000012b8    00000006     rtsv7M4_T_le_v4SPD16_eabi.lib : copy_decompress_rle.obj (.text:decompress:rle24)
                  000012be    00000004     driverlib.lib : timer.obj (.text:TimerIntClear)
                  000012c2    00000004     rtsv7M4_T_le_v4SPD16_eabi.lib : pre_init.obj (.text)

.const     0    000012c8    0000025c     
                  000012c8    000000c0     driverlib.lib : gpio.obj (.const:g_ppui32GPIOIntMapBlizzard)
                  00001388    000000c0                   : gpio.obj (.const:g_ppui32GPIOIntMapSnowflake)
                  00001448    00000070                   : interrupt.obj (.const)
                  000014b8    0000006c                   : sysctl.obj (.const:g_pui32Xtals)

.cinit     0    00001528    00000054     
                  00001528    00000016     (.cinit..data.load) [load image, compression = rle]
                  0000153e    00000002     --HOLE-- [fill = 0]
                  00001540    0000000b     (.cinit..vtable.load) [load image, compression = rle]
                  0000154b    00000005     --HOLE-- [fill = 0]
                  00001550    00000009     (.cinit..bss.load) [load image, compression = rle]
                  00001559    00000003     --HOLE-- [fill = 0]
                  0000155c    00000008     (__TI_handler_table)
                  00001564    00000018     (__TI_cinit_table)

.init_array 
*          0    00000000    00000000     UNINITIALIZED

.vtable    0    20000000    0000026c     UNINITIALIZED
                  20000000    0000026c     driverlib.lib : interrupt.obj (.vtable)

.stack     0    2000026c    00000200     UNINITIALIZED
                  2000026c    00000200     --HOLE--

.data      0    2000046c    0000001a     UNINITIALIZED
                  2000046c    0000000c     rtsv7M4_T_le_v4SPD16_eabi.lib : exit.obj (.data:$O1$$)
                  20000478    00000008                                   : _lock.obj (.data:$O1$$)
                  20000480    00000004                                   : stkdepth_vars.obj (.data)
                  20000484    00000002     buttons.obj (.data)

.bss       0    20000488    00000010     UNINITIALIZED
                  20000488    00000004     (.common:btn_onSW1ButtonDownHdr)
                  2000048c    00000004     (.common:btn_onSW1ButtonUpHdr)
                  20000490    00000004     (.common:btn_onSW2ButtonDownHdr)
                  20000494    00000004     (.common:btn_onSW2ButtonUpHdr)

MODULE SUMMARY

       Module                         code   ro data   rw data
       ------                         ----   -------   -------
    .\
       main.obj                       988    0         0      
       tm4c123gh6pm_startup_ccs.obj   12     620       0      
       buttons.obj                    508    0         18     
    +--+------------------------------+------+---------+---------+
       Total:                         1508   620       18     
                                                              
    C:/ti/TivaWare_C_Series-2.1.2.111/driverlib/ccs/Debug/driverlib.lib
       gpio.obj                       616    384       0      
       interrupt.obj                  172    112       620    
       sysctl.obj                     574    108       0      
       adc.obj                        322    0         0      
       timer.obj                      164    0         0      
       cpu.obj                        12     0         0      
    +--+------------------------------+------+---------+---------+
       Total:                         1860   604       620    
                                                              
    C:\ti\ccsv6\tools\compiler\ti-cgt-arm_15.12.1.LTS\lib\rtsv7M4_T_le_v4SPD16_eabi.lib
       memcpy_t2.obj                  156    0         0      
       memset_t2.obj                  122    0         0      
       autoinit.obj                   112    0         0      
       copy_decompress_rle.obj        112    0         0      
       exit.obj                       84     0         12     
       boot.obj                       84     0         0      
       cpy_tbl.obj                    76     0         0      
       _lock.obj                      20     0         8      
       args_main.obj                  24     0         0      
       copy_decompress_none.obj       14     0         0      
       pre_init.obj                   4      0         0      
       stkdepth_vars.obj              0      0         4      
       mpu_init.obj                   2      0         0      
       startup.obj                    2      0         0      
    +--+------------------------------+------+---------+---------+
       Total:                         812    0         24     
                                                              
       Stack:                         0      0         512    
       Linker Generated:              0      74        0      
    +--+------------------------------+------+---------+---------+
       Grand Total:                   4180   1298      1174   


LINKER GENERATED COPY TABLES

__TI_cinit_table @ 00001564 records: 3, size/record: 8, table size: 24
	.data: load addr=00001528, load size=00000016 bytes, run addr=2000046c, run size=0000001a bytes, compression=rle
	.vtable: load addr=00001540, load size=0000000b bytes, run addr=20000000, run size=0000026c bytes, compression=rle
	.bss: load addr=00001550, load size=00000009 bytes, run addr=20000488, run size=00000010 bytes, compression=rle


LINKER GENERATED HANDLER TABLE

__TI_handler_table @ 0000155c records: 2, size/record: 4, table size: 8
	index: 0, handler: __TI_decompress_rle24
	index: 1, handler: __TI_decompress_none


GLOBAL SYMBOLS: SORTED ALPHABETICALLY BY Name 

address   name                           
-------   ----                           
00001217  ADCHardwareOversampleConfigure 
0000128f  ADCIntClear                    
000010e5  ADCIntStatus                   
0000115b  ADCProcessorTrigger            
0000103d  ADCSequenceConfigure           
0000113d  ADCSequenceDataGet             
00001225  ADCSequenceEnable              
00000c19  ADCSequenceStepConfigure       
00000f5d  C$$EXIT                        
0000126b  CPUcpsie                       
00001113  GPIODirModeSet                 
000012a1  GPIOIntClear                   
00001233  GPIOIntDisable                 
00001277  GPIOIntEnable                  
00001173  GPIOIntRegister                
00001241  GPIOIntStatus                  
00000eb1  GPIOIntTypeSet                 
00000845  GPIOPadConfigSet               
000012a7  GPIOPinRead                    
000011d1  GPIOPinTypeADC                 
000011e3  GPIOPinTypeGPIOInput           
000012ad  GPIOPinWrite                   
00000de9  IntEnable                      
00001207  IntMasterEnable                
0000107d  IntRegister                    
00001283  ResetISR                       
UNDEFED   SHT$$INIT_ARRAY$$Base          
UNDEFED   SHT$$INIT_ARRAY$$Limit         
00000979  SysCtlClockGet                 
00000a89  SysCtlClockSet                 
000012b3  SysCtlDelay                    
000010b1  SysCtlPeripheralEnable         
00000697  Timer0IntHandler               
00000e51  TimerConfigure                 
0000118d  TimerDisable                   
0000124f  TimerEnable                    
000012bf  TimerIntClear                  
00001299  TimerIntEnable                 
000011f5  TimerLoadSet                   
2000046c  __STACK_END                    
00000200  __STACK_SIZE                   
2000046c  __STACK_TOP                    
00001564  __TI_CINIT_Base                
0000157c  __TI_CINIT_Limit               
0000155c  __TI_Handler_Table_Base        
00001564  __TI_Handler_Table_Limit       
00000d0d  __TI_auto_init                 
2000046c  __TI_cleanup_ptr               
0000125d  __TI_decompress_none           
000012b9  __TI_decompress_rle24          
20000470  __TI_dtors_ptr                 
20000474  __TI_enable_exit_profile_output
ffffffff  __TI_pprof_out_hndl            
ffffffff  __TI_prof_data_size            
ffffffff  __TI_prof_data_start           
00000000  __TI_static_base__             
00000c93  __aeabi_memclr                 
00000c93  __aeabi_memclr4                
00000c93  __aeabi_memclr8                
00000b7d  __aeabi_memcpy                 
00000b7d  __aeabi_memcpy4                
00000b7d  __aeabi_memcpy8                
00000c95  __aeabi_memset                 
00000c95  __aeabi_memset4                
00000c95  __aeabi_memset8                
ffffffff  __binit__                      
ffffffff  __c_args__                     
00000977  __mpu_init                     
2000026c  __stack                        
000011a5  _args_main                     
00000f09  _c_int00                       
20000478  _lock                          
000011cb  _nop                           
000011c3  _register_lock                 
000011bd  _register_unlock               
00000de7  _system_post_cinit             
000012c3  _system_pre_init               
2000047c  _unlock                        
00000f61  abort                          
ffffffff  binit                          
0000077b  btn_initialize                 
00000649  btn_onButtonDown               
00000695  btn_onButtonUp                 
20000488  btn_onSW1ButtonDownHdr         
2000048c  btn_onSW1ButtonUpHdr           
20000490  btn_onSW2ButtonDownHdr         
20000494  btn_onSW2ButtonUpHdr           
20000484  btn_sw1_state                  
20000485  btn_sw2_state                  
00000fb1  copy_in                        
00000f69  exit                           
20000000  g_pfnRAMVectors                
00000000  g_pfnVectors                   
000002b3  glcd_cleardisplay              
0000030d  glcd_cmd                       
0000036b  glcd_data                      
0000026d  glcd_init                      
0000040d  glcd_setcolumn                 
000003c9  glcd_setpage                   
00000469  main                           
20000480  main_func_sp                   
00000b7d  memcpy                         
00000c9b  memset                         


GLOBAL SYMBOLS: SORTED BY Symbol Address 

address   name                           
-------   ----                           
00000000  __TI_static_base__             
00000000  g_pfnVectors                   
00000200  __STACK_SIZE                   
0000026d  glcd_init                      
000002b3  glcd_cleardisplay              
0000030d  glcd_cmd                       
0000036b  glcd_data                      
000003c9  glcd_setpage                   
0000040d  glcd_setcolumn                 
00000469  main                           
00000649  btn_onButtonDown               
00000695  btn_onButtonUp                 
00000697  Timer0IntHandler               
0000077b  btn_initialize                 
00000845  GPIOPadConfigSet               
00000977  __mpu_init                     
00000979  SysCtlClockGet                 
00000a89  SysCtlClockSet                 
00000b7d  __aeabi_memcpy                 
00000b7d  __aeabi_memcpy4                
00000b7d  __aeabi_memcpy8                
00000b7d  memcpy                         
00000c19  ADCSequenceStepConfigure       
00000c93  __aeabi_memclr                 
00000c93  __aeabi_memclr4                
00000c93  __aeabi_memclr8                
00000c95  __aeabi_memset                 
00000c95  __aeabi_memset4                
00000c95  __aeabi_memset8                
00000c9b  memset                         
00000d0d  __TI_auto_init                 
00000de7  _system_post_cinit             
00000de9  IntEnable                      
00000e51  TimerConfigure                 
00000eb1  GPIOIntTypeSet                 
00000f09  _c_int00                       
00000f5d  C$$EXIT                        
00000f61  abort                          
00000f69  exit                           
00000fb1  copy_in                        
0000103d  ADCSequenceConfigure           
0000107d  IntRegister                    
000010b1  SysCtlPeripheralEnable         
000010e5  ADCIntStatus                   
00001113  GPIODirModeSet                 
0000113d  ADCSequenceDataGet             
0000115b  ADCProcessorTrigger            
00001173  GPIOIntRegister                
0000118d  TimerDisable                   
000011a5  _args_main                     
000011bd  _register_unlock               
000011c3  _register_lock                 
000011cb  _nop                           
000011d1  GPIOPinTypeADC                 
000011e3  GPIOPinTypeGPIOInput           
000011f5  TimerLoadSet                   
00001207  IntMasterEnable                
00001217  ADCHardwareOversampleConfigure 
00001225  ADCSequenceEnable              
00001233  GPIOIntDisable                 
00001241  GPIOIntStatus                  
0000124f  TimerEnable                    
0000125d  __TI_decompress_none           
0000126b  CPUcpsie                       
00001277  GPIOIntEnable                  
00001283  ResetISR                       
0000128f  ADCIntClear                    
00001299  TimerIntEnable                 
000012a1  GPIOIntClear                   
000012a7  GPIOPinRead                    
000012ad  GPIOPinWrite                   
000012b3  SysCtlDelay                    
000012b9  __TI_decompress_rle24          
000012bf  TimerIntClear                  
000012c3  _system_pre_init               
0000155c  __TI_Handler_Table_Base        
00001564  __TI_CINIT_Base                
00001564  __TI_Handler_Table_Limit       
0000157c  __TI_CINIT_Limit               
20000000  g_pfnRAMVectors                
2000026c  __stack                        
2000046c  __STACK_END                    
2000046c  __STACK_TOP                    
2000046c  __TI_cleanup_ptr               
20000470  __TI_dtors_ptr                 
20000474  __TI_enable_exit_profile_output
20000478  _lock                          
2000047c  _unlock                        
20000480  main_func_sp                   
20000484  btn_sw1_state                  
20000485  btn_sw2_state                  
20000488  btn_onSW1ButtonDownHdr         
2000048c  btn_onSW1ButtonUpHdr           
20000490  btn_onSW2ButtonDownHdr         
20000494  btn_onSW2ButtonUpHdr           
ffffffff  __TI_pprof_out_hndl            
ffffffff  __TI_prof_data_size            
ffffffff  __TI_prof_data_start           
ffffffff  __binit__                      
ffffffff  __c_args__                     
ffffffff  binit                          
UNDEFED   SHT$$INIT_ARRAY$$Base          
UNDEFED   SHT$$INIT_ARRAY$$Limit         

[103 symbols]
