******************************************************************************
                  TI ARM Linker PC v15.12.1                    
******************************************************************************
>> Linked Wed Sep 21 16:44:10 2016

OUTPUT FILE NAME:   <Lab5.out>
ENTRY POINT SYMBOL: "_c_int00"  address: 00001455


MEMORY CONFIGURATION

         name            origin    length      used     unused   attr    fill
----------------------  --------  ---------  --------  --------  ----  --------
  FLASH                 00000000   00040000  00002e02  0003d1fe  R  X
  SRAM                  20000000   00008000  000028c2  0000573e  RW X


SEGMENT ALLOCATION MAP

run origin  load origin   length   init length attrs members
----------  ----------- ---------- ----------- ----- -------
00000000    00000000    00002e04   00002e04    r-x
  00000000    00000000    0000026c   0000026c    r-- .intvecs
  0000026c    0000026c    000015be   000015be    r-x .text
  0000182c    0000182c    00000a5c   00000a5c    r-- .const
  00002288    00002288    00000b7c   00000b7c    r-- .cinit
20000000    20000000    000028c4   00000000    rw-
  20000000    20000000    0000026c   00000000    rw- .vtable
  2000026c    2000026c    00002032   00000000    rw- .data
  200022a0    200022a0    00000424   00000000    rw- .bss
  200026c4    200026c4    00000200   00000000    rw- .stack


SECTION ALLOCATION MAP

 output                                  attributes/
section   page    origin      length       input sections
--------  ----  ----------  ----------   ----------------
.intvecs   0    00000000    0000026c     
                  00000000    0000026c     tm4c123gh6pm_startup_ccs.obj (.intvecs)

.text      0    0000026c    000015be     
                  0000026c    00000928     main.obj (.text)
                  00000b94    000001fc     buttons.obj (.text)
                  00000d90    00000132     driverlib.lib : gpio.obj (.text:GPIOPadConfigSet)
                  00000ec2    00000002     rtsv7M4_T_le_v4SPD16_eabi.lib : mpu_init.obj (.text)
                  00000ec4    00000110     driverlib.lib : sysctl.obj (.text:SysCtlClockGet)
                  00000fd4    000000f4                   : sysctl.obj (.text:SysCtlClockSet)
                  000010c8    0000009c     rtsv7M4_T_le_v4SPD16_eabi.lib : memcpy_t2.obj (.text)
                  00001164    0000007a     driverlib.lib : adc.obj (.text:ADCSequenceStepConfigure)
                  000011de    0000007a     rtsv7M4_T_le_v4SPD16_eabi.lib : memset_t2.obj (.text)
                  00001258    00000070                                   : autoinit.obj (.text)
                  000012c8    0000006a                                   : copy_decompress_rle.obj (.text)
                  00001332    00000002                                   : startup.obj (.text)
                  00001334    00000068     driverlib.lib : interrupt.obj (.text:IntEnable)
                  0000139c    00000060                   : timer.obj (.text:TimerConfigure)
                  000013fc    00000056                   : gpio.obj (.text:GPIOIntTypeSet)
                  00001452    00000002     --HOLE-- [fill = 0]
                  00001454    00000054     rtsv7M4_T_le_v4SPD16_eabi.lib : boot.obj (.text)
                  000014a8    00000054                                   : exit.obj (.text)
                  000014fc    0000004c                                   : cpy_tbl.obj (.text)
                  00001548    00000040     driverlib.lib : gpio.obj (.text:_GPIOIntNumberGet)
                  00001588    0000003e                   : adc.obj (.text:ADCSequenceConfigure)
                  000015c6    00000002     --HOLE-- [fill = 0]
                  000015c8    00000034                   : interrupt.obj (.text:IntRegister)
                  000015fc    00000034                   : sysctl.obj (.text:SysCtlPeripheralEnable)
                  00001630    0000002e                   : adc.obj (.text:ADCIntStatus)
                  0000165e    0000002a                   : gpio.obj (.text:GPIODirModeSet)
                  00001688    0000001e                   : adc.obj (.text:ADCSequenceDataGet)
                  000016a6    00000018                   : adc.obj (.text:ADCProcessorTrigger)
                  000016be    00000018                   : gpio.obj (.text:GPIOIntRegister)
                  000016d6    00000018                   : gpio.obj (.text:GPIOPinTypeGPIOOutput)
                  000016ee    00000002     --HOLE-- [fill = 0]
                  000016f0    00000018                   : timer.obj (.text:TimerDisable)
                  00001708    00000018     rtsv7M4_T_le_v4SPD16_eabi.lib : args_main.obj (.text)
                  00001720    00000014                                   : _lock.obj (.text)
                  00001734    00000012     driverlib.lib : gpio.obj (.text:GPIOPinTypeADC)
                  00001746    00000012                   : gpio.obj (.text:GPIOPinTypeGPIOInput)
                  00001758    00000012                   : timer.obj (.text:TimerLoadSet)
                  0000176a    00000010                   : interrupt.obj (.text:IntMasterEnable)
                  0000177a    0000000e                   : adc.obj (.text:ADCHardwareOversampleConfigure)
                  00001788    0000000e                   : adc.obj (.text:ADCSequenceEnable)
                  00001796    0000000e                   : gpio.obj (.text:GPIOIntDisable)
                  000017a4    0000000e                   : gpio.obj (.text:GPIOIntStatus)
                  000017b2    0000000e                   : timer.obj (.text:TimerEnable)
                  000017c0    0000000e     rtsv7M4_T_le_v4SPD16_eabi.lib : copy_decompress_none.obj (.text:decompress:none)
                  000017ce    0000000c     driverlib.lib : cpu.obj (.text:CPUcpsie)
                  000017da    0000000c                   : gpio.obj (.text:GPIOIntEnable)
                  000017e6    0000000c     tm4c123gh6pm_startup_ccs.obj (.text)
                  000017f2    0000000a     driverlib.lib : adc.obj (.text:ADCIntClear)
                  000017fc    00000008                   : timer.obj (.text:TimerIntEnable)
                  00001804    00000006                   : gpio.obj (.text:GPIOIntClear)
                  0000180a    00000006                   : gpio.obj (.text:GPIOPinRead)
                  00001810    00000006                   : gpio.obj (.text:GPIOPinWrite)
                  00001816    00000006                   : sysctl.obj (.text:SysCtlDelay)
                  0000181c    00000006     rtsv7M4_T_le_v4SPD16_eabi.lib : copy_decompress_rle.obj (.text:decompress:rle24)
                  00001822    00000004     driverlib.lib : timer.obj (.text:TimerIntClear)
                  00001826    00000004     rtsv7M4_T_le_v4SPD16_eabi.lib : pre_init.obj (.text)

.const     0    0000182c    00000a5c     
                  0000182c    00000400     logo.obj (.const:.string:logo)
                  00001c2c    00000400     mickey.obj (.const:.string:mickey)
                  0000202c    000000c0     driverlib.lib : gpio.obj (.const:g_ppui32GPIOIntMapBlizzard)
                  000020ec    000000c0                   : gpio.obj (.const:g_ppui32GPIOIntMapSnowflake)
                  000021ac    00000070                   : interrupt.obj (.const)
                  0000221c    0000006c                   : sysctl.obj (.const:g_pui32Xtals)

.cinit     0    00002288    00000b7c     
                  00002288    00000b40     (.cinit..data.load) [load image, compression = rle]
                  00002dc8    0000000b     (.cinit..bss.load) [load image, compression = rle]
                  00002dd3    00000005     --HOLE-- [fill = 0]
                  00002dd8    0000000b     (.cinit..vtable.load) [load image, compression = rle]
                  00002de3    00000001     --HOLE-- [fill = 0]
                  00002de4    00000008     (__TI_handler_table)
                  00002dec    00000018     (__TI_cinit_table)

.init_array 
*          0    00000000    00000000     UNINITIALIZED

.vtable    0    20000000    0000026c     UNINITIALIZED
                  20000000    0000026c     driverlib.lib : interrupt.obj (.vtable)

.data      0    2000026c    00002032     UNINITIALIZED
                  2000026c    00000400     main.obj (.data:eight)
                  2000066c    00000400     main.obj (.data:five)
                  20000a6c    00000400     main.obj (.data:four)
                  20000e6c    00000400     main.obj (.data:one)
                  2000126c    00000400     main.obj (.data:seven)
                  2000166c    00000400     main.obj (.data:six)
                  20001a6c    00000400     main.obj (.data:three)
                  20001e6c    00000400     main.obj (.data:two)
                  2000226c    00000018     main.obj (.data)
                  20002284    0000000c     rtsv7M4_T_le_v4SPD16_eabi.lib : exit.obj (.data:$O1$$)
                  20002290    00000008                                   : _lock.obj (.data:$O1$$)
                  20002298    00000004                                   : stkdepth_vars.obj (.data)
                  2000229c    00000002     buttons.obj (.data)

.bss       0    200022a0    00000424     UNINITIALIZED
                  200022a0    00000400     (.common:img)
                  200026a0    00000010     (.common:ui32ADC0Value)
                  200026b0    00000004     (.common:btn_onSW1ButtonDownHdr)
                  200026b4    00000004     (.common:btn_onSW1ButtonUpHdr)
                  200026b8    00000004     (.common:btn_onSW2ButtonDownHdr)
                  200026bc    00000004     (.common:btn_onSW2ButtonUpHdr)
                  200026c0    00000004     (.common:prevmode)

.stack     0    200026c4    00000200     UNINITIALIZED
                  200026c4    00000200     --HOLE--

MODULE SUMMARY

       Module                         code   ro data   rw data
       ------                         ----   -------   -------
    .\
       main.obj                       2344   0         9260   
       tm4c123gh6pm_startup_ccs.obj   12     620       0      
       buttons.obj                    508    0         18     
    +--+------------------------------+------+---------+---------+
       Total:                         2864   620       9278   
                                                              
    .\Lab5-GLCD-images-bitmaps\part1\
       logo.obj                       0      1024      0      
       mickey.obj                     0      1024      0      
    +--+------------------------------+------+---------+---------+
       Total:                         0      2048      0      
                                                              
    C:/ti/TivaWare_C_Series-2.1.2.111/driverlib/ccs/Debug/driverlib.lib
       gpio.obj                       640    384       0      
       interrupt.obj                  172    112       620    
       sysctl.obj                     574    108       0      
       adc.obj                        322    0         0      
       timer.obj                      164    0         0      
       cpu.obj                        12     0         0      
    +--+------------------------------+------+---------+---------+
       Total:                         1884   604       620    
                                                              
    C:\ti\ccsv6\tools\compiler\ti-cgt-arm_15.12.1.LTS\lib\rtsv7M4_T_le_v4SPD16_eabi.lib
       memcpy_t2.obj                  156    0         0      
       memset_t2.obj                  122    0         0      
       autoinit.obj                   112    0         0      
       copy_decompress_rle.obj        112    0         0      
       exit.obj                       84     0         12     
       boot.obj                       84     0         0      
       cpy_tbl.obj                    76     0         0      
       _lock.obj                      20     0         8      
       args_main.obj                  24     0         0      
       copy_decompress_none.obj       14     0         0      
       pre_init.obj                   4      0         0      
       stkdepth_vars.obj              0      0         4      
       mpu_init.obj                   2      0         0      
       startup.obj                    2      0         0      
    +--+------------------------------+------+---------+---------+
       Total:                         812    0         24     
                                                              
       Stack:                         0      0         512    
       Linker Generated:              0      2934      0      
    +--+------------------------------+------+---------+---------+
       Grand Total:                   5560   6206      10434  


LINKER GENERATED COPY TABLES

__TI_cinit_table @ 00002dec records: 3, size/record: 8, table size: 24
	.data: load addr=00002288, load size=00000b40 bytes, run addr=2000026c, run size=00002032 bytes, compression=rle
	.bss: load addr=00002dc8, load size=0000000b bytes, run addr=200022a0, run size=00000424 bytes, compression=rle
	.vtable: load addr=00002dd8, load size=0000000b bytes, run addr=20000000, run size=0000026c bytes, compression=rle


LINKER GENERATED HANDLER TABLE

__TI_handler_table @ 00002de4 records: 2, size/record: 4, table size: 8
	index: 0, handler: __TI_decompress_rle24
	index: 1, handler: __TI_decompress_none


GLOBAL SYMBOLS: SORTED ALPHABETICALLY BY Name 

address   name                           
-------   ----                           
0000177b  ADCHardwareOversampleConfigure 
000017f3  ADCIntClear                    
00001631  ADCIntStatus                   
000016a7  ADCProcessorTrigger            
00001589  ADCSequenceConfigure           
00001689  ADCSequenceDataGet             
00001789  ADCSequenceEnable              
00001165  ADCSequenceStepConfigure       
000014a9  C$$EXIT                        
000017cf  CPUcpsie                       
00000831  ClearImage                     
0000165f  GPIODirModeSet                 
00001805  GPIOIntClear                   
00001797  GPIOIntDisable                 
000017db  GPIOIntEnable                  
000016bf  GPIOIntRegister                
000017a5  GPIOIntStatus                  
000013fd  GPIOIntTypeSet                 
00000d91  GPIOPadConfigSet               
0000180b  GPIOPinRead                    
00001735  GPIOPinTypeADC                 
00001747  GPIOPinTypeGPIOInput           
000016d7  GPIOPinTypeGPIOOutput          
00001811  GPIOPinWrite                   
00001335  IntEnable                      
0000176b  IntMasterEnable                
000015c9  IntRegister                    
000017e7  ResetISR                       
000007f5  ResetPixel                     
UNDEFED   SHT$$INIT_ARRAY$$Base          
UNDEFED   SHT$$INIT_ARRAY$$Limit         
00000873  SetByte                        
000007b9  SetPixel                       
00000ec5  SysCtlClockGet                 
00000fd5  SysCtlClockSet                 
00001817  SysCtlDelay                    
000015fd  SysCtlPeripheralEnable         
00000be3  Timer0IntHandler               
0000139d  TimerConfigure                 
000016f1  TimerDisable                   
000017b3  TimerEnable                    
00001823  TimerIntClear                  
000017fd  TimerIntEnable                 
00001759  TimerLoadSet                   
200028c4  __STACK_END                    
00000200  __STACK_SIZE                   
200028c4  __STACK_TOP                    
00002dec  __TI_CINIT_Base                
00002e04  __TI_CINIT_Limit               
00002de4  __TI_Handler_Table_Base        
00002dec  __TI_Handler_Table_Limit       
00001259  __TI_auto_init                 
20002284  __TI_cleanup_ptr               
000017c1  __TI_decompress_none           
0000181d  __TI_decompress_rle24          
20002288  __TI_dtors_ptr                 
2000228c  __TI_enable_exit_profile_output
ffffffff  __TI_pprof_out_hndl            
ffffffff  __TI_prof_data_size            
ffffffff  __TI_prof_data_start           
00000000  __TI_static_base__             
000011df  __aeabi_memclr                 
000011df  __aeabi_memclr4                
000011df  __aeabi_memclr8                
000010c9  __aeabi_memcpy                 
000010c9  __aeabi_memcpy4                
000010c9  __aeabi_memcpy8                
000011e1  __aeabi_memset                 
000011e1  __aeabi_memset4                
000011e1  __aeabi_memset8                
ffffffff  __binit__                      
ffffffff  __c_args__                     
00000ec3  __mpu_init                     
200026c4  __stack                        
00001709  _args_main                     
00001455  _c_int00                       
20002290  _lock                          
0000172f  _nop                           
00001727  _register_lock                 
00001721  _register_unlock               
00001333  _system_post_cinit             
00001827  _system_pre_init               
20002294  _unlock                        
000014ad  abort                          
ffffffff  binit                          
20002274  block_loc_x_new                
20002270  block_loc_x_old                
2000227c  block_loc_y_new                
20002278  block_loc_y_old                
00000cc7  btn_initialize                 
00000b95  btn_onButtonDown               
00000be1  btn_onButtonUp                 
200026b0  btn_onSW1ButtonDownHdr         
200026b4  btn_onSW1ButtonUpHdr           
200026b8  btn_onSW2ButtonDownHdr         
200026bc  btn_onSW2ButtonUpHdr           
2000229c  btn_sw1_state                  
2000229d  btn_sw2_state                  
000008c7  change_mode                    
000014fd  copy_in                        
2000026c  eight                          
2000226c  enable_delay                   
000014b5  exit                           
2000066c  five                           
20000a6c  four                           
20000000  g_pfnRAMVectors                
00000000  g_pfnVectors                   
000002f9  glcd_cleardisplay              
00000353  glcd_cmd                       
000003ab  glcd_data                      
000004db  glcd_draw_block                
000005f9  glcd_draw_image                
00000573  glcd_erase_block               
0000026d  glcd_init                      
0000043b  glcd_setcolumn                 
00000403  glcd_setpage                   
200022a0  img                            
00000705  joystick_get_coords            
00000655  joystick_init                  
0000182c  logo                           
00000911  main                           
20002298  main_func_sp                   
000010c9  memcpy                         
000011e7  memset                         
00001c2c  mickey                         
20002280  mode                           
20000e6c  one                            
200026c0  prevmode                       
0000047d  reverse                        
2000126c  seven                          
2000166c  six                            
20001a6c  three                          
20001e6c  two                            
200026a0  ui32ADC0Value                  


GLOBAL SYMBOLS: SORTED BY Symbol Address 

address   name                           
-------   ----                           
00000000  __TI_static_base__             
00000000  g_pfnVectors                   
00000200  __STACK_SIZE                   
0000026d  glcd_init                      
000002f9  glcd_cleardisplay              
00000353  glcd_cmd                       
000003ab  glcd_data                      
00000403  glcd_setpage                   
0000043b  glcd_setcolumn                 
0000047d  reverse                        
000004db  glcd_draw_block                
00000573  glcd_erase_block               
000005f9  glcd_draw_image                
00000655  joystick_init                  
00000705  joystick_get_coords            
000007b9  SetPixel                       
000007f5  ResetPixel                     
00000831  ClearImage                     
00000873  SetByte                        
000008c7  change_mode                    
00000911  main                           
00000b95  btn_onButtonDown               
00000be1  btn_onButtonUp                 
00000be3  Timer0IntHandler               
00000cc7  btn_initialize                 
00000d91  GPIOPadConfigSet               
00000ec3  __mpu_init                     
00000ec5  SysCtlClockGet                 
00000fd5  SysCtlClockSet                 
000010c9  __aeabi_memcpy                 
000010c9  __aeabi_memcpy4                
000010c9  __aeabi_memcpy8                
000010c9  memcpy                         
00001165  ADCSequenceStepConfigure       
000011df  __aeabi_memclr                 
000011df  __aeabi_memclr4                
000011df  __aeabi_memclr8                
000011e1  __aeabi_memset                 
000011e1  __aeabi_memset4                
000011e1  __aeabi_memset8                
000011e7  memset                         
00001259  __TI_auto_init                 
00001333  _system_post_cinit             
00001335  IntEnable                      
0000139d  TimerConfigure                 
000013fd  GPIOIntTypeSet                 
00001455  _c_int00                       
000014a9  C$$EXIT                        
000014ad  abort                          
000014b5  exit                           
000014fd  copy_in                        
00001589  ADCSequenceConfigure           
000015c9  IntRegister                    
000015fd  SysCtlPeripheralEnable         
00001631  ADCIntStatus                   
0000165f  GPIODirModeSet                 
00001689  ADCSequenceDataGet             
000016a7  ADCProcessorTrigger            
000016bf  GPIOIntRegister                
000016d7  GPIOPinTypeGPIOOutput          
000016f1  TimerDisable                   
00001709  _args_main                     
00001721  _register_unlock               
00001727  _register_lock                 
0000172f  _nop                           
00001735  GPIOPinTypeADC                 
00001747  GPIOPinTypeGPIOInput           
00001759  TimerLoadSet                   
0000176b  IntMasterEnable                
0000177b  ADCHardwareOversampleConfigure 
00001789  ADCSequenceEnable              
00001797  GPIOIntDisable                 
000017a5  GPIOIntStatus                  
000017b3  TimerEnable                    
000017c1  __TI_decompress_none           
000017cf  CPUcpsie                       
000017db  GPIOIntEnable                  
000017e7  ResetISR                       
000017f3  ADCIntClear                    
000017fd  TimerIntEnable                 
00001805  GPIOIntClear                   
0000180b  GPIOPinRead                    
00001811  GPIOPinWrite                   
00001817  SysCtlDelay                    
0000181d  __TI_decompress_rle24          
00001823  TimerIntClear                  
00001827  _system_pre_init               
0000182c  logo                           
00001c2c  mickey                         
00002de4  __TI_Handler_Table_Base        
00002dec  __TI_CINIT_Base                
00002dec  __TI_Handler_Table_Limit       
00002e04  __TI_CINIT_Limit               
20000000  g_pfnRAMVectors                
2000026c  eight                          
2000066c  five                           
20000a6c  four                           
20000e6c  one                            
2000126c  seven                          
2000166c  six                            
20001a6c  three                          
20001e6c  two                            
2000226c  enable_delay                   
20002270  block_loc_x_old                
20002274  block_loc_x_new                
20002278  block_loc_y_old                
2000227c  block_loc_y_new                
20002280  mode                           
20002284  __TI_cleanup_ptr               
20002288  __TI_dtors_ptr                 
2000228c  __TI_enable_exit_profile_output
20002290  _lock                          
20002294  _unlock                        
20002298  main_func_sp                   
2000229c  btn_sw1_state                  
2000229d  btn_sw2_state                  
200022a0  img                            
200026a0  ui32ADC0Value                  
200026b0  btn_onSW1ButtonDownHdr         
200026b4  btn_onSW1ButtonUpHdr           
200026b8  btn_onSW2ButtonDownHdr         
200026bc  btn_onSW2ButtonUpHdr           
200026c0  prevmode                       
200026c4  __stack                        
200028c4  __STACK_END                    
200028c4  __STACK_TOP                    
ffffffff  __TI_pprof_out_hndl            
ffffffff  __TI_prof_data_size            
ffffffff  __TI_prof_data_start           
ffffffff  __binit__                      
ffffffff  __c_args__                     
ffffffff  binit                          
UNDEFED   SHT$$INIT_ARRAY$$Base          
UNDEFED   SHT$$INIT_ARRAY$$Limit         

[134 symbols]
