******************************************************************************
                  TI ARM Linker PC v15.12.1                    
******************************************************************************
>> Linked Thu Oct 06 15:56:50 2016

OUTPUT FILE NAME:   <empty_EK_TM4C123GXL_TI_TivaTM4C123GH6PM.out>
ENTRY POINT SYMBOL: "_c_int00"  address: 0000414d


MEMORY CONFIGURATION

         name            origin    length      used     unused   attr    fill
----------------------  --------  ---------  --------  --------  ----  --------
  FLASH                 00000000   00040000  00008504  00037afc  R  X
  SRAM                  20000000   00008000  00003c95  0000436b  RW X


SEGMENT ALLOCATION MAP

run origin  load origin   length   init length attrs members
----------  ----------- ---------- ----------- ----- -------
00000000    00000000    0000850c   0000850c    r-x
  00000000    00000000    0000003c   0000003c    r-- .resetVecs
  00000040    00000040    00005812   00005812    r-x .text
  00005854    00005854    00001dd2   00001dd2    r-- .const
  00007628    00007628    00000ee4   00000ee4    r-- .cinit
20000000    20000000    00003c9c   00000000    rw-
  20000000    20000000    00000360   00000000    rw- .vecs
  20000360    20000360    00002524   00000000    rw- .data
  20002888    20002888    00001111   00000000    rw- .bss
  2000399c    2000399c    00000300   00000000    rw- .stack


SECTION ALLOCATION MAP

 output                                  attributes/
section   page    origin      length       input sections
--------  ----  ----------  ----------   ----------------
.text      0    00000040    00005812     
                  00000040    00000430     sysbios.aem4f : BIOS.obj (.text:ti_sysbios_family_arm_m3_Hwi_excDumpRegs__I)
                  00000470    0000034c     ti.targets.arm.rtsarm.aem4f : System.oem4f (.text:xdc_runtime_System_doPrint__I)
                  000007bc    00000324     rtsv7M4_T_le_v4SPD16_eabi.lib : trgdrv.obj (.text)
                  00000ae0    00000320     empty.obj (.text:updateGLCD)
                  00000e00    000002c0     sysbios.aem4f : BIOS.obj (.text:ti_sysbios_knl_Semaphore_pend__E)
                  000010c0    00000254                   : BIOS.obj (.text:ti_sysbios_heaps_HeapMem_free__E)
                  00001314    00000004     driverlib.lib : timer.obj (.text:TimerIntClear)
                  00001318    00000248     sysbios.aem4f : BIOS.obj (.text:ti_sysbios_heaps_HeapMem_alloc__E)
                  00001560    00000214     empty.obj (.text:main)
                  00001774    00000004     empty_pem4f.oem4f (.text:ti_sysbios_BIOS_RtsGateProxy_enter__E)
                  00001778    000001fc     sysbios.aem4f : BIOS.obj (.text:ti_sysbios_family_arm_m3_Hwi_excHandlerMax__I)
                  00001974    00000004     empty_pem4f.oem4f (.text:ti_sysbios_BIOS_RtsGateProxy_leave__E)
                  00001978    00000174     sysbios.aem4f : BIOS.obj (.text:ti_sysbios_family_arm_m3_Hwi_excBusFault__I)
                  00001aec    00000004                   : BIOS.obj (.text:ti_sysbios_family_arm_lm4_Timer_masterEnable__I)
                  00001af0    00000164                   : BIOS.obj (.text:ti_sysbios_family_arm_m3_Hwi_excUsageFault__I)
                  00001c54    00000004     empty_pem4f.oem4f (.text:ti_sysbios_family_arm_m3_TaskSupport_Module__startupDone__S)
                  00001c58    00000148     sysbios.aem4f : BIOS.obj (.text:ti_sysbios_family_arm_m3_Hwi_excMemFault__I)
                  00001da0    0000013c                   : BIOS.obj (.text:ti_sysbios_heaps_HeapMem_Instance_init__E)
                  00001edc    00000130     driverlib.lib : gpio.obj (.text:GPIOPadConfigSet)
                  0000200c    00000004     empty_pem4f.oem4f (.text:ti_sysbios_heaps_HeapMem_Module_GateProxy_enter__E)
                  00002010    00000120     sysbios.aem4f : BIOS.obj (.text:ti_sysbios_family_arm_lm4_Timer_start__E)
                  00002130    00000118     ti.targets.arm.rtsarm.aem4f : Error.oem4f (.text:xdc_runtime_Error_policyDefault__E)
                  00002248    0000010c     driverlib.lib : sysctl.obj (.text:SysCtlClockGet)
                  00002354    00000104     empty.obj (.text:readSwitch)
                  00002458    00000100     Boot.aem4f : Boot_sysctl.oem4f (.text:ti_catalog_arm_cortexm4_tiva_ce_Boot_sysCtlClockSetI__I)
                  00002558    00000100     ti.targets.arm.rtsarm.aem4f : Core-mem.oem4f (.text:xdc_runtime_Core_createObject__I)
                  00002658    000000f8                                 : Startup.oem4f (.text:xdc_runtime_Startup_startMods__I)
                  00002750    000000f8     empty_pem4f.oem4f (.text:xdc_runtime_System_printfExtend__I)
                  00002848    000000f4     sysbios.aem4f : m3_Hwi_asm.obj (.text:ti_sysbios_family_arm_m3_Hwi_dispatch__I)
                  0000293c    000000f0     driverlib.lib : sysctl.obj (.text:SysCtlClockSet)
                  00002a2c    00000004     empty_pem4f.oem4f (.text:ti_sysbios_heaps_HeapMem_Module_GateProxy_leave__E)
                  00002a30    000000ec     sysbios.aem4f : BIOS.obj (.text:ti_sysbios_knl_Semaphore_post__E)
                  00002b1c    000000cc     ti.targets.arm.rtsarm.aem4f : Core-smem.oem4f (.text:xdc_runtime_Core_constructObject__I)
                  00002be8    000000bc     sysbios.aem4f : BIOS.obj (.text:ti_sysbios_family_arm_m3_Hwi_excDebugMon__I)
                  00002ca4    00000004     empty_pem4f.oem4f (.text:ti_sysbios_knl_Clock_TimerProxy_getMaxTicks__E)
                  00002ca8    000000bc     sysbios.aem4f : BIOS.obj (.text:ti_sysbios_family_arm_m3_Hwi_excHardFault__I)
                  00002d64    00000004     empty_pem4f.oem4f (.text:ti_sysbios_knl_Queue_destruct)
                  00002d68    000000b4     sysbios.aem4f : BIOS.obj (.text:ti_sysbios_gates_GateMutex_enter__E)
                  00002e1c    00000004     empty_pem4f.oem4f (.text:ti_sysbios_knl_Semaphore_destruct)
                  00002e20    000000b4     sysbios.aem4f : BIOS.obj (.text:ti_sysbios_knl_Task_checkStacks__E)
                  00002ed4    00000004     ti.targets.arm.rtsarm.aem4f : Error.oem4f (.text:xdc_runtime_Error_getSite__E)
                  00002ed8    000000ac     sysbios.aem4f : BIOS.obj (.text:ti_sysbios_family_arm_lm4_Timer_enableTiva__I)
                  00002f84    00000004     empty_pem4f.oem4f (.text:xdc_runtime_System_Module_GateProxy_enter__E)
                  00002f88    000000a8     sysbios.aem4f : BIOS.obj (.text:ti_sysbios_family_arm_lm4_Timer_enableTimers__I)
                  00003030    000000a0     auto_init.aem4f : auto_init.oem4f (.text)
                  000030d0    000000a0     ti.targets.arm.rtsarm.aem4f : Text.oem4f (.text:xdc_runtime_Text_putMod__E)
                  00003170    0000009c     rtsv7M4_T_le_v4SPD16_eabi.lib : memcpy_t2.obj (.text)
                  0000320c    00000004     empty_pem4f.oem4f (.text:xdc_runtime_System_Module_GateProxy_leave__E)
                  00003210    0000009c     sysbios.aem4f : BIOS.obj (.text:ti_sysbios_knl_Semaphore_Instance_init__E)
                  000032ac    00000004     ti.targets.arm.rtsarm.aem4f : System.oem4f (.text:xdc_runtime_System_aprintf_va__F)
                  000032b0    0000009c     sysbios.aem4f : BIOS.obj (.text:ti_sysbios_knl_Task_postInit__I)
                  0000334c    0000009a     ti.targets.arm.rtsarm.aem4f : Text.oem4f (.text:xdc_runtime_Text_putSite__E)
                  000033e6    00000002     rtsv7M4_T_le_v4SPD16_eabi.lib : i_div0.obj (.text)
                  000033e8    00000098     Boot.aem4f : Boot.oem4f (.text:ti_catalog_arm_cortexm4_tiva_ce_Boot_sysCtlClockSet__E)
                  00003480    00000094     sysbios.aem4f : BIOS.obj (.text:ti_sysbios_family_arm_m3_Hwi_initNVIC__E)
                  00003514    0000008c                   : m3_TaskSupport_asm.obj (.text:ti_sysbios_family_arm_m3_TaskSupport_buildTaskStack)
                  000035a0    00000084                   : BIOS.obj (.text:ti_sysbios_family_arm_m3_Hwi_postInit__I)
                  00003624    00000080     empty.obj (.text:readADC)
                  000036a4    0000007a     driverlib.lib : adc.obj (.text:ADCSequenceStepConfigure)
                  0000371e    0000007a     rtsv7M4_T_le_v4SPD16_eabi.lib : memset_t2.obj (.text)
                  00003798    00000078     empty.obj (.text:glcd_init)
                  00003810    00000074     empty.obj (.text:Timer_ISR)
                  00003884    0000006d     ti.targets.arm.rtsarm.aem4f : System.oem4f (.text:xdc_runtime_System_formatNum__I)
                  000038f1    00000001     --HOLE-- [fill = 0]
                  000038f2    00000006     driverlib.lib : gpio.obj (.text:GPIOPinRead)
                  000038f8    0000006c     sysbios.aem4f : BIOS.obj (.text:ti_sysbios_knl_Clock_workFunc__E)
                  00003964    00000004     ti.targets.arm.rtsarm.aem4f : System.oem4f (.text:xdc_runtime_System_printf_va__F)
                  00003968    0000006c     sysbios.aem4f : BIOS.obj (.text:ti_sysbios_knl_Swi_restoreHwi__E)
                  000039d4    00000002     empty_pem4f.oem4f (.text:ti_sysbios_BIOS_nullFunc__I)
                  000039d6    00000002     empty_pem4f.oem4f (.text:xdc_runtime_Startup_reset__I)
                  000039d8    0000006c     sysbios.aem4f : BIOS.obj (.text:ti_sysbios_knl_Task_exit__E)
                  00003a44    0000006c     ti.targets.arm.rtsarm.aem4f : Error.oem4f (.text:xdc_runtime_Error_print__E)
                  00003ab0    0000006c                                 : Memory.oem4f (.text:xdc_runtime_Memory_alloc__E)
                  00003b1c    0000006a     rtsv7M4_T_le_v4SPD16_eabi.lib : copy_decompress_rle.obj (.text)
                  00003b86    00000002     --HOLE-- [fill = 0]
                  00003b88    00000068     empty.obj (.text:glcd_cmd)
                  00003bf0    00000068     empty.obj (.text:glcd_data)
                  00003c58    00000068     rtsv7M4_T_le_v4SPD16_eabi.lib : trgmsg.obj (.text)
                  00003cc0    00000066     ti.targets.arm.rtsarm.aem4f : Core-mem.oem4f (.text:xdc_runtime_Core_deleteObject__I)
                  00003d26    00000002     --HOLE-- [fill = 0]
                  00003d28    00000064     sysbios.aem4f : BIOS.obj (.text:ti_sysbios_family_arm_lm4_Timer_Module_startup__E)
                  00003d8c    00000004     --HOLE-- [fill = 0]
                  00003d90    00000064                   : BIOS.obj (.text:ti_sysbios_family_arm_m3_Hwi_dispatchC__I)
                  00003df4    00000060     driverlib.lib : timer.obj (.text:TimerConfigure)
                  00003e54    00000004     --HOLE-- [fill = 0]
                  00003e58    00000060     sysbios.aem4f : BIOS.obj (.text:ti_sysbios_family_arm_lm4_Timer_isrStub__E)
                  00003eb8    00000060                   : BIOS.obj (.text:ti_sysbios_knl_Task_schedule__I)
                  00003f18    0000005c                   : BIOS.obj (.text:ti_sysbios_knl_Swi_run__I)
                  00003f74    00000004     --HOLE-- [fill = 0]
                  00003f78    0000005c                   : BIOS.obj (.text:ti_sysbios_knl_Swi_schedule__I)
                  00003fd4    00000004     --HOLE-- [fill = 0]
                  00003fd8    0000005c                   : BIOS.obj (.text:ti_sysbios_knl_Task_Module_startup__E)
                  00004034    00000004     --HOLE-- [fill = 0]
                  00004038    0000005c                   : BIOS.obj (.text:ti_sysbios_knl_Task_startCore__E)
                  00004094    0000005b     ti.targets.arm.rtsarm.aem4f : Text.oem4f (.text:xdc_runtime_Text_putLab__E)
                  000040ef    00000001     --HOLE-- [fill = 0]
                  000040f0    0000005a     empty.obj (.text:glcd_cleardisplay)
                  0000414a    00000002     --HOLE-- [fill = 0]
                  0000414c    00000058     boot.aem4f : boot.oem4f (.text)
                  000041a4    00000058     sysbios.aem4f : m3_Hwi_asm_switch.obj (.text:ti_sysbios_family_arm_m3_Hwi_initStacks__E)
                  000041fc    00000054     rtsv7M4_T_le_v4SPD16_eabi.lib : exit.obj (.text)
                  00004250    00000054     ti.targets.arm.rtsarm.aem4f : Assert.oem4f (.text:xdc_runtime_Assert_raise__I)
                  000042a4    00000004     --HOLE-- [fill = 0]
                  000042a8    00000050     sysbios.aem4f : BIOS.obj (.text:ti_sysbios_family_arm_m3_Hwi_Module_startup__E)
                  000042f8    00000050     ti.targets.arm.rtsarm.aem4f : Startup.oem4f (.text:xdc_runtime_Startup_exec__E)
                  00004348    00000050                                 : Text.oem4f (.text:xdc_runtime_Text_visitRope2__I)
                  00004398    0000004c     rtsv7M4_T_le_v4SPD16_eabi.lib : cpy_tbl.obj (.text)
                  000043e4    00000004     --HOLE-- [fill = 0]
                  000043e8    0000004c     sysbios.aem4f : BIOS.obj (.text:ti_sysbios_heaps_HeapMem_getStats__E)
                  00004434    00000004     --HOLE-- [fill = 0]
                  00004438    0000004c                   : BIOS.obj (.text:ti_sysbios_knl_Swi_runLoop__I)
                  00004484    00000004     --HOLE-- [fill = 0]
                  00004488    0000004c                   : BIOS.obj (.text:ti_sysbios_knl_Task_allBlockedFunction__I)
                  000044d4    00000048     empty.obj (.text:glcd_setcolumn)
                  0000451c    00000004     --HOLE-- [fill = 0]
                  00004520    00000048     sysbios.aem4f : BIOS.obj (.text:ti_sysbios_family_arm_m3_Hwi_disableInterrupt__E)
                  00004568    00000048                   : BIOS.obj (.text:ti_sysbios_family_arm_m3_Hwi_enableInterrupt__E)
                  000045b0    00000048                   : BIOS.obj (.text:ti_sysbios_family_arm_m3_Hwi_excReserved__I)
                  000045f8    00000046     ti.targets.arm.rtsarm.aem4f : Core-params.oem4f (.text:xdc_runtime_Core_assignParams__I)
                  0000463e    00000002     --HOLE-- [fill = 0]
                  00004640    00000044     sysbios.aem4f : BIOS.obj (.text:ti_sysbios_family_arm_m3_Hwi_getStackInfo__E)
                  00004684    00000004     --HOLE-- [fill = 0]
                  00004688    00000044                   : BIOS.obj (.text:ti_sysbios_knl_Swi_post__E)
                  000046cc    00000044     empty.obj (.text:timer2Init)
                  00004710    00000044     ti.targets.arm.rtsarm.aem4f : Error.oem4f (.text:xdc_runtime_Error_setX__E)
                  00004754    00000044                                 : SysMin.oem4f (.text:xdc_runtime_SysMin_flush__E)
                  00004798    00000044                                 : Text.oem4f (.text:xdc_runtime_Text_xprintf__I)
                  000047dc    00000040     rtsv7M4_T_le_v4SPD16_eabi.lib : u_divt2.obj (.text)
                  0000481c    00000004     --HOLE-- [fill = 0]
                  00004820    00000040     sysbios.aem4f : BIOS.obj (.text:ti_sysbios_family_arm_lm4_Timer_startup__E)
                  00004860    0000003e     driverlib.lib : adc.obj (.text:ADCSequenceConfigure)
                  0000489e    00000002     --HOLE-- [fill = 0]
                  000048a0    0000003c     empty.obj (.text:glcd_setpage)
                  000048dc    00000004     --HOLE-- [fill = 0]
                  000048e0    0000003c     sysbios.aem4f : BIOS.obj (.text:ti_sysbios_family_arm_m3_Hwi_excSvCall__I)
                  0000491c    00000004     --HOLE-- [fill = 0]
                  00004920    0000003c                   : BIOS.obj (.text:ti_sysbios_heaps_HeapMem_init__I)
                  0000495c    00000004     --HOLE-- [fill = 0]
                  00004960    0000003c                   : BIOS.obj (.text:ti_sysbios_knl_Swi_restore__E)
                  0000499c    00000004     --HOLE-- [fill = 0]
                  000049a0    00000038                   : BIOS.obj (.text:ti_sysbios_family_arm_m3_Hwi_excNoIsr__I)
                  000049d8    00000038                   : BIOS.obj (.text:ti_sysbios_knl_Task_processVitalTaskFlag__I)
                  00004a10    00000038     ti.targets.arm.rtsarm.aem4f : SysMin.oem4f (.text:xdc_runtime_SysMin_putch__E)
                  00004a48    00000038                                 : System.oem4f (.text:xdc_runtime_System_atexit__E)
                  00004a80    00000034     driverlib.lib : sysctl.obj (.text:SysCtlPeripheralEnable)
                  00004ab4    00000004     --HOLE-- [fill = 0]
                  00004ab8    00000034     sysbios.aem4f : BIOS.obj (.text:ti_sysbios_family_arm_m3_Hwi_excNmi__I)
                  00004aec    00000004     --HOLE-- [fill = 0]
                  00004af0    00000034                   : BIOS.obj (.text:ti_sysbios_hal_Hwi_checkStack)
                  00004b24    00000034     ti.targets.arm.rtsarm.aem4f : Core-label.oem4f (.text:xdc_runtime_Core_assignLabel__I)
                  00004b58    00000033                                 : Text.oem4f (.text:xdc_runtime_Text_printVisFxn__I)
                  00004b8b    00000005     --HOLE-- [fill = 0]
                  00004b90    00000032     sysbios.aem4f : BIOS.obj (.text:ti_sysbios_hal_Hwi_initStack)
                  00004bc2    00000002     --HOLE-- [fill = 0]
                  00004bc4    00000030     empty_pem4f.oem4f (.text:ti_sysbios_BIOS_atExitFunc__I)
                  00004bf4    00000004     --HOLE-- [fill = 0]
                  00004bf8    00000030     sysbios.aem4f : BIOS.obj (.text:ti_sysbios_family_arm_lm4_Timer_stop__E)
                  00004c28    00000030                   : BIOS.obj (.text:ti_sysbios_family_arm_m3_TaskSupport_start__E)
                  00004c58    00000030     empty_pem4f.oem4f (.text:ti_sysbios_gates_GateHwi_Object__create__S)
                  00004c88    00000030     empty_pem4f.oem4f (.text:ti_sysbios_gates_GateMutex_Object__create__S)
                  00004cb8    00000030     empty_pem4f.oem4f (.text:ti_sysbios_heaps_HeapMem_Object__create__S)
                  00004ce8    00000030     empty_pem4f.oem4f (.text:ti_sysbios_knl_Semaphore_construct)
                  00004d18    00000030     sysbios.aem4f : BIOS.obj (.text:ti_sysbios_knl_Semaphore_pendTimeout__I)
                  00004d48    00000030                   : BIOS.obj (.text:ti_sysbios_knl_Task_unblockI__E)
                  00004d78    00000030     ti.targets.arm.rtsarm.aem4f : SysMin.oem4f (.text:xdc_runtime_SysMin_abort__E)
                  00004da8    00000030                                 : System.oem4f (.text:xdc_runtime_System_processAtExit__E)
                  00004dd8    0000002e     driverlib.lib : adc.obj (.text:ADCIntStatus)
                  00004e06    00000002     --HOLE-- [fill = 0]
                  00004e08    0000002c     empty_pem4f.oem4f (.text:ti_sysbios_knl_Clock_doTick__I)
                  00004e34    0000002c     empty_pem4f.oem4f (.text:ti_sysbios_knl_Queue_construct)
                  00004e60    0000002c     sysbios.aem4f : BIOS.obj (.text:ti_sysbios_knl_Task_restore__E)
                  00004e8c    0000002c     ti.targets.arm.rtsarm.aem4f : Text.oem4f (.text:xdc_runtime_Text_cordText__E)
                  00004eb8    0000002a     driverlib.lib : gpio.obj (.text:GPIODirModeSet)
                  00004ee2    0000002a     ti.targets.arm.rtsarm.aem4f : System.oem4f (.text:xdc_runtime_System_putchar__I)
                  00004f0c    00000004     --HOLE-- [fill = 0]
                  00004f10    00000028     sysbios.aem4f : BIOS.obj (.text:ti_sysbios_knl_Swi_Module_startup__E)
                  00004f38    00000026                   : m3_Hwi_asm.obj (.text:ti_sysbios_family_arm_m3_Hwi_pendSV__I)
                  00004f5e    00000026     ti.targets.arm.rtsarm.aem4f : System.oem4f (.text:xdc_runtime_System_avprintf__E)
                  00004f84    00000024     empty_pem4f.oem4f (.text:ti_sysbios_BIOS_errorRaiseHook__I)
                  00004fa8    00000024     empty_pem4f.oem4f (.text:ti_sysbios_BIOS_registerRTSLock__I)
                  00004fcc    00000024     empty_pem4f.oem4f (.text:ti_sysbios_BIOS_removeRTSLock__I)
                  00004ff0    00000024     empty_pem4f.oem4f (.text:ti_sysbios_BIOS_startFunc__I)
                  00005014    00000024     empty_pem4f.oem4f (.text:ti_sysbios_gates_GateMutex_Object__delete__S)
                  00005038    00000024     sysbios.aem4f : BIOS.obj (.text:ti_sysbios_knl_Clock_Module_startup__E)
                  0000505c    00000004     --HOLE-- [fill = 0]
                  00005060    00000024                   : BIOS.obj (.text:ti_sysbios_knl_Task_restoreHwi__E)
                  00005084    00000024     ti.targets.arm.rtsarm.aem4f : System.oem4f (.text:xdc_runtime_System_vprintf__E)
                  000050a8    00000022     sysbios.aem4f : BIOS.obj (.text:ti_sysbios_family_arm_lm4_Timer_write__I)
                  000050ca    00000022     empty_pem4f.oem4f (.text:xdc_runtime_SysMin_output__I)
                  000050ec    00000020     empty_pem4f.oem4f (.text:ti_sysbios_BIOS_rtsLock__I)
                  0000510c    00000020     sysbios.aem4f : m3_Hwi_asm.obj (.text:ti_sysbios_family_arm_m3_Hwi_excHandlerAsm__I)
                  0000512c    00000004     --HOLE-- [fill = 0]
                  00005130    00000020                   : BIOS.obj (.text:ti_sysbios_family_arm_m3_Hwi_excHandler__I)
                  00005150    00000020     empty_pem4f.oem4f (.text:ti_sysbios_gates_GateHwi_Object__delete__S)
                  00005170    00000020     empty_pem4f.oem4f (.text:ti_sysbios_heaps_HeapMem_Object__delete__S)
                  00005190    00000020     sysbios.aem4f : BIOS.obj (.text:ti_sysbios_knl_Idle_run__E)
                  000051b0    00000020     empty_pem4f.oem4f (.text:ti_sysbios_knl_Semaphore_Object__destruct__S)
                  000051d0    00000020     ti.targets.arm.rtsarm.aem4f : Registry.oem4f (.text:xdc_runtime_Registry_findById__E)
                  000051f0    00000020                                 : SysMin.oem4f (.text:xdc_runtime_SysMin_Module_startup__E)
                  00005210    0000001e     driverlib.lib : adc.obj (.text:ADCSequenceDataGet)
                  0000522e    0000001e     sysbios.aem4f : m3_Hwi_asm_switch.obj (.text:ti_sysbios_family_xxx_Hwi_switchAndRunFunc)
                  0000524c    00000004     --HOLE-- [fill = 0]
                  00005250    0000001c                   : BIOS.obj (.text:ti_sysbios_gates_GateMutex_Instance_init__E)
                  0000526c    0000001c     empty_pem4f.oem4f (.text:ti_sysbios_knl_Queue_Object__destruct__S)
                  00005288    0000001c     sysbios.aem4f : BIOS.obj (.text:ti_sysbios_knl_Queue_put__E)
                  000052a4    00000004     --HOLE-- [fill = 0]
                  000052a8    0000001c                   : BIOS.obj (.text:ti_sysbios_knl_Task_enter__I)
                  000052c4    0000001c     ti.targets.arm.rtsarm.aem4f : Error.oem4f (.text:xdc_runtime_Error_raiseX__E)
                  000052e0    0000001c                                 : Memory.oem4f (.text:xdc_runtime_Memory_valloc__E)
                  000052fc    0000001c                                 : SysMin.oem4f (.text:xdc_runtime_SysMin_exit__E)
                  00005318    0000001c                                 : System.oem4f (.text:xdc_runtime_System_abort__E)
                  00005334    0000001a     empty_pem4f.oem4f (.text:ti_sysbios_family_arm_m3_Hwi_Handle__label__S)
                  0000534e    0000001a     empty_pem4f.oem4f (.text:ti_sysbios_gates_GateHwi_Handle__label__S)
                  00005368    0000001a     empty_pem4f.oem4f (.text:ti_sysbios_gates_GateMutex_Handle__label__S)
                  00005382    0000001a     empty_pem4f.oem4f (.text:ti_sysbios_heaps_HeapMem_Handle__label__S)
                  0000539c    0000001a     empty_pem4f.oem4f (.text:ti_sysbios_knl_Swi_Handle__label__S)
                  000053b6    0000001a     empty_pem4f.oem4f (.text:ti_sysbios_knl_Task_Handle__label__S)
                  000053d0    0000001a     empty_pem4f.oem4f (.text:xdc_runtime_System_aprintf__E)
                  000053ea    0000001a     empty_pem4f.oem4f (.text:xdc_runtime_System_printf__E)
                  00005404    00000018     driverlib.lib : adc.obj (.text:ADCProcessorTrigger)
                  0000541c    00000018                   : gpio.obj (.text:GPIOPinTypeGPIOOutput)
                  00005434    00000018     rtsv7M4_T_le_v4SPD16_eabi.lib : args_main.obj (.text)
                  0000544c    00000018     empty_pem4f.oem4f (.text:ti_sysbios_BIOS_rtsUnlock__I)
                  00005464    00000018     empty_pem4f.oem4f (.text:ti_sysbios_family_arm_lm4_Timer_Module__startupDone__F)
                  0000547c    00000018     empty_pem4f.oem4f (.text:ti_sysbios_family_arm_m3_Hwi_Module__startupDone__F)
                  00005494    00000018     sysbios.aem4f : m3_TaskSupport_asm.obj (.text:ti_sysbios_family_arm_m3_TaskSupport_swap__E)
                  000054ac    00000004     --HOLE-- [fill = 0]
                  000054b0    00000018                   : BIOS.obj (.text:ti_sysbios_gates_GateMutex_leave__E)
                  000054c8    00000018     ti.targets.arm.rtsarm.aem4f : Error.oem4f (.text:xdc_runtime_Error_check__E)
                  000054e0    00000018                                 : System.oem4f (.text:xdc_runtime_System_exit__E)
                  000054f8    00000018                                 : Text.oem4f (.text:xdc_runtime_Text_ropeText__E)
                  00005510    00000016     empty_pem4f.oem4f (.text:ti_sysbios_BIOS_exitFunc__I)
                  00005526    00000002     --HOLE-- [fill = 0]
                  00005528    00000014     rtsv7M4_T_le_v4SPD16_eabi.lib : _lock.obj (.text)
                  0000553c    00000014                                   : strcpy.obj (.text)
                  00005550    00000014                                   : strlen.obj (.text)
                  00005564    00000014     empty_pem4f.oem4f (.text:ti_sysbios_family_arm_m3_Hwi_Object__get__S)
                  00005578    00000014     sysbios.aem4f : BIOS.obj (.text:ti_sysbios_family_arm_m3_Hwi_switchFromBootStack__E)
                  0000558c    00000014     empty_pem4f.oem4f (.text:ti_sysbios_heaps_HeapMem_Object__get__S)
                  000055a0    00000014     empty_pem4f.oem4f (.text:ti_sysbios_knl_Swi_Object__get__S)
                  000055b4    00000012     driverlib.lib : gpio.obj (.text:GPIOPinTypeADC)
                  000055c6    00000012                   : gpio.obj (.text:GPIOPinTypeGPIOInput)
                  000055d8    00000012                   : timer.obj (.text:TimerLoadSet)
                  000055ea    00000006                   : gpio.obj (.text:GPIOPinWrite)
                  000055f0    00000012     sysbios.aem4f : BIOS.obj (.text:ti_sysbios_hal_Hwi_Module_startup__E)
                  00005602    00000012     empty_pem4f.oem4f (.text:xdc_runtime_Startup_exec__I)
                  00005614    00000004     --HOLE-- [fill = 0]
                  00005618    00000010     sysbios.aem4f : BIOS.obj (.text:ti_sysbios_BIOS_setThreadType__E)
                  00005628    00000010                   : BIOS.obj (.text:ti_sysbios_BIOS_start__E)
                  00005638    00000010                   : m3_TaskSupport_asm.obj (.text:ti_sysbios_family_arm_m3_TaskSupport_glue)
                  00005648    00000010                   : BIOS.obj (.text:ti_sysbios_gates_GateMutex_Instance_finalize__E)
                  00005658    00000010                   : BIOS.obj (.text:ti_sysbios_knl_Semaphore_Instance_finalize__E)
                  00005668    00000010                   : BIOS.obj (.text:ti_sysbios_knl_Swi_disable__E)
                  00005678    00000010     empty_pem4f.oem4f (.text:ti_sysbios_knl_Task_Object__get__S)
                  00005688    00000010     sysbios.aem4f : BIOS.obj (.text:ti_sysbios_knl_Task_disable__E)
                  00005698    00000010     ti.targets.arm.rtsarm.aem4f : Gate.oem4f (.text:xdc_runtime_Gate_leaveSystem__E)
                  000056a8    00000010                                 : Memory.oem4f (.text:xdc_runtime_Memory_free__E)
                  000056b8    00000010                                 : SysMin.oem4f (.text:xdc_runtime_SysMin_ready__E)
                  000056c8    00000010                                 : System.oem4f (.text:xdc_runtime_System_vsnprintf__E)
                  000056d8    00000010     empty_pem4f.oem4f (.text:xdc_runtime_Text_visitRope__I)
                  000056e8    0000000e     driverlib.lib : adc.obj (.text:ADCSequenceEnable)
                  000056f6    0000000e                   : timer.obj (.text:TimerEnable)
                  00005704    0000000e     rtsv7M4_T_le_v4SPD16_eabi.lib : copy_decompress_none.obj (.text:decompress:none)
                  00005712    00000006     driverlib.lib : sysctl.obj (.text:SysCtlDelay)
                  00005718    0000000e     sysbios.aem4f : BIOS.obj (.text:ti_sysbios_knl_Idle_loop__E)
                  00005726    00000002     --HOLE-- [fill = 0]
                  00005728    0000000e                   : BIOS.obj (.text:ti_sysbios_knl_Queue_empty__E)
                  00005736    00000002     --HOLE-- [fill = 0]
                  00005738    0000000c     empty_pem4f.oem4f (.text:.bootCodeSection:ti_catalog_arm_cortexm4_tiva_ce_Boot_init__I)
                  00005744    00000004     --HOLE-- [fill = 0]
                  00005748    0000000c     sysbios.aem4f : BIOS.obj (.text:ti_sysbios_family_arm_lm4_Timer_getMaxTicks__E)
                  00005754    00000004     --HOLE-- [fill = 0]
                  00005758    0000000c                   : BIOS.obj (.text:ti_sysbios_family_arm_m3_TaskSupport_checkStack__E)
                  00005764    00000004     --HOLE-- [fill = 0]
                  00005768    0000000c                   : BIOS.obj (.text:ti_sysbios_gates_GateHwi_enter__E)
                  00005774    0000000c     empty_pem4f.oem4f (.text:ti_sysbios_knl_Queue_Object__get__S)
                  00005780    0000000c     ti.targets.arm.rtsarm.aem4f : Error.oem4f (.text:xdc_runtime_Error_init__E)
                  0000578c    0000000c                                 : Gate.oem4f (.text:xdc_runtime_Gate_enterSystem__E)
                  00005798    0000000c                                 : Memory.oem4f (.text:xdc_runtime_Memory_calloc__E)
                  000057a4    0000000c                                 : Memory.oem4f (.text:xdc_runtime_Memory_getMaxDefaultTypeAlign__E)
                  000057b0    0000000a     driverlib.lib : adc.obj (.text:ADCIntClear)
                  000057ba    0000000a     empty_pem4f.oem4f (.text:xdc_runtime_IHeap_alloc)
                  000057c4    0000000a     empty_pem4f.oem4f (.text:xdc_runtime_IHeap_free)
                  000057ce    00000008     driverlib.lib : timer.obj (.text:TimerIntEnable)
                  000057d6    00000008     sysbios.aem4f : BIOS.obj (.text:ti_sysbios_family_arm_lm4_Timer_masterDisable__I)
                  000057de    00000002     --HOLE-- [fill = 0]
                  000057e0    00000008                   : BIOS.obj (.text:ti_sysbios_family_arm_m3_Hwi_doSwiRestore__I)
                  000057e8    00000008                   : BIOS.obj (.text:ti_sysbios_family_arm_m3_Hwi_startup__E)
                  000057f0    00000006     rtsv7M4_T_le_v4SPD16_eabi.lib : copy_decompress_rle.obj (.text:decompress:rle24)
                  000057f6    00000006     Boot.aem4f : Boot_sysctl.oem4f (.text:ti_catalog_arm_cortexm4_tiva_ce_Boot_sysCtlDelayI__I)
                  000057fc    00000004     --HOLE-- [fill = 0]
                  00005800    00000006     sysbios.aem4f : BIOS.obj (.text:ti_sysbios_family_arm_m3_Hwi_doTaskRestore__I)
                  00005806    00000002     --HOLE-- [fill = 0]
                  00005808    00000006                   : BIOS.obj (.text:ti_sysbios_gates_GateHwi_leave__E)
                  0000580e    00000002     --HOLE-- [fill = 0]
                  00005810    00000006                   : BIOS.obj (.text:ti_sysbios_heaps_HeapMem_isBlocking__E)
                  00005816    00000002     --HOLE-- [fill = 0]
                  00005818    00000006                   : BIOS.obj (.text:ti_sysbios_knl_Queue_Instance_init__E)
                  0000581e    00000002     --HOLE-- [fill = 0]
                  00005820    00000006                   : BIOS.obj (.text:ti_sysbios_knl_Swi_startup__E)
                  00005826    00000006     ti.targets.arm.rtsarm.aem4f : System.oem4f (.text:xdc_runtime_System_Module_startup__E)
                  0000582c    00000004     --HOLE-- [fill = 0]
                  00005830    00000004     sysbios.aem4f : BIOS.obj (.text:ti_sysbios_gates_GateHwi_query__E)
                  00005834    00000004     --HOLE-- [fill = 0]
                  00005838    00000004                   : BIOS.obj (.text:ti_sysbios_gates_GateMutex_query__E)
                  0000583c    00000004     --HOLE-- [fill = 0]
                  00005840    00000004                   : BIOS.obj (.text:ti_sysbios_knl_Task_startup__E)
                  00005844    00000004     --HOLE-- [fill = 0]
                  00005848    00000002                   : BIOS.obj (.text:ti_sysbios_gates_GateHwi_Instance_init__E)
                  0000584a    00000006     --HOLE-- [fill = 0]
                  00005850    00000002                   : BIOS.obj (.text:ti_sysbios_knl_Clock_logTick__E)

.const     0    00005854    00001dd2     
                  00005854    000018b1     empty_pem4f.oem4f (.const:xdc_runtime_Text_charTab__A)
                  00007105    00000001     empty_pem4f.oem4f (.const:xdc_runtime_Error_policy__C)
                  00007106    000000bc     empty_pem4f.oem4f (.const:xdc_runtime_Text_nodeTab__A)
                  000071c2    00000002     empty_pem4f.oem4f (.const:ti_catalog_arm_cortexm4_tiva_ce_Boot_Module__id__C)
                  000071c4    0000006c     driverlib.lib : sysctl.obj (.const:g_pui32Xtals)
                  00007230    00000048     empty_pem4f.oem4f (.const:.string)
                  00007278    00000028     empty_pem4f.oem4f (.const:ti_sysbios_heaps_HeapMem_Module__FXNS__C)
                  000072a0    00000024     empty_pem4f.oem4f (.const:ti_sysbios_gates_GateHwi_Module__FXNS__C)
                  000072c4    00000024     empty_pem4f.oem4f (.const:ti_sysbios_gates_GateMutex_Module__FXNS__C)
                  000072e8    00000024     empty_pem4f.oem4f (.const:ti_sysbios_heaps_HeapMem_Object__PARAMS__C)
                  0000730c    00000024     empty_pem4f.oem4f (.const:ti_sysbios_knl_Semaphore_Object__PARAMS__C)
                  00007330    00000020     empty_pem4f.oem4f (.const:ti_sysbios_gates_GateHwi_Object__DESC__C)
                  00007350    00000020     empty_pem4f.oem4f (.const:ti_sysbios_gates_GateMutex_Object__DESC__C)
                  00007370    00000020     empty_pem4f.oem4f (.const:ti_sysbios_heaps_HeapMem_Object__DESC__C)
                  00007390    00000020     empty_pem4f.oem4f (.const:ti_sysbios_knl_Queue_Object__DESC__C)
                  000073b0    00000020     empty_pem4f.oem4f (.const:ti_sysbios_knl_Semaphore_Object__DESC__C)
                  000073d0    00000020     empty_pem4f.oem4f (.const:xdc_runtime_Startup_sfxnTab__A)
                  000073f0    0000001c     empty_pem4f.oem4f (.const)
                  0000740c    00000018     empty_pem4f.oem4f (.const:ti_sysbios_gates_GateHwi_Object__PARAMS__C)
                  00007424    00000018     empty_pem4f.oem4f (.const:ti_sysbios_gates_GateMutex_Object__PARAMS__C)
                  0000743c    00000018     empty_pem4f.oem4f (.const:ti_sysbios_knl_Queue_Object__PARAMS__C)
                  00007454    00000014     empty_pem4f.oem4f (.const:xdc_runtime_Startup_firstFxns__A)
                  00007468    00000010     empty_pem4f.oem4f (.const:xdc_runtime_Startup_sfxnRts__A)
                  00007478    00000008     empty_pem4f.oem4f (.const:ti_sysbios_family_arm_m3_Hwi_excHookFuncs__A)
                  00007480    00000008     empty_pem4f.oem4f (.const:ti_sysbios_knl_Idle_funcList__C)
                  00007488    00000008     empty_pem4f.oem4f (.const:xdc_runtime_Startup_firstFxns__C)
                  00007490    00000008     empty_pem4f.oem4f (.const:xdc_runtime_Startup_lastFxns__C)
                  00007498    00000004     empty_pem4f.oem4f (.const:ti_catalog_arm_cortexm4_tiva_ce_Boot_A_mustUseEnhancedClockMode__C)
                  0000749c    00000004     empty_pem4f.oem4f (.const:ti_catalog_arm_cortexm4_tiva_ce_Boot_Module__diagsEnabled__C)
                  000074a0    00000004     empty_pem4f.oem4f (.const:ti_catalog_arm_cortexm4_tiva_ce_Boot_Module__diagsIncluded__C)
                  000074a4    00000004     empty_pem4f.oem4f (.const:ti_catalog_arm_cortexm4_tiva_ce_Boot_Module__diagsMask__C)
                  000074a8    00000004     empty_pem4f.oem4f (.const:ti_sysbios_family_arm_lm4_Timer_enableFunc__C)
                  000074ac    00000004     empty_pem4f.oem4f (.const:ti_sysbios_family_arm_lm4_Timer_numTimerDevices__C)
                  000074b0    00000004     empty_pem4f.oem4f (.const:ti_sysbios_family_arm_lm4_Timer_startupNeeded__C)
                  000074b4    00000004     empty_pem4f.oem4f (.const:ti_sysbios_family_arm_m3_Hwi_E_NMI__C)
                  000074b8    00000004     empty_pem4f.oem4f (.const:ti_sysbios_family_arm_m3_Hwi_E_busFault__C)
                  000074bc    00000004     empty_pem4f.oem4f (.const:ti_sysbios_family_arm_m3_Hwi_E_debugMon__C)
                  000074c0    00000004     empty_pem4f.oem4f (.const:ti_sysbios_family_arm_m3_Hwi_E_hardFault__C)
                  000074c4    00000004     empty_pem4f.oem4f (.const:ti_sysbios_family_arm_m3_Hwi_E_memFault__C)
                  000074c8    00000004     empty_pem4f.oem4f (.const:ti_sysbios_family_arm_m3_Hwi_E_noIsr__C)
                  000074cc    00000004     empty_pem4f.oem4f (.const:ti_sysbios_family_arm_m3_Hwi_E_reserved__C)
                  000074d0    00000004     empty_pem4f.oem4f (.const:ti_sysbios_family_arm_m3_Hwi_E_svCall__C)
                  000074d4    00000004     empty_pem4f.oem4f (.const:ti_sysbios_family_arm_m3_Hwi_E_usageFault__C)
                  000074d8    00000004     empty_pem4f.oem4f (.const:ti_sysbios_family_arm_m3_Hwi_NUM_INTERRUPTS__C)
                  000074dc    00000004     empty_pem4f.oem4f (.const:ti_sysbios_family_arm_m3_Hwi_Object__count__C)
                  000074e0    00000004     empty_pem4f.oem4f (.const:ti_sysbios_family_arm_m3_Hwi_ccr__C)
                  000074e4    00000004     empty_pem4f.oem4f (.const:ti_sysbios_family_arm_m3_Hwi_excHandlerFunc__C)
                  000074e8    00000004     empty_pem4f.oem4f (.const:ti_sysbios_family_arm_m3_Hwi_excHookFuncs__C)
                  000074ec    00000004     empty_pem4f.oem4f (.const:ti_sysbios_family_arm_m3_Hwi_nullIsrFunc__C)
                  000074f0    00000004     empty_pem4f.oem4f (.const:ti_sysbios_family_arm_m3_Hwi_priGroup__C)
                  000074f4    00000004     empty_pem4f.oem4f (.const:ti_sysbios_gates_GateMutex_A_badContext__C)
                  000074f8    00000004     empty_pem4f.oem4f (.const:ti_sysbios_gates_GateMutex_Instance_State_sem__O)
                  000074fc    00000004     empty_pem4f.oem4f (.const:ti_sysbios_gates_GateMutex_Module__diagsEnabled__C)
                  00007500    00000004     empty_pem4f.oem4f (.const:ti_sysbios_gates_GateMutex_Module__diagsIncluded__C)
                  00007504    00000004     empty_pem4f.oem4f (.const:ti_sysbios_gates_GateMutex_Module__diagsMask__C)
                  00007508    00000004     empty_pem4f.oem4f (.const:ti_sysbios_hal_Hwi_E_stackOverflow__C)
                  0000750c    00000004     empty_pem4f.oem4f (.const:ti_sysbios_heaps_HeapMem_A_align__C)
                  00007510    00000004     empty_pem4f.oem4f (.const:ti_sysbios_heaps_HeapMem_A_heapSize__C)
                  00007514    00000004     empty_pem4f.oem4f (.const:ti_sysbios_heaps_HeapMem_A_invalidFree__C)
                  00007518    00000004     empty_pem4f.oem4f (.const:ti_sysbios_heaps_HeapMem_A_zeroBlock__C)
                  0000751c    00000004     empty_pem4f.oem4f (.const:ti_sysbios_heaps_HeapMem_E_memory__C)
                  00007520    00000004     empty_pem4f.oem4f (.const:ti_sysbios_heaps_HeapMem_Module__diagsEnabled__C)
                  00007524    00000004     empty_pem4f.oem4f (.const:ti_sysbios_heaps_HeapMem_Module__diagsIncluded__C)
                  00007528    00000004     empty_pem4f.oem4f (.const:ti_sysbios_heaps_HeapMem_Module__diagsMask__C)
                  0000752c    00000004     empty_pem4f.oem4f (.const:ti_sysbios_heaps_HeapMem_Module__gateObj__C)
                  00007530    00000004     empty_pem4f.oem4f (.const:ti_sysbios_heaps_HeapMem_Object__count__C)
                  00007534    00000004     empty_pem4f.oem4f (.const:ti_sysbios_heaps_HeapMem_reqAlign__C)
                  00007538    00000004     empty_pem4f.oem4f (.const:ti_sysbios_knl_Clock_Module_State_clockQ__O)
                  0000753c    00000004     empty_pem4f.oem4f (.const:ti_sysbios_knl_Idle_funcList__A)
                  00007540    00000004     empty_pem4f.oem4f (.const:ti_sysbios_knl_Semaphore_A_badContext__C)
                  00007544    00000004     empty_pem4f.oem4f (.const:ti_sysbios_knl_Semaphore_A_noEvents__C)
                  00007548    00000004     empty_pem4f.oem4f (.const:ti_sysbios_knl_Semaphore_A_overflow__C)
                  0000754c    00000004     empty_pem4f.oem4f (.const:ti_sysbios_knl_Semaphore_A_pendTaskDisabled__C)
                  00007550    00000004     empty_pem4f.oem4f (.const:ti_sysbios_knl_Semaphore_Instance_State_pendQ__O)
                  00007554    00000004     empty_pem4f.oem4f (.const:ti_sysbios_knl_Semaphore_Module__diagsEnabled__C)
                  00007558    00000004     empty_pem4f.oem4f (.const:ti_sysbios_knl_Semaphore_Module__diagsIncluded__C)
                  0000755c    00000004     empty_pem4f.oem4f (.const:ti_sysbios_knl_Semaphore_Module__diagsMask__C)
                  00007560    00000004     empty_pem4f.oem4f (.const:ti_sysbios_knl_Swi_Object__count__C)
                  00007564    00000004     empty_pem4f.oem4f (.const:ti_sysbios_knl_Task_E_spOutOfBounds__C)
                  00007568    00000004     empty_pem4f.oem4f (.const:ti_sysbios_knl_Task_E_stackOverflow__C)
                  0000756c    00000004     empty_pem4f.oem4f (.const:ti_sysbios_knl_Task_Module_State_inactiveQ__O)
                  00007570    00000004     empty_pem4f.oem4f (.const:ti_sysbios_knl_Task_Object__count__C)
                  00007574    00000004     empty_pem4f.oem4f (.const:ti_sysbios_knl_Task_allBlockedFunc__C)
                  00007578    00000004     empty_pem4f.oem4f (.const:ti_sysbios_knl_Task_numConstructedTasks__C)
                  0000757c    00000004     empty_pem4f.oem4f (.const:xdc_runtime_Assert_E_assertFailed__C)
                  00007580    00000004     empty_pem4f.oem4f (.const:xdc_runtime_Core_A_initializedParams__C)
                  00007584    00000004     empty_pem4f.oem4f (.const:xdc_runtime_Core_Module__diagsEnabled__C)
                  00007588    00000004     empty_pem4f.oem4f (.const:xdc_runtime_Core_Module__diagsIncluded__C)
                  0000758c    00000004     empty_pem4f.oem4f (.const:xdc_runtime_Core_Module__diagsMask__C)
                  00007590    00000004     empty_pem4f.oem4f (.const:xdc_runtime_Error_E_memory__C)
                  00007594    00000004     empty_pem4f.oem4f (.const:xdc_runtime_Error_Module__diagsEnabled__C)
                  00007598    00000004     empty_pem4f.oem4f (.const:xdc_runtime_Error_Module__diagsIncluded__C)
                  0000759c    00000004     empty_pem4f.oem4f (.const:xdc_runtime_Error_Module__diagsMask__C)
                  000075a0    00000004     empty_pem4f.oem4f (.const:xdc_runtime_Error_Module__loggerFxn8__C)
                  000075a4    00000004     empty_pem4f.oem4f (.const:xdc_runtime_Error_Module__loggerObj__C)
                  000075a8    00000004     empty_pem4f.oem4f (.const:xdc_runtime_Error_policyFxn__C)
                  000075ac    00000004     empty_pem4f.oem4f (.const:xdc_runtime_Error_raiseHook__C)
                  000075b0    00000004     empty_pem4f.oem4f (.const:xdc_runtime_IGateProvider_Interface__BASE__C)
                  000075b4    00000004     empty_pem4f.oem4f (.const:xdc_runtime_IHeap_Interface__BASE__C)
                  000075b8    00000004     empty_pem4f.oem4f (.const:xdc_runtime_IModule_Interface__BASE__C)
                  000075bc    00000004     empty_pem4f.oem4f (.const:xdc_runtime_Log_L_error__C)
                  000075c0    00000004     empty_pem4f.oem4f (.const:xdc_runtime_Memory_defaultHeapInstance__C)
                  000075c4    00000004     empty_pem4f.oem4f (.const:xdc_runtime_Startup_execImpl__C)
                  000075c8    00000004     empty_pem4f.oem4f (.const:xdc_runtime_Startup_maxPasses__C)
                  000075cc    00000004     empty_pem4f.oem4f (.const:xdc_runtime_Startup_sfxnRts__C)
                  000075d0    00000004     empty_pem4f.oem4f (.const:xdc_runtime_Startup_sfxnTab__C)
                  000075d4    00000004     empty_pem4f.oem4f (.const:xdc_runtime_SysMin_bufSize__C)
                  000075d8    00000004     empty_pem4f.oem4f (.const:xdc_runtime_SysMin_outputFunc__C)
                  000075dc    00000004     empty_pem4f.oem4f (.const:xdc_runtime_System_Module__gateObj__C)
                  000075e0    00000004     empty_pem4f.oem4f (.const:xdc_runtime_System_abortFxn__C)
                  000075e4    00000004     empty_pem4f.oem4f (.const:xdc_runtime_System_exitFxn__C)
                  000075e8    00000004     empty_pem4f.oem4f (.const:xdc_runtime_System_extendFxn__C)
                  000075ec    00000004     empty_pem4f.oem4f (.const:xdc_runtime_System_maxAtexitHandlers__C)
                  000075f0    00000004     empty_pem4f.oem4f (.const:xdc_runtime_Text_charTab__C)
                  000075f4    00000004     empty_pem4f.oem4f (.const:xdc_runtime_Text_nameEmpty__C)
                  000075f8    00000004     empty_pem4f.oem4f (.const:xdc_runtime_Text_nameStatic__C)
                  000075fc    00000004     empty_pem4f.oem4f (.const:xdc_runtime_Text_nameUnknown__C)
                  00007600    00000004     empty_pem4f.oem4f (.const:xdc_runtime_Text_nodeTab__C)
                  00007604    00000004     empty_pem4f.oem4f (.const:xdc_runtime_Text_visitRopeFxn__C)
                  00007608    00000002     empty_pem4f.oem4f (.const:ti_sysbios_family_arm_m3_Hwi_Module__id__C)
                  0000760a    00000002     empty_pem4f.oem4f (.const:ti_sysbios_gates_GateMutex_Module__id__C)
                  0000760c    00000002     empty_pem4f.oem4f (.const:ti_sysbios_hal_Hwi_Module__id__C)
                  0000760e    00000002     empty_pem4f.oem4f (.const:ti_sysbios_heaps_HeapMem_Module__id__C)
                  00007610    00000002     empty_pem4f.oem4f (.const:ti_sysbios_knl_Semaphore_Module__id__C)
                  00007612    00000002     empty_pem4f.oem4f (.const:ti_sysbios_knl_Task_Module__id__C)
                  00007614    00000002     empty_pem4f.oem4f (.const:xdc_runtime_Core_Module__id__C)
                  00007616    00000002     empty_pem4f.oem4f (.const:xdc_runtime_Error_Module__loggerDefined__C)
                  00007618    00000002     empty_pem4f.oem4f (.const:xdc_runtime_Error_maxDepth__C)
                  0000761a    00000002     empty_pem4f.oem4f (.const:xdc_runtime_Memory_Module__id__C)
                  0000761c    00000002     empty_pem4f.oem4f (.const:xdc_runtime_SysMin_flushAtExit__C)
                  0000761e    00000002     empty_pem4f.oem4f (.const:xdc_runtime_Text_charCnt__C)
                  00007620    00000002     empty_pem4f.oem4f (.const:xdc_runtime_Text_isLoaded__C)
                  00007622    00000002     empty_pem4f.oem4f (.const:xdc_runtime_Text_registryModsLastId__C)
                  00007624    00000002     empty_pem4f.oem4f (.const:xdc_runtime_Text_unnamedModsLastId__C)

.cinit     0    00007628    00000ee4     
                  00007628    00000ea3     (.cinit..data.load) [load image, compression = rle]
                  000084cb    00000005     --HOLE-- [fill = 0]
                  000084d0    0000000b     (.cinit..bss.load) [load image, compression = rle]
                  000084db    00000005     --HOLE-- [fill = 0]
                  000084e0    0000000b     (.cinit..vecs.load) [load image, compression = rle]
                  000084eb    00000001     --HOLE-- [fill = 0]
                  000084ec    00000008     (__TI_handler_table)
                  000084f4    00000018     (__TI_cinit_table)

.init_array 
*          0    00000000    00000000     UNINITIALIZED

.resetVecs 
*          0    00000000    0000003c     
                  00000000    0000003c     empty_pem4f.oem4f (.resetVecs)

.vecs      0    20000000    00000360     UNINITIALIZED
                  20000000    00000360     empty_pem4f.oem4f (.vecs)

.data      0    20000360    00002524     UNINITIALIZED
                  20000360    00000400     empty.obj (.data:eight)
                  20000760    00000400     empty.obj (.data:five)
                  20000b60    00000400     empty.obj (.data:four)
                  20000f60    00000400     empty.obj (.data:one)
                  20001360    00000400     empty.obj (.data:seven)
                  20001760    00000400     empty.obj (.data:six)
                  20001b60    00000400     empty.obj (.data:three)
                  20001f60    00000400     empty.obj (.data:two)
                  20002360    00000130     empty_pem4f.oem4f (.data:ti_sysbios_knl_Task_Object__table__V)
                  20002490    00000080     empty_pem4f.oem4f (.data:ti_sysbios_knl_Swi_Module_State_0_readyQ__A)
                  20002510    00000080     empty_pem4f.oem4f (.data:ti_sysbios_knl_Task_Module_State_0_readyQ__A)
                  20002590    00000044     empty_pem4f.oem4f (.data:ti_sysbios_knl_Task_Module__state__V)
                  200025d4    00000040     empty_pem4f.oem4f (.data:ti_sysbios_family_arm_lm4_Timer_Object__table__V)
                  20002614    0000003c     empty_pem4f.oem4f (.data:ti_sysbios_knl_Semaphore_Object__table__V)
                  20002650    00000038     empty_pem4f.oem4f (.data:ti_sysbios_gates_GateMutex_Object__table__V)
                  20002688    00000034     empty_pem4f.oem4f (.data:ti_sysbios_family_arm_m3_Hwi_Module__state__V)
                  200026bc    00000030     empty_pem4f.oem4f (.data:ti_sysbios_family_arm_lm4_Timer_Module_State_0_device__A)
                  200026ec    00000030     empty_pem4f.oem4f (.data:ti_sysbios_family_arm_m3_Hwi_Object__table__V)
                  2000271c    00000030     empty_pem4f.oem4f (.data:ti_sysbios_knl_Swi_Object__table__V)
                  2000274c    0000002c     empty_pem4f.oem4f (.data:ti_sysbios_knl_Clock_Module__state__V)
                  20002778    00000024     empty_pem4f.oem4f (.data:ti_sysbios_BIOS_Module__state__V)
                  2000279c    0000001c     empty_pem4f.oem4f (.data:ti_sysbios_knl_Swi_Module__state__V)
                  200027b8    00000018     empty_pem4f.oem4f (.data:ti_sysbios_family_arm_lm4_Timer_Module_State_0_handles__A)
                  200027d0    00000018     empty_pem4f.oem4f (.data:ti_sysbios_heaps_HeapMem_Object__table__V)
                  200027e8    0000000c     rtsv7M4_T_le_v4SPD16_eabi.lib : exit.obj (.data:$O1$$)
                  200027f4    0000000c     empty_pem4f.oem4f (.data:ti_sysbios_family_arm_lm4_Timer_Module__state__V)
                  20002800    0000000c     empty_pem4f.oem4f (.data:xdc_runtime_SysMin_Module__state__V)
                  2000280c    00000008     rtsv7M4_T_le_v4SPD16_eabi.lib : _lock.obj (.data:$O1$$)
                  20002814    00000008     empty_pem4f.oem4f (.data:ti_sysbios_gates_GateHwi_Module__root__V)
                  2000281c    00000008     empty_pem4f.oem4f (.data:ti_sysbios_gates_GateMutex_Module__root__V)
                  20002824    00000008     empty_pem4f.oem4f (.data:ti_sysbios_hal_Hwi_Object__table__V)
                  2000282c    00000008     empty_pem4f.oem4f (.data:ti_sysbios_heaps_HeapMem_Module__root__V)
                  20002834    00000008     empty_pem4f.oem4f (.data:ti_sysbios_knl_Queue_Module__root__V)
                  2000283c    00000008     empty_pem4f.oem4f (.data:ti_sysbios_knl_Semaphore_Module__root__V)
                  20002844    00000008     empty_pem4f.oem4f (.data:xdc_runtime_Registry_Module__state__V)
                  2000284c    00000008     empty_pem4f.oem4f (.data:xdc_runtime_Startup_Module__state__V)
                  20002854    00000008     empty_pem4f.oem4f (.data:xdc_runtime_System_Module_State_0_atexitHandlers__A)
                  2000285c    00000008     empty_pem4f.oem4f (.data:xdc_runtime_System_Module__state__V)
                  20002864    00000004     empty.obj (.data)
                  20002868    00000004     rtsv7M4_T_le_v4SPD16_eabi.lib : stkdepth_vars.obj (.data)
                  2000286c    00000004     empty_pem4f.oem4f (.data:ti_sysbios_family_arm_m3_Hwi_Module_State_0_excContext__A)
                  20002870    00000004     empty_pem4f.oem4f (.data:ti_sysbios_family_arm_m3_Hwi_Module_State_0_excStack__A)
                  20002874    00000004     empty_pem4f.oem4f (.data:ti_sysbios_gates_GateHwi_Object__table__V)
                  20002878    00000004     empty_pem4f.oem4f (.data:ti_sysbios_knl_Task_Module_State_0_idleTask__A)
                  2000287c    00000004     empty_pem4f.oem4f (.data:xdc_runtime_Memory_Module__state__V)
                  20002880    00000002     empty_pem4f.oem4f (.data:ti_sysbios_family_arm_m3_Hwi_Module_State_0_excActive__A)
                  20002882    00000002     empty_pem4f.oem4f (.data:xdc_runtime_Error_Module__state__V)

.bss       0    20002888    00001111     UNINITIALIZED
                  20002888    00000800     empty_pem4f.oem4f (.bss:taskStackSection)
                  20003088    00000400     (.common:ti_sysbios_heaps_HeapMem_Instance_State_0_buf__A)
                  20003488    00000360     (.common:ti_sysbios_family_arm_m3_Hwi_dispatchTable)
                  200037e8    00000120     rtsv7M4_T_le_v4SPD16_eabi.lib : trgmsg.obj (.bss:_CIOBUF_)
                  20003908    00000080     (.common:xdc_runtime_SysMin_Module_State_0_outbuf__A)
                  20003988    00000008                                   : trgdrv.obj (.bss:parmbuf)
                  20003990    00000004     (.common:delay)
                  20003994    00000001     (.common:buzzer)
                  20003995    00000001     (.common:led1)
                  20003996    00000001     (.common:led2)
                  20003997    00000001     (.common:led3)
                  20003998    00000001     (.common:led4)

.stack     0    2000399c    00000300     UNINITIALIZED
                  2000399c    00000300     --HOLE--

.bootVecs 
*          0    00000000    00000008     DSECT
                  00000000    00000008     boot.aem4f : boot.oem4f (.bootVecs)

xdc.meta   0    00000000    00000118     COPY SECTION
                  00000000    00000118     empty_pem4f.oem4f (xdc.meta)

MODULE SUMMARY

       Module                     code    ro data   rw data
       ------                     ----    -------   -------
    .\
       empty.obj                  2454    0         8205   
    +--+--------------------------+-------+---------+---------+
       Total:                     2454    0         8205   
                                                           
    C:\Users\Thor\Dropbox\courses\embedded\Experiments\Lab7\empty_EK_TM4C123GXL_TI_TivaTM4C123GH6PM\Debug\configPkg\package\cfg\
       empty_pem4f.oem4f          1446    7586      6216   
    +--+--------------------------+-------+---------+---------+
       Total:                     1446    7586      6216   
                                                           
    C:/ti/tirtos_tivac_2_16_01_14/products/TivaWare_C_Series-2.1.1.71b/driverlib/ccs/Debug/driverlib.lib
       sysctl.obj                 566     108       0      
       gpio.obj                   418     0         0      
       adc.obj                    308     0         0      
       timer.obj                  140     0         0      
    +--+--------------------------+-------+---------+---------+
       Total:                     1432    108       0      
                                                           
    C:\Users\Thor\Dropbox\courses\embedded\Experiments\Lab7\empty_EK_TM4C123GXL_TI_TivaTM4C123GH6PM\src\sysbios\sysbios.aem4f
       BIOS.obj                   10108   0         0      
       m3_Hwi_asm.obj             314     0         0      
       m3_TaskSupport_asm.obj     180     0         0      
       m3_Hwi_asm_switch.obj      118     0         0      
    +--+--------------------------+-------+---------+---------+
       Total:                     10720   0         0      
                                                           
    C:\ti\ccsv6\tools\compiler\ti-cgt-arm_15.12.1.LTS\lib\rtsv7M4_T_le_v4SPD16_eabi.lib
       trgdrv.obj                 804     0         8      
       trgmsg.obj                 104     0         288    
       memcpy_t2.obj              156     0         0      
       memset_t2.obj              122     0         0      
       copy_decompress_rle.obj    112     0         0      
       exit.obj                   84      0         12     
       cpy_tbl.obj                76      0         0      
       u_divt2.obj                64      0         0      
       _lock.obj                  20      0         8      
       args_main.obj              24      0         0      
       strcpy.obj                 20      0         0      
       strlen.obj                 20      0         0      
       copy_decompress_none.obj   14      0         0      
       stkdepth_vars.obj          0       0         4      
       i_div0.obj                 2       0         0      
    +--+--------------------------+-------+---------+---------+
       Total:                     1622    0         320    
                                                           
    C:\ti\tirtos_tivac_2_16_01_14\products\bios_6_45_02_31\packages\ti\catalog\arm\cortexm4\tiva\ce\lib\Boot.aem4f
       Boot_sysctl.oem4f          262     0         0      
       Boot.oem4f                 152     0         0      
    +--+--------------------------+-------+---------+---------+
       Total:                     414     0         0      
                                                           
    C:\ti\tirtos_tivac_2_16_01_14\products\bios_6_45_02_31\packages\ti\targets\arm\rtsarm\lib\auto_init.aem4f
       auto_init.oem4f            160     0         0      
    +--+--------------------------+-------+---------+---------+
       Total:                     160     0         0      
                                                           
    C:\ti\tirtos_tivac_2_16_01_14\products\bios_6_45_02_31\packages\ti\targets\arm\rtsarm\lib\boot.aem4f
       boot.oem4f                 88      0         0      
    +--+--------------------------+-------+---------+---------+
       Total:                     88      0         0      
                                                           
    C:\ti\tirtos_tivac_2_16_01_14\products\bios_6_45_02_31\packages\ti\targets\arm\rtsarm\lib\ti.targets.arm.rtsarm.aem4f
       System.oem4f               1255    0         0      
       Text.oem4f                 672     0         0      
       Error.oem4f                524     0         0      
       Core-mem.oem4f             358     0         0      
       Startup.oem4f              328     0         0      
       SysMin.oem4f               248     0         0      
       Core-smem.oem4f            204     0         0      
       Memory.oem4f               176     0         0      
       Assert.oem4f               84      0         0      
       Core-params.oem4f          70      0         0      
       Core-label.oem4f           52      0         0      
       Registry.oem4f             32      0         0      
       Gate.oem4f                 28      0         0      
    +--+--------------------------+-------+---------+---------+
       Total:                     4031    0         0      
                                                           
       Stack:                     0       0         768    
       Linker Generated:          0       3801      0      
    +--+--------------------------+-------+---------+---------+
       Grand Total:               22367   11495     15509  


LINKER GENERATED COPY TABLES

__TI_cinit_table @ 000084f4 records: 3, size/record: 8, table size: 24
	.data: load addr=00007628, load size=00000ea3 bytes, run addr=20000360, run size=00002524 bytes, compression=rle
	.bss: load addr=000084d0, load size=0000000b bytes, run addr=20002888, run size=00001111 bytes, compression=rle
	.vecs: load addr=000084e0, load size=0000000b bytes, run addr=20000000, run size=00000360 bytes, compression=rle


LINKER GENERATED HANDLER TABLE

__TI_handler_table @ 000084ec records: 2, size/record: 4, table size: 8
	index: 0, handler: __TI_decompress_rle24
	index: 1, handler: __TI_decompress_none


GLOBAL SYMBOLS: SORTED ALPHABETICALLY BY Name 

address   name                                                              
-------   ----                                                              
000057b1  ADCIntClear                                                       
00004dd9  ADCIntStatus                                                      
00005405  ADCProcessorTrigger                                               
00004861  ADCSequenceConfigure                                              
00005211  ADCSequenceDataGet                                                
000056e9  ADCSequenceEnable                                                 
000036a5  ADCSequenceStepConfigure                                          
00007400  ADCsem                                                            
000041fd  C$$EXIT                                                           
00003c87  C$$IO$$                                                           
00007404  GLCDsem                                                           
00004eb9  GPIODirModeSet                                                    
00001edd  GPIOPadConfigSet                                                  
000038f3  GPIOPinRead                                                       
000055b5  GPIOPinTypeADC                                                    
000055c7  GPIOPinTypeGPIOInput                                              
0000541d  GPIOPinTypeGPIOOutput                                             
000055eb  GPIOPinWrite                                                      
00000a93  HOSTclock                                                         
00000a5b  HOSTclose                                                         
00000a1d  HOSTgetenv                                                        
000009c1  HOSTlseek                                                         
0000096f  HOSTopen                                                          
00000923  HOSTread                                                          
000008c5  HOSTrename                                                        
0000088b  HOSTtime                                                          
00000841  HOSTtime64                                                        
00000809  HOSTunlink                                                        
000007bd  HOSTwrite                                                         
UNDEFED   SHT$$INIT_ARRAY$$Base                                             
UNDEFED   SHT$$INIT_ARRAY$$Limit                                            
00007408  SWITCHsem                                                         
00002249  SysCtlClockGet                                                    
0000293d  SysCtlClockSet                                                    
00005713  SysCtlDelay                                                       
00004a81  SysCtlPeripheralEnable                                            
00003df5  TimerConfigure                                                    
000056f7  TimerEnable                                                       
00001315  TimerIntClear                                                     
000057cf  TimerIntEnable                                                    
000055d9  TimerLoadSet                                                      
000073f0  Timer_2A_INT                                                      
00003811  Timer_ISR                                                         
00000000  __ASM__                                                           
200037e8  __CIOBUF_                                                         
00000096  __ISA__                                                           
000000a9  __PLAT__                                                          
20003c9c  __STACK_END                                                       
00000300  __STACK_SIZE                                                      
000000ca  __TARG__                                                          
000084f4  __TI_CINIT_Base                                                   
0000850c  __TI_CINIT_Limit                                                  
000084ec  __TI_Handler_Table_Base                                           
000084f4  __TI_Handler_Table_Limit                                          
00003031  __TI_auto_init                                                    
200027e8  __TI_cleanup_ptr                                                  
00005705  __TI_decompress_none                                              
000057f1  __TI_decompress_rle24                                             
200027ec  __TI_dtors_ptr                                                    
200027f0  __TI_enable_exit_profile_output                                   
ffffffff  __TI_pprof_out_hndl                                               
ffffffff  __TI_prof_data_size                                               
ffffffff  __TI_prof_data_start                                              
00003c8b  __TI_readmsg                                                      
00007628  __TI_static_base__                                                
00003c59  __TI_writemsg                                                     
000000f0  __TRDR__                                                          
000033e7  __aeabi_idiv0                                                     
0000371f  __aeabi_memclr                                                    
0000371f  __aeabi_memclr4                                                   
0000371f  __aeabi_memclr8                                                   
00003171  __aeabi_memcpy                                                    
00003171  __aeabi_memcpy4                                                   
00003171  __aeabi_memcpy8                                                   
00003721  __aeabi_memset                                                    
00003721  __aeabi_memset4                                                   
00003721  __aeabi_memset8                                                   
000047dd  __aeabi_uidiv                                                     
000047dd  __aeabi_uidivmod                                                  
ffffffff  __binit__                                                         
ffffffff  __c_args__                                                        
2000399c  __stack                                                           
00005435  _args_main                                                        
0000414d  _c_int00                                                          
2000280c  _lock                                                             
00005537  _nop                                                              
0000552f  _register_lock                                                    
00005529  _register_unlock                                                  
20002810  _unlock                                                           
00004201  abort                                                             
ffffffff  binit                                                             
20003994  buzzer                                                            
00004399  copy_in                                                           
20003990  delay                                                             
20000360  eight                                                             
00004209  exit                                                              
20000760  five                                                              
20000b60  four                                                              
000040f1  glcd_cleardisplay                                                 
00003b89  glcd_cmd                                                          
00003bf1  glcd_data                                                         
00003799  glcd_init                                                         
000044d5  glcd_setcolumn                                                    
000048a1  glcd_setpage                                                      
20003995  led1                                                              
20003996  led2                                                              
20003997  led3                                                              
20003998  led4                                                              
00001561  main                                                              
20002868  main_func_sp                                                      
00003171  memcpy                                                            
00003727  memset                                                            
20000f60  one                                                               
00005689  osi_TaskDisable                                                   
00005629  osi_start                                                         
00003625  readADC                                                           
000073f4  readADCtask                                                       
000073f8  readSWITCHtask                                                    
00002355  readSwitch                                                        
20001360  seven                                                             
20001760  six                                                               
0000553d  strcpy                                                            
00005551  strlen                                                            
20001b60  three                                                             
00007498  ti_catalog_arm_cortexm4_tiva_ce_Boot_A_mustUseEnhancedClockMode__C
0000749c  ti_catalog_arm_cortexm4_tiva_ce_Boot_Module__diagsEnabled__C      
000074a0  ti_catalog_arm_cortexm4_tiva_ce_Boot_Module__diagsIncluded__C     
000074a4  ti_catalog_arm_cortexm4_tiva_ce_Boot_Module__diagsMask__C         
000071c2  ti_catalog_arm_cortexm4_tiva_ce_Boot_Module__id__C                
00005739  ti_catalog_arm_cortexm4_tiva_ce_Boot_init__I                      
00002459  ti_catalog_arm_cortexm4_tiva_ce_Boot_sysCtlClockSetI__I           
000033e9  ti_catalog_arm_cortexm4_tiva_ce_Boot_sysCtlClockSet__E            
000057f7  ti_catalog_arm_cortexm4_tiva_ce_Boot_sysCtlDelayI__I              
20002778  ti_sysbios_BIOS_Module__state__V                                  
00005369  ti_sysbios_BIOS_RtsGateProxy_Handle__label__S                     
00005015  ti_sysbios_BIOS_RtsGateProxy_Object__delete__S                    
00001775  ti_sysbios_BIOS_RtsGateProxy_enter__E                             
00001975  ti_sysbios_BIOS_RtsGateProxy_leave__E                             
00005839  ti_sysbios_BIOS_RtsGateProxy_query__E                             
00004bc5  ti_sysbios_BIOS_atExitFunc__I                                     
00004f85  ti_sysbios_BIOS_errorRaiseHook__I                                 
00005511  ti_sysbios_BIOS_exitFunc__I                                       
000039d5  ti_sysbios_BIOS_nullFunc__I                                       
00004fa9  ti_sysbios_BIOS_registerRTSLock__I                                
00004fcd  ti_sysbios_BIOS_removeRTSLock__I                                  
000050ed  ti_sysbios_BIOS_rtsLock__I                                        
0000544d  ti_sysbios_BIOS_rtsUnlock__I                                      
00005619  ti_sysbios_BIOS_setThreadType__E                                  
00004ff1  ti_sysbios_BIOS_startFunc__I                                      
00005629  ti_sysbios_BIOS_start__E                                          
200026bc  ti_sysbios_family_arm_lm4_Timer_Module_State_0_device__A          
200027b8  ti_sysbios_family_arm_lm4_Timer_Module_State_0_handles__A         
00005465  ti_sysbios_family_arm_lm4_Timer_Module__startupDone__F            
00005465  ti_sysbios_family_arm_lm4_Timer_Module__startupDone__S            
200027f4  ti_sysbios_family_arm_lm4_Timer_Module__state__V                  
00003d29  ti_sysbios_family_arm_lm4_Timer_Module_startup__E                 
200025d4  ti_sysbios_family_arm_lm4_Timer_Object__table__V                  
000074a8  ti_sysbios_family_arm_lm4_Timer_enableFunc__C                     
00002f89  ti_sysbios_family_arm_lm4_Timer_enableTimers__I                   
00002ed9  ti_sysbios_family_arm_lm4_Timer_enableTiva__I                     
00005749  ti_sysbios_family_arm_lm4_Timer_getMaxTicks__E                    
00003e59  ti_sysbios_family_arm_lm4_Timer_isrStub__E                        
000057d7  ti_sysbios_family_arm_lm4_Timer_masterDisable__I                  
00001aed  ti_sysbios_family_arm_lm4_Timer_masterEnable__I                   
000074ac  ti_sysbios_family_arm_lm4_Timer_numTimerDevices__C                
00002011  ti_sysbios_family_arm_lm4_Timer_start__E                          
000074b0  ti_sysbios_family_arm_lm4_Timer_startupNeeded__C                  
00004821  ti_sysbios_family_arm_lm4_Timer_startup__E                        
00004bf9  ti_sysbios_family_arm_lm4_Timer_stop__E                           
000050a9  ti_sysbios_family_arm_lm4_Timer_write__I                          
000074b4  ti_sysbios_family_arm_m3_Hwi_E_NMI__C                             
000074b8  ti_sysbios_family_arm_m3_Hwi_E_busFault__C                        
000074bc  ti_sysbios_family_arm_m3_Hwi_E_debugMon__C                        
000074c0  ti_sysbios_family_arm_m3_Hwi_E_hardFault__C                       
000074c4  ti_sysbios_family_arm_m3_Hwi_E_memFault__C                        
000074c8  ti_sysbios_family_arm_m3_Hwi_E_noIsr__C                           
000074cc  ti_sysbios_family_arm_m3_Hwi_E_reserved__C                        
000074d0  ti_sysbios_family_arm_m3_Hwi_E_svCall__C                          
000074d4  ti_sysbios_family_arm_m3_Hwi_E_usageFault__C                      
00005335  ti_sysbios_family_arm_m3_Hwi_Handle__label__S                     
20002880  ti_sysbios_family_arm_m3_Hwi_Module_State_0_excActive__A          
2000286c  ti_sysbios_family_arm_m3_Hwi_Module_State_0_excContext__A         
20002870  ti_sysbios_family_arm_m3_Hwi_Module_State_0_excStack__A           
00007608  ti_sysbios_family_arm_m3_Hwi_Module__id__C                        
0000547d  ti_sysbios_family_arm_m3_Hwi_Module__startupDone__F               
0000547d  ti_sysbios_family_arm_m3_Hwi_Module__startupDone__S               
20002688  ti_sysbios_family_arm_m3_Hwi_Module__state__V                     
000042a9  ti_sysbios_family_arm_m3_Hwi_Module_startup__E                    
000074d8  ti_sysbios_family_arm_m3_Hwi_NUM_INTERRUPTS__C                    
000074dc  ti_sysbios_family_arm_m3_Hwi_Object__count__C                     
00005565  ti_sysbios_family_arm_m3_Hwi_Object__get__S                       
200026ec  ti_sysbios_family_arm_m3_Hwi_Object__table__V                     
000074e0  ti_sysbios_family_arm_m3_Hwi_ccr__C                               
00004521  ti_sysbios_family_arm_m3_Hwi_disableInterrupt__E                  
00003d91  ti_sysbios_family_arm_m3_Hwi_dispatchC__I                         
20003488  ti_sysbios_family_arm_m3_Hwi_dispatchTable                        
00002849  ti_sysbios_family_arm_m3_Hwi_dispatch__I                          
000057e1  ti_sysbios_family_arm_m3_Hwi_doSwiRestore__I                      
00005801  ti_sysbios_family_arm_m3_Hwi_doTaskRestore__I                     
00004569  ti_sysbios_family_arm_m3_Hwi_enableInterrupt__E                   
00001979  ti_sysbios_family_arm_m3_Hwi_excBusFault__I                       
00002be9  ti_sysbios_family_arm_m3_Hwi_excDebugMon__I                       
00000041  ti_sysbios_family_arm_m3_Hwi_excDumpRegs__I                       
0000510d  ti_sysbios_family_arm_m3_Hwi_excHandlerAsm__I                     
000074e4  ti_sysbios_family_arm_m3_Hwi_excHandlerFunc__C                    
00001779  ti_sysbios_family_arm_m3_Hwi_excHandlerMax__I                     
00005131  ti_sysbios_family_arm_m3_Hwi_excHandler__I                        
00002ca9  ti_sysbios_family_arm_m3_Hwi_excHardFault__I                      
00007478  ti_sysbios_family_arm_m3_Hwi_excHookFuncs__A                      
000074e8  ti_sysbios_family_arm_m3_Hwi_excHookFuncs__C                      
00001c59  ti_sysbios_family_arm_m3_Hwi_excMemFault__I                       
00004ab9  ti_sysbios_family_arm_m3_Hwi_excNmi__I                            
000049a1  ti_sysbios_family_arm_m3_Hwi_excNoIsr__I                          
000045b1  ti_sysbios_family_arm_m3_Hwi_excReserved__I                       
000048e1  ti_sysbios_family_arm_m3_Hwi_excSvCall__I                         
00001af1  ti_sysbios_family_arm_m3_Hwi_excUsageFault__I                     
00004641  ti_sysbios_family_arm_m3_Hwi_getStackInfo__E                      
00003481  ti_sysbios_family_arm_m3_Hwi_initNVIC__E                          
000041a5  ti_sysbios_family_arm_m3_Hwi_initStacks__E                        
000074ec  ti_sysbios_family_arm_m3_Hwi_nullIsrFunc__C                       
e000e000  ti_sysbios_family_arm_m3_Hwi_nvic                                 
00004f39  ti_sysbios_family_arm_m3_Hwi_pendSV__I                            
000035a1  ti_sysbios_family_arm_m3_Hwi_postInit__I                          
000074f0  ti_sysbios_family_arm_m3_Hwi_priGroup__C                          
20000000  ti_sysbios_family_arm_m3_Hwi_ramVectors                           
00000000  ti_sysbios_family_arm_m3_Hwi_resetVectors                         
[...]
00005719  ti_sysbios_knl_Idle_loop__E                                       
00005729  ti_sysbios_knl_Queue_empty__E                                     
00005739  ti_catalog_arm_cortexm4_tiva_ce_Boot_init__I                      
00005749  ti_sysbios_family_arm_lm4_Timer_getMaxTicks__E                    
00005759  ti_sysbios_family_arm_m3_TaskSupport_checkStack__E                
00005759  ti_sysbios_knl_Task_SupportProxy_checkStack__E                    
00005769  ti_sysbios_gates_GateHwi_enter__E                                 
00005775  ti_sysbios_knl_Queue_Object__get__S                               
00005781  xdc_runtime_Error_init__E                                         
0000578d  xdc_runtime_Gate_enterSystem__E                                   
00005799  xdc_runtime_Memory_calloc__E                                      
000057a5  xdc_runtime_Memory_getMaxDefaultTypeAlign__E                      
000057b1  ADCIntClear                                                       
000057bb  xdc_runtime_Memory_HeapProxy_alloc__E                             
000057c5  xdc_runtime_Memory_HeapProxy_free__E                              
000057cf  TimerIntEnable                                                    
000057d7  ti_sysbios_family_arm_lm4_Timer_masterDisable__I                  
000057e1  ti_sysbios_family_arm_m3_Hwi_doSwiRestore__I                      
000057e9  ti_sysbios_family_arm_m3_Hwi_startup__E                           
000057e9  ti_sysbios_hal_Hwi_HwiProxy_startup__E                            
000057f1  __TI_decompress_rle24                                             
000057f7  ti_catalog_arm_cortexm4_tiva_ce_Boot_sysCtlDelayI__I              
00005801  ti_sysbios_family_arm_m3_Hwi_doTaskRestore__I                     
00005809  ti_sysbios_gates_GateHwi_leave__E                                 
00005811  ti_sysbios_heaps_HeapMem_isBlocking__E                            
00005819  ti_sysbios_knl_Queue_Instance_init__E                             
00005821  ti_sysbios_knl_Swi_startup__E                                     
00005827  xdc_runtime_System_Module_startup__E                              
00005831  ti_sysbios_gates_GateHwi_query__E                                 
00005831  xdc_runtime_Main_Module_GateProxy_query__E                        
00005831  xdc_runtime_System_Module_GateProxy_query__E                      
00005839  ti_sysbios_BIOS_RtsGateProxy_query__E                             
00005839  ti_sysbios_gates_GateMutex_query__E                               
00005839  ti_sysbios_heaps_HeapMem_Module_GateProxy_query__E                
00005841  ti_sysbios_knl_Task_startup__E                                    
00005849  ti_sysbios_gates_GateHwi_Instance_init__E                         
00005851  ti_sysbios_knl_Clock_logTick__E                                   
00005854  xdc_runtime_Text_charTab__A                                       
00007105  xdc_runtime_Error_policy__C                                       
00007106  xdc_runtime_Text_nodeTab__A                                       
000071c2  ti_catalog_arm_cortexm4_tiva_ce_Boot_Module__id__C                
00007278  ti_sysbios_heaps_HeapMem_Module__FXNS__C                          
000072a0  ti_sysbios_gates_GateHwi_Module__FXNS__C                          
000072c4  ti_sysbios_gates_GateMutex_Module__FXNS__C                        
000072e8  ti_sysbios_heaps_HeapMem_Object__PARAMS__C                        
0000730c  ti_sysbios_knl_Semaphore_Object__PARAMS__C                        
00007330  ti_sysbios_gates_GateHwi_Object__DESC__C                          
00007350  ti_sysbios_gates_GateMutex_Object__DESC__C                        
00007370  ti_sysbios_heaps_HeapMem_Object__DESC__C                          
00007390  ti_sysbios_knl_Queue_Object__DESC__C                              
000073b0  ti_sysbios_knl_Semaphore_Object__DESC__C                          
000073d0  xdc_runtime_Startup_sfxnTab__A                                    
000073f0  Timer_2A_INT                                                      
000073f4  readADCtask                                                       
000073f8  readSWITCHtask                                                    
000073fc  updateGLCDtask                                                    
00007400  ADCsem                                                            
00007404  GLCDsem                                                           
00007408  SWITCHsem                                                         
0000740c  ti_sysbios_gates_GateHwi_Object__PARAMS__C                        
00007424  ti_sysbios_gates_GateMutex_Object__PARAMS__C                      
0000743c  ti_sysbios_knl_Queue_Object__PARAMS__C                            
00007454  xdc_runtime_Startup_firstFxns__A                                  
00007468  xdc_runtime_Startup_sfxnRts__A                                    
00007478  ti_sysbios_family_arm_m3_Hwi_excHookFuncs__A                      
00007480  ti_sysbios_knl_Idle_funcList__C                                   
00007488  xdc_runtime_Startup_firstFxns__C                                  
00007490  xdc_runtime_Startup_lastFxns__C                                   
00007498  ti_catalog_arm_cortexm4_tiva_ce_Boot_A_mustUseEnhancedClockMode__C
0000749c  ti_catalog_arm_cortexm4_tiva_ce_Boot_Module__diagsEnabled__C      
000074a0  ti_catalog_arm_cortexm4_tiva_ce_Boot_Module__diagsIncluded__C     
000074a4  ti_catalog_arm_cortexm4_tiva_ce_Boot_Module__diagsMask__C         
000074a8  ti_sysbios_family_arm_lm4_Timer_enableFunc__C                     
000074ac  ti_sysbios_family_arm_lm4_Timer_numTimerDevices__C                
000074b0  ti_sysbios_family_arm_lm4_Timer_startupNeeded__C                  
000074b4  ti_sysbios_family_arm_m3_Hwi_E_NMI__C                             
000074b8  ti_sysbios_family_arm_m3_Hwi_E_busFault__C                        
000074bc  ti_sysbios_family_arm_m3_Hwi_E_debugMon__C                        
000074c0  ti_sysbios_family_arm_m3_Hwi_E_hardFault__C                       
000074c4  ti_sysbios_family_arm_m3_Hwi_E_memFault__C                        
000074c8  ti_sysbios_family_arm_m3_Hwi_E_noIsr__C                           
000074cc  ti_sysbios_family_arm_m3_Hwi_E_reserved__C                        
000074d0  ti_sysbios_family_arm_m3_Hwi_E_svCall__C                          
000074d4  ti_sysbios_family_arm_m3_Hwi_E_usageFault__C                      
000074d8  ti_sysbios_family_arm_m3_Hwi_NUM_INTERRUPTS__C                    
000074dc  ti_sysbios_family_arm_m3_Hwi_Object__count__C                     
000074e0  ti_sysbios_family_arm_m3_Hwi_ccr__C                               
000074e4  ti_sysbios_family_arm_m3_Hwi_excHandlerFunc__C                    
000074e8  ti_sysbios_family_arm_m3_Hwi_excHookFuncs__C                      
000074ec  ti_sysbios_family_arm_m3_Hwi_nullIsrFunc__C                       
000074f0  ti_sysbios_family_arm_m3_Hwi_priGroup__C                          
000074f4  ti_sysbios_gates_GateMutex_A_badContext__C                        
000074f8  ti_sysbios_gates_GateMutex_Instance_State_sem__O                  
000074fc  ti_sysbios_gates_GateMutex_Module__diagsEnabled__C                
00007500  ti_sysbios_gates_GateMutex_Module__diagsIncluded__C               
00007504  ti_sysbios_gates_GateMutex_Module__diagsMask__C                   
00007508  ti_sysbios_hal_Hwi_E_stackOverflow__C                             
0000750c  ti_sysbios_heaps_HeapMem_A_align__C                               
00007510  ti_sysbios_heaps_HeapMem_A_heapSize__C                            
00007514  ti_sysbios_heaps_HeapMem_A_invalidFree__C                         
00007518  ti_sysbios_heaps_HeapMem_A_zeroBlock__C                           
0000751c  ti_sysbios_heaps_HeapMem_E_memory__C                              
00007520  ti_sysbios_heaps_HeapMem_Module__diagsEnabled__C                  
00007524  ti_sysbios_heaps_HeapMem_Module__diagsIncluded__C                 
00007528  ti_sysbios_heaps_HeapMem_Module__diagsMask__C                     
0000752c  ti_sysbios_heaps_HeapMem_Module__gateObj__C                       
00007530  ti_sysbios_heaps_HeapMem_Object__count__C                         
00007534  ti_sysbios_heaps_HeapMem_reqAlign__C                              
00007538  ti_sysbios_knl_Clock_Module_State_clockQ__O                       
0000753c  ti_sysbios_knl_Idle_funcList__A                                   
00007540  ti_sysbios_knl_Semaphore_A_badContext__C                          
00007544  ti_sysbios_knl_Semaphore_A_noEvents__C                            
00007548  ti_sysbios_knl_Semaphore_A_overflow__C                            
0000754c  ti_sysbios_knl_Semaphore_A_pendTaskDisabled__C                    
00007550  ti_sysbios_knl_Semaphore_Instance_State_pendQ__O                  
00007554  ti_sysbios_knl_Semaphore_Module__diagsEnabled__C                  
00007558  ti_sysbios_knl_Semaphore_Module__diagsIncluded__C                 
0000755c  ti_sysbios_knl_Semaphore_Module__diagsMask__C                     
00007560  ti_sysbios_knl_Swi_Object__count__C                               
00007564  ti_sysbios_knl_Task_E_spOutOfBounds__C                            
00007568  ti_sysbios_knl_Task_E_stackOverflow__C                            
0000756c  ti_sysbios_knl_Task_Module_State_inactiveQ__O                     
00007570  ti_sysbios_knl_Task_Object__count__C                              
00007574  ti_sysbios_knl_Task_allBlockedFunc__C                             
00007578  ti_sysbios_knl_Task_numConstructedTasks__C                        
0000757c  xdc_runtime_Assert_E_assertFailed__C                              
00007580  xdc_runtime_Core_A_initializedParams__C                           
00007584  xdc_runtime_Core_Module__diagsEnabled__C                          
00007588  xdc_runtime_Core_Module__diagsIncluded__C                         
0000758c  xdc_runtime_Core_Module__diagsMask__C                             
00007590  xdc_runtime_Error_E_memory__C                                     
00007594  xdc_runtime_Error_Module__diagsEnabled__C                         
00007598  xdc_runtime_Error_Module__diagsIncluded__C                        
0000759c  xdc_runtime_Error_Module__diagsMask__C                            
000075a0  xdc_runtime_Error_Module__loggerFxn8__C                           
000075a4  xdc_runtime_Error_Module__loggerObj__C                            
000075a8  xdc_runtime_Error_policyFxn__C                                    
000075ac  xdc_runtime_Error_raiseHook__C                                    
000075b0  xdc_runtime_IGateProvider_Interface__BASE__C                      
000075b4  xdc_runtime_IHeap_Interface__BASE__C                              
000075b8  xdc_runtime_IModule_Interface__BASE__C                            
000075bc  xdc_runtime_Log_L_error__C                                        
000075c0  xdc_runtime_Memory_defaultHeapInstance__C                         
000075c4  xdc_runtime_Startup_execImpl__C                                   
000075c8  xdc_runtime_Startup_maxPasses__C                                  
000075cc  xdc_runtime_Startup_sfxnRts__C                                    
000075d0  xdc_runtime_Startup_sfxnTab__C                                    
000075d4  xdc_runtime_SysMin_bufSize__C                                     
000075d8  xdc_runtime_SysMin_outputFunc__C                                  
000075dc  xdc_runtime_System_Module__gateObj__C                             
000075e0  xdc_runtime_System_abortFxn__C                                    
000075e4  xdc_runtime_System_exitFxn__C                                     
000075e8  xdc_runtime_System_extendFxn__C                                   
000075ec  xdc_runtime_System_maxAtexitHandlers__C                           
000075f0  xdc_runtime_Text_charTab__C                                       
000075f4  xdc_runtime_Text_nameEmpty__C                                     
000075f8  xdc_runtime_Text_nameStatic__C                                    
000075fc  xdc_runtime_Text_nameUnknown__C                                   
00007600  xdc_runtime_Text_nodeTab__C                                       
00007604  xdc_runtime_Text_visitRopeFxn__C                                  
00007608  ti_sysbios_family_arm_m3_Hwi_Module__id__C                        
0000760a  ti_sysbios_gates_GateMutex_Module__id__C                          
0000760c  ti_sysbios_hal_Hwi_Module__id__C                                  
0000760e  ti_sysbios_heaps_HeapMem_Module__id__C                            
00007610  ti_sysbios_knl_Semaphore_Module__id__C                            
00007612  ti_sysbios_knl_Task_Module__id__C                                 
00007614  xdc_runtime_Core_Module__id__C                                    
00007616  xdc_runtime_Error_Module__loggerDefined__C                        
00007618  xdc_runtime_Error_maxDepth__C                                     
0000761a  xdc_runtime_Memory_Module__id__C                                  
0000761c  xdc_runtime_SysMin_flushAtExit__C                                 
0000761e  xdc_runtime_Text_charCnt__C                                       
00007620  xdc_runtime_Text_isLoaded__C                                      
00007622  xdc_runtime_Text_registryModsLastId__C                            
00007624  xdc_runtime_Text_unnamedModsLastId__C                             
00007628  __TI_static_base__                                                
000084ec  __TI_Handler_Table_Base                                           
000084f4  __TI_CINIT_Base                                                   
000084f4  __TI_Handler_Table_Limit                                          
0000850c  __TI_CINIT_Limit                                                  
20000000  ti_sysbios_family_arm_m3_Hwi_ramVectors                           
20000360  eight                                                             
20000760  five                                                              
20000b60  four                                                              
20000f60  one                                                               
20001360  seven                                                             
20001760  six                                                               
20001b60  three                                                             
20001f60  two                                                               
20002360  ti_sysbios_knl_Task_Object__table__V                              
20002490  ti_sysbios_knl_Swi_Module_State_0_readyQ__A                       
20002510  ti_sysbios_knl_Task_Module_State_0_readyQ__A                      
20002590  ti_sysbios_knl_Task_Module__state__V                              
200025d4  ti_sysbios_family_arm_lm4_Timer_Object__table__V                  
20002614  ti_sysbios_knl_Semaphore_Object__table__V                         
20002650  ti_sysbios_gates_GateMutex_Object__table__V                       
20002688  ti_sysbios_family_arm_m3_Hwi_Module__state__V                     
200026bc  ti_sysbios_family_arm_lm4_Timer_Module_State_0_device__A          
200026ec  ti_sysbios_family_arm_m3_Hwi_Object__table__V                     
2000271c  ti_sysbios_knl_Swi_Object__table__V                               
2000274c  ti_sysbios_knl_Clock_Module__state__V                             
20002778  ti_sysbios_BIOS_Module__state__V                                  
2000279c  ti_sysbios_knl_Swi_Module__state__V                               
200027b8  ti_sysbios_family_arm_lm4_Timer_Module_State_0_handles__A         
200027d0  ti_sysbios_heaps_HeapMem_Object__table__V                         
200027e8  __TI_cleanup_ptr                                                  
200027ec  __TI_dtors_ptr                                                    
200027f0  __TI_enable_exit_profile_output                                   
200027f4  ti_sysbios_family_arm_lm4_Timer_Module__state__V                  
20002800  xdc_runtime_SysMin_Module__state__V                               
2000280c  _lock                                                             
20002810  _unlock                                                           
20002814  ti_sysbios_gates_GateHwi_Module__root__V                          
2000281c  ti_sysbios_gates_GateMutex_Module__root__V                        
20002824  ti_sysbios_hal_Hwi_Object__table__V                               
2000282c  ti_sysbios_heaps_HeapMem_Module__root__V                          
20002834  ti_sysbios_knl_Queue_Module__root__V                              
2000283c  ti_sysbios_knl_Semaphore_Module__root__V                          
20002844  xdc_runtime_Registry_Module__state__V                             
2000284c  xdc_runtime_Startup_Module__state__V                              
20002854  xdc_runtime_System_Module_State_0_atexitHandlers__A               
2000285c  xdc_runtime_System_Module__state__V                               
20002864  tickCount                                                         
20002868  main_func_sp                                                      
2000286c  ti_sysbios_family_arm_m3_Hwi_Module_State_0_excContext__A         
20002870  ti_sysbios_family_arm_m3_Hwi_Module_State_0_excStack__A           
20002874  ti_sysbios_gates_GateHwi_Object__table__V                         
20002878  ti_sysbios_knl_Task_Module_State_0_idleTask__A                    
2000287c  xdc_runtime_Memory_Module__state__V                               
20002880  ti_sysbios_family_arm_m3_Hwi_Module_State_0_excActive__A          
20002882  xdc_runtime_Error_Module__state__V                                
20002888  ti_sysbios_knl_Task_Instance_State_0_stack__A                     
20002a88  ti_sysbios_knl_Task_Instance_State_1_stack__A                     
20002c88  ti_sysbios_knl_Task_Instance_State_2_stack__A                     
20002e88  ti_sysbios_knl_Task_Instance_State_3_stack__A                     
20003088  ti_sysbios_heaps_HeapMem_Instance_State_0_buf__A                  
20003488  ti_sysbios_family_arm_m3_Hwi_dispatchTable                        
200037e8  __CIOBUF_                                                         
20003908  xdc_runtime_SysMin_Module_State_0_outbuf__A                       
20003990  delay                                                             
20003994  buzzer                                                            
20003995  led1                                                              
20003996  led2                                                              
20003997  led3                                                              
20003998  led4                                                              
2000399c  __stack                                                           
20003c9c  __STACK_END                                                       
e000e000  ti_sysbios_family_arm_m3_Hwi_nvic                                 
ffffffff  __TI_pprof_out_hndl                                               
ffffffff  __TI_prof_data_size                                               
ffffffff  __TI_prof_data_start                                              
ffffffff  __binit__                                                         
ffffffff  __c_args__                                                        
ffffffff  binit                                                             
UNDEFED   SHT$$INIT_ARRAY$$Base                                             
UNDEFED   SHT$$INIT_ARRAY$$Limit                                            

[551 symbols]
