******************************************************************************
                  TI ARM Linker Unix v5.2.5                    
******************************************************************************
>> Linked Wed Aug 31 17:23:37 2016

OUTPUT FILE NAME:   <Lab4.out>
ENTRY POINT SYMBOL: "_c_int00"  address: 00000c19


MEMORY CONFIGURATION

         name            origin    length      used     unused   attr    fill
----------------------  --------  ---------  --------  --------  ----  --------
  FLASH                 00000000   00040000  00001170  0003ee90  R  X
  SRAM                  20000000   00008000  00000214  00007dec  RW X


SEGMENT ALLOCATION MAP

run origin  load origin   length   init length attrs members
----------  ----------- ---------- ----------- ----- -------
00000000    00000000    00001170   00001170    r-x
  00000000    00000000    0000026c   0000026c    r-- .intvecs
  0000026c    0000026c    00000d78   00000d78    r-x .text
  00000fe4    00000fe4    0000016c   0000016c    r-- .const
  00001150    00001150    00000020   00000020    r-- .cinit
20000000    20000000    00000214   00000000    rw-
  20000000    20000000    00000200   00000000    rw- .stack
  20000200    20000200    00000014   00000000    rw- .data


SECTION ALLOCATION MAP

 output                                  attributes/
section   page    origin      length       input sections
--------  ----  ----------  ----------   ----------------
.intvecs   0    00000000    0000026c     
                  00000000    0000026c     tm4c123gh6pm_startup_ccs.obj (.intvecs)

.text      0    0000026c    00000d78     
                  0000026c    000003a4     main.obj (.text)
                  00000610    00000132     driverlib.lib : gpio.obj (.text:GPIOPadConfigSet)
                  00000742    00000002     --HOLE-- [fill = 0]
                  00000744    00000110                   : sysctl.obj (.text:SysCtlClockGet)
                  00000854    000000f4                   : sysctl.obj (.text:SysCtlClockSet)
                  00000948    0000009c     rtsv7M4_T_le_v4SPD16_eabi.lib : memcpy_t2.obj (.text)
                  000009e4    0000007a     driverlib.lib : adc.obj (.text:ADCSequenceStepConfigure)
                  00000a5e    0000007a     rtsv7M4_T_le_v4SPD16_eabi.lib : memset_t2.obj (.text)
                  00000ad8    0000006c                                   : autoinit.obj (.text)
                  00000b44    0000006a                                   : copy_decompress_rle.obj (.text)
                  00000bae    00000002     --HOLE-- [fill = 0]
                  00000bb0    00000068     driverlib.lib : interrupt.obj (.text:IntEnable)
                  00000c18    00000050     rtsv7M4_T_le_v4SPD16_eabi.lib : boot.obj (.text)
                  00000c68    0000004c                                   : cpy_tbl.obj (.text)
                  00000cb4    00000048     driverlib.lib : gpio.obj (.text:GPIOPinConfigure)
                  00000cfc    00000046                   : uart.obj (.text:UARTConfigSetExpClk)
                  00000d42    00000002     --HOLE-- [fill = 0]
                  00000d44    00000044     rtsv7M4_T_le_v4SPD16_eabi.lib : exit.obj (.text)
                  00000d88    0000003e     driverlib.lib : adc.obj (.text:ADCSequenceConfigure)
                  00000dc6    00000002     --HOLE-- [fill = 0]
                  00000dc8    00000034                   : sysctl.obj (.text:SysCtlPeripheralEnable)
                  00000dfc    0000002e                   : adc.obj (.text:ADCIntStatus)
                  00000e2a    0000002a                   : gpio.obj (.text:GPIODirModeSet)
                  00000e54    00000020                   : uart.obj (.text:UARTDisable)
                  00000e74    0000001e                   : adc.obj (.text:ADCSequenceDataGet)
                  00000e92    00000018                   : adc.obj (.text:ADCProcessorTrigger)
                  00000eaa    00000018                   : gpio.obj (.text:GPIOPinTypeGPIOOutput)
                  00000ec2    00000002     --HOLE-- [fill = 0]
                  00000ec4    00000018     rtsv7M4_T_le_v4SPD16_eabi.lib : args_main.obj (.text)
                  00000edc    00000014     driverlib.lib : uart.obj (.text:UARTEnable)
                  00000ef0    00000014     rtsv7M4_T_le_v4SPD16_eabi.lib : _lock.obj (.text)
                  00000f04    00000012     driverlib.lib : gpio.obj (.text:GPIOPinTypeADC)
                  00000f16    00000012                   : gpio.obj (.text:GPIOPinTypeUART)
                  00000f28    00000010                   : interrupt.obj (.text:IntMasterEnable)
                  00000f38    0000000e                   : adc.obj (.text:ADCHardwareOversampleConfigure)
                  00000f46    0000000e                   : adc.obj (.text:ADCSequenceEnable)
                  00000f54    0000000e                   : uart.obj (.text:UARTCharGetNonBlocking)
                  00000f62    0000000e                   : uart.obj (.text:UARTCharPutNonBlocking)
                  00000f70    0000000e                   : uart.obj (.text:UARTCharsAvail)
                  00000f7e    0000000e     rtsv7M4_T_le_v4SPD16_eabi.lib : copy_decompress_none.obj (.text:decompress:none)
                  00000f8c    0000000c     driverlib.lib : cpu.obj (.text:CPUcpsie)
                  00000f98    0000000c     tm4c123gh6pm_startup_ccs.obj (.text)
                  00000fa4    0000000a     driverlib.lib : adc.obj (.text:ADCIntClear)
                  00000fae    0000000a                   : uart.obj (.text:UARTCharPut)
                  00000fb8    0000000a                   : uart.obj (.text:UARTIntStatus)
                  00000fc2    00000008                   : uart.obj (.text:UARTIntEnable)
                  00000fca    00000006                   : gpio.obj (.text:GPIOPinWrite)
                  00000fd0    00000006                   : sysctl.obj (.text:SysCtlDelay)
                  00000fd6    00000006     rtsv7M4_T_le_v4SPD16_eabi.lib : copy_decompress_rle.obj (.text:decompress:rle24)
                  00000fdc    00000004     driverlib.lib : uart.obj (.text:UARTIntClear)
                  00000fe0    00000004     rtsv7M4_T_le_v4SPD16_eabi.lib : pre_init.obj (.text)

.const     0    00000fe4    0000016c     
                  00000fe4    00000090     driverlib.lib : gpio.obj (.const:g_pui32GPIOBaseAddrs)
                  00001074    00000070                   : interrupt.obj (.const)
                  000010e4    0000006c                   : sysctl.obj (.const:g_pui32Xtals)

.cinit     0    00001150    00000020     
                  00001150    0000000f     (.cinit..data.load) [load image, compression = rle]
                  0000115f    00000001     --HOLE-- [fill = 0]
                  00001160    00000008     (__TI_handler_table)
                  00001168    00000008     (__TI_cinit_table)

.init_array 
*          0    00000000    00000000     UNINITIALIZED

.data      0    20000200    00000014     UNINITIALIZED
                  20000200    00000008     rtsv7M4_T_le_v4SPD16_eabi.lib : _lock.obj (.data)
                  20000208    00000008                                   : exit.obj (.data)
                  20000210    00000004                                   : stkdepth_vars.obj (.data)

.stack     0    20000000    00000200     UNINITIALIZED
                  20000000    00000200     --HOLE--

.TI.persistent 
*          0    20000200    00000000     UNINITIALIZED


LINKER GENERATED COPY TABLES

__TI_cinit_table @ 00001168 records: 1, size/record: 8, table size: 8
	.data: load addr=00001150, load size=0000000f bytes, run addr=20000200, run size=00000014 bytes, compression=rle


LINKER GENERATED HANDLER TABLE

__TI_handler_table @ 00001160 records: 2, size/record: 4, table size: 8
	index: 0, handler: __TI_decompress_rle24
	index: 1, handler: __TI_decompress_none


GLOBAL SYMBOLS: SORTED ALPHABETICALLY BY Name 

address   name                          
-------   ----                          
00000f39  ADCHardwareOversampleConfigure
00000fa5  ADCIntClear                   
00000dfd  ADCIntStatus                  
00000e93  ADCProcessorTrigger           
00000d89  ADCSequenceConfigure          
00000e75  ADCSequenceDataGet            
00000f47  ADCSequenceEnable             
000009e5  ADCSequenceStepConfigure      
00000d45  C$$EXIT                       
00000f8d  CPUcpsie                      
00000e2b  GPIODirModeSet                
00000611  GPIOPadConfigSet              
00000cb5  GPIOPinConfigure              
00000f05  GPIOPinTypeADC                
00000eab  GPIOPinTypeGPIOOutput         
00000f17  GPIOPinTypeUART               
00000fcb  GPIOPinWrite                  
00000bb1  IntEnable                     
00000f29  IntMasterEnable               
00000f99  ResetISR                      
UNDEFED   SHT$$INIT_ARRAY$$Base         
UNDEFED   SHT$$INIT_ARRAY$$Limit        
00000745  SysCtlClockGet                
00000855  SysCtlClockSet                
00000fd1  SysCtlDelay                   
00000dc9  SysCtlPeripheralEnable        
00000f55  UARTCharGetNonBlocking        
00000faf  UARTCharPut                   
00000f63  UARTCharPutNonBlocking        
00000f71  UARTCharsAvail                
00000cfd  UARTConfigSetExpClk           
00000e55  UARTDisable                   
000002c1  UARTEchoString                
00000edd  UARTEnable                    
00000fdd  UARTIntClear                  
00000fc3  UARTIntEnable                 
0000026d  UARTIntHandler                
00000fb9  UARTIntStatus                 
20000200  __STACK_END                   
00000200  __STACK_SIZE                  
20000200  __STACK_TOP                   
00001168  __TI_CINIT_Base               
00001170  __TI_CINIT_Limit              
00001160  __TI_Handler_Table_Base       
00001168  __TI_Handler_Table_Limit      
00000ad9  __TI_auto_init                
20000208  __TI_cleanup_ptr              
00000f7f  __TI_decompress_none          
00000fd7  __TI_decompress_rle24         
2000020c  __TI_dtors_ptr                
00000000  __TI_static_base__            
00000a5f  __aeabi_memclr                
00000a5f  __aeabi_memclr4               
00000a5f  __aeabi_memclr8               
00000949  __aeabi_memcpy                
00000949  __aeabi_memcpy4               
00000949  __aeabi_memcpy8               
00000a61  __aeabi_memset                
00000a61  __aeabi_memset4               
00000a61  __aeabi_memset8               
ffffffff  __binit__                     
ffffffff  __c_args__                    
20000000  __stack                       
00000ec5  _args_main                    
00000c19  _c_int00                      
20000200  _lock                         
00000eff  _nop                          
00000ef7  _register_lock                
00000ef1  _register_unlock              
00000fe1  _system_pre_init              
20000204  _unlock                       
00000d49  abort                         
ffffffff  binit                         
00000c69  copy_in                       
00000d51  exit                          
00000000  g_pfnVectors                  
000002ed  itoa                          
0000038d  main                          
20000210  main_func_sp                  
00000949  memcpy                        
00000a67  memset                        


GLOBAL SYMBOLS: SORTED BY Symbol Address 

address   name                          
-------   ----                          
00000000  __TI_static_base__            
00000000  g_pfnVectors                  
00000200  __STACK_SIZE                  
0000026d  UARTIntHandler                
000002c1  UARTEchoString                
000002ed  itoa                          
0000038d  main                          
00000611  GPIOPadConfigSet              
00000745  SysCtlClockGet                
00000855  SysCtlClockSet                
00000949  __aeabi_memcpy                
00000949  __aeabi_memcpy4               
00000949  __aeabi_memcpy8               
00000949  memcpy                        
000009e5  ADCSequenceStepConfigure      
00000a5f  __aeabi_memclr                
00000a5f  __aeabi_memclr4               
00000a5f  __aeabi_memclr8               
00000a61  __aeabi_memset                
00000a61  __aeabi_memset4               
00000a61  __aeabi_memset8               
00000a67  memset                        
00000ad9  __TI_auto_init                
00000bb1  IntEnable                     
00000c19  _c_int00                      
00000c69  copy_in                       
00000cb5  GPIOPinConfigure              
00000cfd  UARTConfigSetExpClk           
00000d45  C$$EXIT                       
00000d49  abort                         
00000d51  exit                          
00000d89  ADCSequenceConfigure          
00000dc9  SysCtlPeripheralEnable        
00000dfd  ADCIntStatus                  
00000e2b  GPIODirModeSet                
00000e55  UARTDisable                   
00000e75  ADCSequenceDataGet            
00000e93  ADCProcessorTrigger           
00000eab  GPIOPinTypeGPIOOutput         
00000ec5  _args_main                    
00000edd  UARTEnable                    
00000ef1  _register_unlock              
00000ef7  _register_lock                
00000eff  _nop                          
00000f05  GPIOPinTypeADC                
00000f17  GPIOPinTypeUART               
00000f29  IntMasterEnable               
00000f39  ADCHardwareOversampleConfigure
00000f47  ADCSequenceEnable             
00000f55  UARTCharGetNonBlocking        
00000f63  UARTCharPutNonBlocking        
00000f71  UARTCharsAvail                
00000f7f  __TI_decompress_none          
00000f8d  CPUcpsie                      
00000f99  ResetISR                      
00000fa5  ADCIntClear                   
00000faf  UARTCharPut                   
00000fb9  UARTIntStatus                 
00000fc3  UARTIntEnable                 
00000fcb  GPIOPinWrite                  
00000fd1  SysCtlDelay                   
00000fd7  __TI_decompress_rle24         
00000fdd  UARTIntClear                  
00000fe1  _system_pre_init              
00001160  __TI_Handler_Table_Base       
00001168  __TI_CINIT_Base               
00001168  __TI_Handler_Table_Limit      
00001170  __TI_CINIT_Limit              
20000000  __stack                       
20000200  __STACK_END                   
20000200  __STACK_TOP                   
20000200  _lock                         
20000204  _unlock                       
20000208  __TI_cleanup_ptr              
2000020c  __TI_dtors_ptr                
20000210  main_func_sp                  
ffffffff  __binit__                     
ffffffff  __c_args__                    
ffffffff  binit                         
UNDEFED   SHT$$INIT_ARRAY$$Base         
UNDEFED   SHT$$INIT_ARRAY$$Limit        

[81 symbols]
